Component: ARM Compiler 5.06 update 6 (build 750) Tool: armlink [4d35ed]

==============================================================================

Section Cross References

    startup_stm32f407xx.o(STACK) refers (Special) to heapauxi.o(.text) for __use_two_region_memory
    startup_stm32f407xx.o(HEAP) refers (Special) to heapauxi.o(.text) for __use_two_region_memory
    startup_stm32f407xx.o(RESET) refers (Special) to heapauxi.o(.text) for __use_two_region_memory
    startup_stm32f407xx.o(RESET) refers to startup_stm32f407xx.o(STACK) for __initial_sp
    startup_stm32f407xx.o(RESET) refers to startup_stm32f407xx.o(.text) for Reset_Handler
    startup_stm32f407xx.o(RESET) refers to stm32f4xx_it.o(i.NMI_Handler) for NMI_Handler
    startup_stm32f407xx.o(RESET) refers to stm32f4xx_it.o(i.HardFault_Handler) for HardFault_Handler
    startup_stm32f407xx.o(RESET) refers to stm32f4xx_it.o(i.MemManage_Handler) for MemManage_Handler
    startup_stm32f407xx.o(RESET) refers to stm32f4xx_it.o(i.BusFault_Handler) for BusFault_Handler
    startup_stm32f407xx.o(RESET) refers to stm32f4xx_it.o(i.UsageFault_Handler) for UsageFault_Handler
    startup_stm32f407xx.o(RESET) refers to stm32f4xx_it.o(i.SVC_Handler) for SVC_Handler
    startup_stm32f407xx.o(RESET) refers to stm32f4xx_it.o(i.DebugMon_Handler) for DebugMon_Handler
    startup_stm32f407xx.o(RESET) refers to stm32f4xx_it.o(i.PendSV_Handler) for PendSV_Handler
    startup_stm32f407xx.o(RESET) refers to stm32f4xx_it.o(i.SysTick_Handler) for SysTick_Handler
    startup_stm32f407xx.o(RESET) refers to stm32f4xx_it.o(i.USART1_IRQHandler) for USART1_IRQHandler
    startup_stm32f407xx.o(RESET) refers to stm32f4xx_it.o(i.DMA2_Stream0_IRQHandler) for DMA2_Stream0_IRQHandler
    startup_stm32f407xx.o(.text) refers (Special) to heapauxi.o(.text) for __use_two_region_memory
    startup_stm32f407xx.o(.text) refers to system_stm32f4xx.o(i.SystemInit) for SystemInit
    startup_stm32f407xx.o(.text) refers to __main.o(!!!main) for __main
    startup_stm32f407xx.o(.text) refers to startup_stm32f407xx.o(HEAP) for Heap_Mem
    startup_stm32f407xx.o(.text) refers to startup_stm32f407xx.o(STACK) for Stack_Mem
    network.o(i.ai_network_create) refers to ai_platform_interface.o(i.ai_platform_network_create) for ai_platform_network_create
    network.o(i.ai_network_create) refers to network.o(.data) for .data
    network.o(i.ai_network_create_and_init) refers to network.o(i.ai_network_create) for ai_network_create
    network.o(i.ai_network_create_and_init) refers to network_data.o(i.ai_network_data_params_get) for ai_network_data_params_get
    network.o(i.ai_network_create_and_init) refers to network.o(i.ai_network_get_error) for ai_network_get_error
    network.o(i.ai_network_create_and_init) refers to ai_platform.o(i.ai_buffer_array_item_set_address) for ai_buffer_array_item_set_address
    network.o(i.ai_network_create_and_init) refers to network.o(i.ai_network_init) for ai_network_init
    network.o(i.ai_network_destroy) refers to ai_platform_interface.o(i.ai_platform_network_destroy) for ai_platform_network_destroy
    network.o(i.ai_network_forward) refers to ai_platform_interface.o(i.ai_platform_network_process) for ai_platform_network_process
    network.o(i.ai_network_get_error) refers to ai_platform_interface.o(i.ai_platform_network_get_error) for ai_platform_network_get_error
    network.o(i.ai_network_get_info) refers to ai_platform_interface.o(i.ai_platform_context_acquire) for ai_platform_context_acquire
    network.o(i.ai_network_get_info) refers to rt_memcpy_w.o(.text) for __aeabi_memcpy4
    network.o(i.ai_network_get_info) refers to ai_platform_interface.o(i.ai_platform_runtime_get_revision) for ai_platform_runtime_get_revision
    network.o(i.ai_network_get_info) refers to ai_platform_interface.o(i.ai_platform_runtime_get_version) for ai_platform_runtime_get_version
    network.o(i.ai_network_get_info) refers to ai_platform_interface.o(i.ai_platform_api_get_version) for ai_platform_api_get_version
    network.o(i.ai_network_get_info) refers to ai_platform_interface.o(i.ai_platform_interface_api_get_version) for ai_platform_interface_api_get_version
    network.o(i.ai_network_get_info) refers to ai_platform_interface.o(i.ai_platform_api_get_network_report) for ai_platform_api_get_network_report
    network.o(i.ai_network_get_info) refers to network.o(.constdata) for .constdata
    network.o(i.ai_network_get_report) refers to ai_platform_interface.o(i.ai_platform_context_acquire) for ai_platform_context_acquire
    network.o(i.ai_network_get_report) refers to rt_memcpy_w.o(.text) for __aeabi_memcpy4
    network.o(i.ai_network_get_report) refers to ai_platform_interface.o(i.ai_platform_runtime_get_revision) for ai_platform_runtime_get_revision
    network.o(i.ai_network_get_report) refers to ai_platform_interface.o(i.ai_platform_runtime_get_version) for ai_platform_runtime_get_version
[...]
    LCD_RD_DATA                              0x0800637d   Thumb Code    20  lcd.o(i.LCD_RD_DATA)
    LCD_SSD_BackLightSet                     0x08006391   Thumb Code    72  lcd.o(i.LCD_SSD_BackLightSet)
    LCD_Scan_Dir                             0x080063e1   Thumb Code   380  lcd.o(i.LCD_Scan_Dir)
    LCD_SetCursor                            0x08006561   Thumb Code   238  lcd.o(i.LCD_SetCursor)
    LCD_ShowChar                             0x08006655   Thumb Code   204  lcd.o(i.LCD_ShowChar)
    LCD_ShowString                           0x08006739   Thumb Code    84  lcd.o(i.LCD_ShowString)
    LCD_ShowxNum                             0x0800678d   Thumb Code   134  lcd.o(i.LCD_ShowxNum)
    LCD_WR_DATA                              0x08006813   Thumb Code    24  lcd.o(i.LCD_WR_DATA)
    LCD_WR_REG                               0x0800682b   Thumb Code    24  lcd.o(i.LCD_WR_REG)
    LCD_WriteRAM_Prepare                     0x08006845   Thumb Code    14  lcd.o(i.LCD_WriteRAM_Prepare)
    LCD_WriteReg                             0x08006859   Thumb Code    12  lcd.o(i.LCD_WriteReg)
    MX_ADC1_Init                             0x08006865   Thumb Code   312  adc.o(i.MX_ADC1_Init)
    MX_CRC_Init                              0x080069a9   Thumb Code    28  crc.o(i.MX_CRC_Init)
    MX_DMA_Init                              0x080069cd   Thumb Code    40  dma.o(i.MX_DMA_Init)
    MX_FSMC_Init                             0x080069f9   Thumb Code   130  fsmc.o(i.MX_FSMC_Init)
    MX_GPIO_Init                             0x08006a85   Thumb Code   166  gpio.o(i.MX_GPIO_Init)
    MX_USART1_UART_Init                      0x08006b35   Thumb Code    48  usart.o(i.MX_USART1_UART_Init)
    MX_X_CUBE_AI_Init                        0x08006b6d   Thumb Code    14  app_x-cube-ai.o(i.MX_X_CUBE_AI_Init)
    MemManage_Handler                        0x08006b7b   Thumb Code     2  stm32f4xx_it.o(i.MemManage_Handler)
    NMI_Handler                              0x08006b7d   Thumb Code     2  stm32f4xx_it.o(i.NMI_Handler)
    PendSV_Handler                           0x08006b7f   Thumb Code     2  stm32f4xx_it.o(i.PendSV_Handler)
    SVC_Handler                              0x08006b81   Thumb Code     2  stm32f4xx_it.o(i.SVC_Handler)
    SysTick_Handler                          0x08006b83   Thumb Code     4  stm32f4xx_it.o(i.SysTick_Handler)
    SystemClock_Config                       0x08006b89   Thumb Code   138  main.o(i.SystemClock_Config)
    SystemInit                               0x08006c1d   Thumb Code    12  system_stm32f4xx.o(i.SystemInit)
    USART1_IRQHandler                        0x08006ed1   Thumb Code     6  stm32f4xx_it.o(i.USART1_IRQHandler)
    UsageFault_Handler                       0x08006edd   Thumb Code     2  stm32f4xx_it.o(i.UsageFault_Handler)
    __ARM_fpclassify                         0x08006edf   Thumb Code    48  fpclassify.o(i.__ARM_fpclassify)
    _ai_platform_acquire_crc                 0x0800724f   Thumb Code     4  ai_platform_interface.o(i._ai_platform_acquire_crc)
    _ai_platform_release_crc                 0x08007335   Thumb Code     2  ai_platform_interface.o(i._ai_platform_release_crc)
    _is_digit                                0x0800741d   Thumb Code    14  __printf_wp.o(i._is_digit)
    _sys_close                               0x0800786d   Thumb Code    24  syscalls.o(i._sys_close)
    _sys_flen                                0x08007885   Thumb Code     4  syscalls.o(i._sys_flen)
    _sys_istty                               0x08007889   Thumb Code    24  syscalls.o(i._sys_istty)
    _sys_open                                0x080078a1   Thumb Code    64  syscalls.o(i._sys_open)
    _sys_seek                                0x080078f9   Thumb Code     6  syscalls.o(i._sys_seek)
    _sys_write                               0x080078ff   Thumb Code    24  syscalls.o(i._sys_write)
    acquire_and_process_data                 0x08007c01   Thumb Code    60  main.o(i.acquire_and_process_data)
    aiInit                                   0x08007c4d   Thumb Code   208  main.o(i.aiInit)
    aiPrintBufInfo                           0x08007d99   Thumb Code    42  main.o(i.aiPrintBufInfo)
    aiPrintDataInfo                          0x08007df1   Thumb Code    64  main.o(i.aiPrintDataInfo)
    aiPrintDataType                          0x08007e51   Thumb Code    48  main.o(i.aiPrintDataType)
    aiPrintNetworkInfo                       0x08007ea5   Thumb Code   224  main.o(i.aiPrintNetworkInfo)
    aiRun                                    0x080080d1   Thumb Code    44  main.o(i.aiRun)
    aiValidationInit                         0x08008125   Thumb Code    42  aivalidation.o(i.aiValidationInit)
    ai_array_get_byte_size                   0x0800817d   Thumb Code    54  ai_datatypes_format.o(i.ai_array_get_byte_size)
    ai_array_get_data_byte_size              0x080081b3   Thumb Code    30  ai_datatypes_format.o(i.ai_array_get_data_byte_size)
    ai_array_to_buffer_fmt                   0x080081d1   Thumb Code   242  ai_datatypes_format.o(i.ai_array_to_buffer_fmt)
    ai_buffer_array_item_set_address         0x080082f9   Thumb Code    36  ai_platform.o(i.ai_buffer_array_item_set_address)
    ai_buffer_array_sane                     0x0800831d   Thumb Code    18  ai_platform.o(i.ai_buffer_array_sane)
    ai_buffer_get_byte_size                  0x0800832f   Thumb Code    16  ai_platform.o(i.ai_buffer_get_byte_size)
    ai_buffer_get_size                       0x08008341   Thumb Code    96  ai_platform.o(i.ai_buffer_get_size)
    ai_check_custom_types                    0x080083a9   Thumb Code    38  layers.o(i.ai_check_custom_types)
    ai_conv2d_kernel_simple_opt_f32          0x080083d5   Thumb Code   386  forward_lite_conv2d_if32of32wf32.o(i.ai_conv2d_kernel_simple_opt_f32)
    ai_dict_decompress_f32                   0x08008557   Thumb Code   122  layers_conv2d_generic_float.o(i.ai_dict_decompress_f32)
    ai_layers_forward_all                    0x080085d1   Thumb Code    80  layers.o(i.ai_layers_forward_all)
    ai_layers_init_all                       0x08008621   Thumb Code    30  layers.o(i.ai_layers_init_all)
    ai_layers_post_init_all                  0x0800863f   Thumb Code    54  layers.o(i.ai_layers_post_init_all)
    ai_network_create                        0x08008675   Thumb Code    20  network.o(i.ai_network_create)
    ai_network_create_and_init               0x0800868d   Thumb Code   132  network.o(i.ai_network_create_and_init)
    ai_network_data_params_get               0x08008711   Thumb Code    36  network_data.o(i.ai_network_data_params_get)
    ai_network_get_error                     0x08008739   Thumb Code     4  network.o(i.ai_network_get_error)
    ai_network_get_report                    0x0800873d   Thumb Code    82  network.o(i.ai_network_get_report)
    ai_network_init                          0x08008795   Thumb Code    48  network.o(i.ai_network_init)
    ai_network_inputs_get                    0x080087c5   Thumb Code    12  network.o(i.ai_network_inputs_get)
    ai_network_outputs_get                   0x080087d9   Thumb Code    12  network.o(i.ai_network_outputs_get)
    ai_network_run                           0x080087ed   Thumb Code     4  network.o(i.ai_network_run)
    ai_platform_api_get_network_report       0x080087f1   Thumb Code   372  ai_platform_interface.o(i.ai_platform_api_get_network_report)
    ai_platform_api_get_version              0x0800897d   Thumb Code    14  ai_platform_interface.o(i.ai_platform_api_get_version)
    ai_platform_bind_network_params          0x08008991   Thumb Code    38  ai_platform_interface.o(i.ai_platform_bind_network_params)
    ai_platform_context_acquire              0x080089bd   Thumb Code    24  ai_platform_interface.o(i.ai_platform_context_acquire)
    ai_platform_get_activations_map          0x080089d9   Thumb Code    38  ai_platform_interface.o(i.ai_platform_get_activations_map)
    ai_platform_get_weights_map              0x08008a05   Thumb Code    36  ai_platform_interface.o(i.ai_platform_get_weights_map)
    ai_platform_inputs_get                   0x08008a2d   Thumb Code    66  ai_platform_interface.o(i.ai_platform_inputs_get)
    ai_platform_interface_api_get_version    0x08008a71   Thumb Code    14  ai_platform_interface.o(i.ai_platform_interface_api_get_version)
    ai_platform_network_create               0x08008a85   Thumb Code   240  ai_platform_interface.o(i.ai_platform_network_create)
    ai_platform_network_get_error            0x08008b8d   Thumb Code    24  ai_platform_interface.o(i.ai_platform_network_get_error)
    ai_platform_network_init                 0x08008ba9   Thumb Code   254  ai_platform_interface.o(i.ai_platform_network_init)
    ai_platform_network_post_init            0x08008cb5   Thumb Code    70  ai_platform_interface.o(i.ai_platform_network_post_init)
    ai_platform_network_process              0x08008cfb   Thumb Code    84  ai_platform_interface.o(i.ai_platform_network_process)
    ai_platform_network_set_error            0x08008d4f   Thumb Code    12  ai_platform_interface.o(i.ai_platform_network_set_error)
    ai_platform_outputs_get                  0x08008d5b   Thumb Code    72  ai_platform_interface.o(i.ai_platform_outputs_get)
    ai_platform_runtime_get_revision         0x08008da5   Thumb Code    10  ai_platform_interface.o(i.ai_platform_runtime_get_revision)
    ai_platform_runtime_get_version          0x08008db5   Thumb Code    14  ai_platform_interface.o(i.ai_platform_runtime_get_version)
    ai_platform_version_get                  0x08008dc9   Thumb Code    24  ai_datatypes_internal.o(i.ai_platform_version_get)
    ai_version_get                           0x08008dfb   Thumb Code    12  ai_datatypes_internal.o(i.ai_version_get)
    core_get_error                           0x08008e07   Thumb Code    12  core_common.o(i.core_get_error)
    core_init                                0x08008e13   Thumb Code     4  core_common.o(i.core_init)
    core_set_error                           0x08008e17   Thumb Code    26  core_common.o(i.core_set_error)
    delay_init                               0x08008ed1   Thumb Code    16  delay.o(i.delay_init)
    delay_ms                                 0x08008ee5   Thumb Code    26  delay.o(i.delay_ms)
    delay_us                                 0x08008f01   Thumb Code    48  delay.o(i.delay_us)
    dwtCyclesToTime                          0x08009031   Thumb Code   142  aitestutility.o(i.dwtCyclesToTime)
    forward_conv2d_if32of32wf32              0x080090c5   Thumb Code   458  layers_conv2d_generic_float.o(i.forward_conv2d_if32of32wf32)
    forward_dense                            0x08009291   Thumb Code   488  layers_conv2d_generic_float.o(i.forward_dense)
    forward_lite_conv2d_if32of32wf32         0x0800947d   Thumb Code   362  forward_lite_conv2d_if32of32wf32.o(i.forward_lite_conv2d_if32of32wf32)
    forward_lite_dense_if32of32wf32          0x080095ed   Thumb Code   120  lite_dense_if32.o(i.forward_lite_dense_if32of32wf32)
    forward_relu                             0x08009669   Thumb Code   202  layers_nl_generic_float.o(i.forward_relu)
    fputc                                    0x08009739   Thumb Code    20  aitestutility.o(i.fputc)
    getFlashCacheConf                        0x08009751   Thumb Code    52  aitestutility.o(i.getFlashCacheConf)
    getSysConf                               0x08009789   Thumb Code    38  aitestutility.o(i.getSysConf)
    get_tensor_byte_size                     0x080097b1   Thumb Code    34  ai_datatypes_internal.o(i.get_tensor_byte_size)
    lc_print                                 0x080097d9   Thumb Code    22  aitestutility.o(i.lc_print)
    main                                     0x080097f5   Thumb Code  1546  main.o(i.main)
    port_dwt_init_imp                        0x08009f45   Thumb Code    26  ai_device_adaptor.o(i.port_dwt_init_imp)
    port_hal_crc_ip_init_imp                 0x08009f69   Thumb Code    22  ai_device_adaptor.o(i.port_hal_crc_ip_init_imp)
    post_process                             0x08009fa5   Thumb Code    54  main.o(i.post_process)
    st_int8_copy                             0x08009fe9   Thumb Code   144  st_int8_fill.o(i.st_int8_copy)
    systemSettingLog                         0x0800a079   Thumb Code   152  aitestutility.o(i.systemSettingLog)
    vlc_print                                0x0800a229   Thumb Code   424  lc_print.o(i.vlc_print)
    _get_lc_numeric                          0x0800a3d9   Thumb Code    44  lc_numeric_c.o(locale$$code)
    __aeabi_dneg                             0x0800a405   Thumb Code     0  basic.o(x$fpl$basic)
    _dneg                                    0x0800a405   Thumb Code     6  basic.o(x$fpl$basic)
    __aeabi_fneg                             0x0800a40b   Thumb Code     0  basic.o(x$fpl$basic)
    _fneg                                    0x0800a40b   Thumb Code     6  basic.o(x$fpl$basic)
    _dabs                                    0x0800a411   Thumb Code     6  basic.o(x$fpl$basic)
    _fabs                                    0x0800a417   Thumb Code     6  basic.o(x$fpl$basic)
    __aeabi_dadd                             0x0800a41d   Thumb Code     0  daddsub_clz.o(x$fpl$dadd)
    _dadd                                    0x0800a41d   Thumb Code   332  daddsub_clz.o(x$fpl$dadd)
    __fpl_dcmp_Inf                           0x0800a56d   Thumb Code    24  dcmpi.o(x$fpl$dcmpinf)
    __aeabi_ddiv                             0x0800a585   Thumb Code     0  ddiv.o(x$fpl$ddiv)
    _ddiv                                    0x0800a585   Thumb Code   552  ddiv.o(x$fpl$ddiv)
    __aeabi_d2uiz                            0x0800a835   Thumb Code     0  dfixu.o(x$fpl$dfixu)
    _dfixu                                   0x0800a835   Thumb Code    90  dfixu.o(x$fpl$dfixu)
    __aeabi_ui2d                             0x0800a88f   Thumb Code     0  dflt_clz.o(x$fpl$dfltu)
    _dfltu                                   0x0800a88f   Thumb Code    38  dflt_clz.o(x$fpl$dfltu)
    __aeabi_cdcmple                          0x0800a8b5   Thumb Code     0  dleqf.o(x$fpl$dleqf)
    _dcmple                                  0x0800a8b5   Thumb Code   120  dleqf.o(x$fpl$dleqf)
    __fpl_dcmple_InfNaN                      0x0800a917   Thumb Code     0  dleqf.o(x$fpl$dleqf)
    __aeabi_dmul                             0x0800a92d   Thumb Code     0  dmul.o(x$fpl$dmul)
    _dmul                                    0x0800a92d   Thumb Code   332  dmul.o(x$fpl$dmul)
    __fpl_dnaninf                            0x0800aa81   Thumb Code   156  dnaninf.o(x$fpl$dnaninf)
    __fpl_dretinf                            0x0800ab1d   Thumb Code    12  dretinf.o(x$fpl$dretinf)
    __aeabi_dsub                             0x0800ab29   Thumb Code     0  daddsub_clz.o(x$fpl$dsub)
    _dsub                                    0x0800ab29   Thumb Code   464  daddsub_clz.o(x$fpl$dsub)
    __aeabi_f2d                              0x0800acfd   Thumb Code     0  f2d.o(x$fpl$f2d)
    _f2d                                     0x0800acfd   Thumb Code    86  f2d.o(x$fpl$f2d)
    __fpl_fnaninf                            0x0800ad53   Thumb Code   140  fnaninf.o(x$fpl$fnaninf)
    _fp_init                                 0x0800addf   Thumb Code    10  fpinit.o(x$fpl$fpinit)
    __fplib_config_fpu_vfp                   0x0800ade7   Thumb Code     0  fpinit.o(x$fpl$fpinit)
    __fplib_config_pureend_doubles           0x0800ade7   Thumb Code     0  fpinit.o(x$fpl$fpinit)
    __aeabi_d2ulz                            0x0800ade9   Thumb Code     0  dfixull.o(x$fpl$llufromd)
    _ll_ufrom_d                              0x0800ade9   Thumb Code   120  dfixull.o(x$fpl$llufromd)
    _printf_fp_dec                           0x0800ae61   Thumb Code     4  printf1.o(x$fpl$printf1)
    __I$use$fp                               0x0800ae64   Number         0  usenofp.o(x$fpl$usenofp)
    s_network_weights_array_u64              0x0800b020   Data       55544  network_data_params.o(.constdata)
    __stdin_name                             0x08018918   Data           7  syscalls.o(.constdata)
    __stdout_name                            0x0801891f   Data           8  syscalls.o(.constdata)
    __stderr_name                            0x08018927   Data           8  syscalls.o(.constdata)
    AHBPrescTable                            0x0801893c   Data          16  system_stm32f4xx.o(.constdata)
    APBPrescTable                            0x0801894c   Data           8  system_stm32f4xx.o(.constdata)
    asc2_1206                                0x08018954   Data        1140  lcd.o(.constdata)
    asc2_1608                                0x08018dc8   Data        1520  lcd.o(.constdata)
    asc2_2412                                0x080193b8   Data        3420  lcd.o(.constdata)
    asc2_3216                                0x0801a114   Data       12160  lcd.o(.constdata)
    Region$$Table$$Base                      0x0801d264   Number         0  anon$$obj.o(Region$$Table)
    Region$$Table$$Limit                     0x0801d284   Number         0  anon$$obj.o(Region$$Table)
    g_network_data_map_activations           0x200008dc   Data          28  network_data.o(.data)
    g_network_data_map_weights               0x200008f8   Data          28  network_data.o(.data)
    potency2                                 0x20000920   Data           4  main.o(.data)
    potency1                                 0x20000928   Data           4  main.o(.data)
    in_buf                                   0x20000954   Data         320  main.o(.data)
    hcrc                                     0x20000a94   Data           8  crc.o(.data)
    uwTickFreq                               0x20000aa4   Data           1  stm32f4xx_hal.o(.data)
    uwTickPrio                               0x20000aa8   Data           4  stm32f4xx_hal.o(.data)
    uwTick                                   0x20000aac   Data           4  stm32f4xx_hal.o(.data)
    SystemCoreClock                          0x20000ab0   Data           4  system_stm32f4xx.o(.data)
    POINT_COLOR                              0x20000ab8   Data           4  lcd.o(.data)
    BACK_COLOR                               0x20000abc   Data           4  lcd.o(.data)
    __aeabi_stdin                            0x20000ac4   Data           4  stdio_streams.o(.data)
    __aeabi_stdout                           0x20000ac8   Data           4  stdio_streams.o(.data)
    __aeabi_stderr                           0x20000acc   Data           4  stdio_streams.o(.data)
    cyclesCount                              0x20000b38   Data          12  aitestutility.o(.bss)
    Data_to_Send                             0x20000b60   Data          40  main.o(.bss)
    hadc1                                    0x200019f0   Data          72  adc.o(.bss)
    hdma_adc1                                0x20001a38   Data          96  adc.o(.bss)
    hsram1                                   0x20001a98   Data          80  fsmc.o(.bss)
    huart1                                   0x20001ae8   Data          68  usart.o(.bss)
    TFTSRAM_Handler                          0x20001b2c   Data          80  lcd.o(.bss)
    lcddev                                   0x20001b7c   Data          14  lcd.o(.bss)
    __stdin                                  0x20001b8c   Data          84  stdio_streams.o(.bss)
    __stdout                                 0x20001be0   Data          84  stdio_streams.o(.bss)
    __stderr                                 0x20001c34   Data          84  stdio_streams.o(.bss)
    __libspace_start                         0x20001c88   Data          96  libspace.o(.bss)
    __temporary_stack_top$libspace           0x20001ce8   Data           0  libspace.o(.bss)



==============================================================================

Memory Map of the image

  Image Entry point : 0x08000189

  Load Region LR_IROM1 (Base: 0x08000000, Size: 0x0001dd70, Max: 0x00100000, ABSOLUTE, COMPRESSED[0x0001d60c])

    Execution Region ER_IROM1 (Exec base: 0x08000000, Load base: 0x08000000, Size: 0x0001d2a0, Max: 0x00100000, ABSOLUTE)

    Exec Addr    Load Addr    Size         Type   Attr      Idx    E Section Name        Object

    0x08000000   0x08000000   0x00000188   Data   RO            3    RESET               startup_stm32f407xx.o
    0x08000188   0x08000188   0x00000008   Code   RO         6582  * !!!main             c_w.l(__main.o)
    0x08000190   0x08000190   0x00000034   Code   RO         7216    !!!scatter          c_w.l(__scatter.o)
    0x080001c4   0x080001c4   0x0000005a   Code   RO         7214    !!dczerorl2         c_w.l(__dczerorl2.o)
    0x0800021e   0x0800021e   0x00000002   PAD
    0x08000220   0x08000220   0x0000001c   Code   RO         7218    !!handler_zi        c_w.l(__scatter_zi.o)
    0x0800023c   0x0800023c   0x00000000   Code   RO         6563    .ARM.Collect$$_printf_percent$$00000000  c_w.l(_printf_percent.o)
    0x0800023c   0x0800023c   0x00000006   Code   RO         6562    .ARM.Collect$$_printf_percent$$00000003  c_w.l(_printf_f.o)
    0x08000242   0x08000242   0x00000006   Code   RO         6560    .ARM.Collect$$_printf_percent$$00000009  c_w.l(_printf_d.o)
    0x08000248   0x08000248   0x00000006   Code   RO         6561    .ARM.Collect$$_printf_percent$$0000000A  c_w.l(_printf_u.o)
    0x0800024e   0x0800024e   0x00000006   Code   RO         6559    .ARM.Collect$$_printf_percent$$0000000C  c_w.l(_printf_x.o)
    0x08000254   0x08000254   0x00000006   Code   RO         6558    .ARM.Collect$$_printf_percent$$00000014  c_w.l(_printf_s.o)
    0x0800025a   0x0800025a   0x00000004   Code   RO         6896    .ARM.Collect$$_printf_percent$$00000017  c_w.l(_printf_percent_end.o)
    0x0800025e   0x0800025e   0x00000002   Code   RO         7147    .ARM.Collect$$libinit$$00000000  c_w.l(libinit.o)
    0x08000260   0x08000260   0x00000004   Code   RO         6905    .ARM.Collect$$libinit$$00000001  c_w.l(libinit2.o)
    0x08000264   0x08000264   0x00000000   Code   RO         6908    .ARM.Collect$$libinit$$00000004  c_w.l(libinit2.o)
    0x08000264   0x08000264   0x00000008   Code   RO         6909    .ARM.Collect$$libinit$$00000005  c_w.l(libinit2.o)
    0x0800026c   0x0800026c   0x00000000   Code   RO         6911    .ARM.Collect$$libinit$$0000000A  c_w.l(libinit2.o)
    0x0800026c   0x0800026c   0x00000000   Code   RO         6913    .ARM.Collect$$libinit$$0000000C  c_w.l(libinit2.o)
    0x0800026c   0x0800026c   0x00000000   Code   RO         6915    .ARM.Collect$$libinit$$0000000E  c_w.l(libinit2.o)
    0x0800026c   0x0800026c   0x00000006   Code   RO         6916    .ARM.Collect$$libinit$$0000000F  c_w.l(libinit2.o)
    0x08000272   0x08000272   0x00000000   Code   RO         6918    .ARM.Collect$$libinit$$00000011  c_w.l(libinit2.o)
    0x08000272   0x08000272   0x00000000   Code   RO         6920    .ARM.Collect$$libinit$$00000013  c_w.l(libinit2.o)
    0x08000272   0x08000272   0x00000000   Code   RO         6922    .ARM.Collect$$libinit$$00000015  c_w.l(libinit2.o)
    0x08000272   0x08000272   0x0000000a   Code   RO         6923    .ARM.Collect$$libinit$$00000016  c_w.l(libinit2.o)
    0x0800027c   0x0800027c   0x00000000   Code   RO         6924    .ARM.Collect$$libinit$$00000017  c_w.l(libinit2.o)
    0x0800027c   0x0800027c   0x00000000   Code   RO         6926    .ARM.Collect$$libinit$$00000019  c_w.l(libinit2.o)
    0x0800027c   0x0800027c   0x00000000   Code   RO         6928    .ARM.Collect$$libinit$$0000001B  c_w.l(libinit2.o)
    0x0800027c   0x0800027c   0x00000000   Code   RO         6930    .ARM.Collect$$libinit$$0000001D  c_w.l(libinit2.o)
    0x0800027c   0x0800027c   0x00000000   Code   RO         6932    .ARM.Collect$$libinit$$0000001F  c_w.l(libinit2.o)
    0x0800027c   0x0800027c   0x00000000   Code   RO         6934    .ARM.Collect$$libinit$$00000021  c_w.l(libinit2.o)
    0x0800027c   0x0800027c   0x00000000   Code   RO         6936    .ARM.Collect$$libinit$$00000023  c_w.l(libinit2.o)
    0x0800027c   0x0800027c   0x00000004   Code   RO         6937    .ARM.Collect$$libinit$$00000024  c_w.l(libinit2.o)
    0x08000280   0x08000280   0x00000000   Code   RO         6938    .ARM.Collect$$libinit$$00000025  c_w.l(libinit2.o)
    0x08000280   0x08000280   0x00000000   Code   RO         6942    .ARM.Collect$$libinit$$0000002C  c_w.l(libinit2.o)
    0x08000280   0x08000280   0x00000000   Code   RO         6944    .ARM.Collect$$libinit$$0000002E  c_w.l(libinit2.o)
    0x08000280   0x08000280   0x00000000   Code   RO         6946    .ARM.Collect$$libinit$$00000030  c_w.l(libinit2.o)
    0x08000280   0x08000280   0x00000000   Code   RO         6948    .ARM.Collect$$libinit$$00000032  c_w.l(libinit2.o)
    0x08000280   0x08000280   0x00000002   Code   RO         6949    .ARM.Collect$$libinit$$00000033  c_w.l(libinit2.o)
    0x08000282   0x08000282   0x00000002   Code   RO         7211    .ARM.Collect$$libshutdown$$00000000  c_w.l(libshutdown.o)
    0x08000284   0x08000284   0x00000000   Code   RO         7149    .ARM.Collect$$libshutdown$$00000002  c_w.l(libshutdown2.o)
    0x08000284   0x08000284   0x00000004   Code   RO         7150    .ARM.Collect$$libshutdown$$00000003  c_w.l(libshutdown2.o)
    0x08000288   0x08000288   0x00000000   Code   RO         7151    .ARM.Collect$$libshutdown$$00000004  c_w.l(libshutdown2.o)
    0x08000288   0x08000288   0x00000000   Code   RO         7154    .ARM.Collect$$libshutdown$$00000007  c_w.l(libshutdown2.o)
    0x08000288   0x08000288   0x00000000   Code   RO         7157    .ARM.Collect$$libshutdown$$0000000A  c_w.l(libshutdown2.o)
    0x08000288   0x08000288   0x00000000   Code   RO         7159    .ARM.Collect$$libshutdown$$0000000C  c_w.l(libshutdown2.o)
    0x08000288   0x08000288   0x00000000   Code   RO         7162    .ARM.Collect$$libshutdown$$0000000F  c_w.l(libshutdown2.o)
    0x08000288   0x08000288   0x00000002   Code   RO         7163    .ARM.Collect$$libshutdown$$00000010  c_w.l(libshutdown2.o)
    0x0800028a   0x0800028a   0x00000000   Code   RO         6852    .ARM.Collect$$rtentry$$00000000  c_w.l(__rtentry.o)
    0x0800028a   0x0800028a   0x00000000   Code   RO         7015    .ARM.Collect$$rtentry$$00000002  c_w.l(__rtentry2.o)
    0x0800028a   0x0800028a   0x00000006   Code   RO         7027    .ARM.Collect$$rtentry$$00000004  c_w.l(__rtentry4.o)
    0x08000290   0x08000290   0x00000000   Code   RO         7017    .ARM.Collect$$rtentry$$00000009  c_w.l(__rtentry2.o)
    0x08000290   0x08000290   0x00000004   Code   RO         7018    .ARM.Collect$$rtentry$$0000000A  c_w.l(__rtentry2.o)
    0x08000294   0x08000294   0x00000000   Code   RO         7020    .ARM.Collect$$rtentry$$0000000C  c_w.l(__rtentry2.o)
    0x08000294   0x08000294   0x00000008   Code   RO         7021    .ARM.Collect$$rtentry$$0000000D  c_w.l(__rtentry2.o)
    0x0800029c   0x0800029c   0x00000002   Code   RO         7166    .ARM.Collect$$rtexit$$00000000  c_w.l(rtexit.o)
    0x0800029e   0x0800029e   0x00000000   Code   RO         7187    .ARM.Collect$$rtexit$$00000002  c_w.l(rtexit2.o)
    0x0800029e   0x0800029e   0x00000004   Code   RO         7188    .ARM.Collect$$rtexit$$00000003  c_w.l(rtexit2.o)
    0x080002a2   0x080002a2   0x00000006   Code   RO         7189    .ARM.Collect$$rtexit$$00000004  c_w.l(rtexit2.o)
    0x080002a8   0x080002a8   0x00000000   Code   RO         7043    .emb_text           c_w.l(maybetermalloc1.o)
    0x080002a8   0x080002a8   0x00000040   Code   RO            4    .text               startup_stm32f407xx.o
    0x080002e8   0x080002e8   0x0000005e   Code   RO         6437    .text               c_w.l(h1_alloc.o)
    0x08000346   0x08000346   0x0000004e   Code   RO         6439    .text               c_w.l(h1_free.o)
    0x08000394   0x08000394   0x000000ee   Code   RO         6499    .text               c_w.l(lludivv7m.o)
    0x08000482   0x08000482   0x00000002   PAD
    0x08000484   0x08000484   0x00000018   Code   RO         6507    .text               c_w.l(noretval__2printf.o)
    0x0800049c   0x0800049c   0x00000028   Code   RO         6509    .text               c_w.l(noretval__2sprintf.o)
    0x080004c4   0x080004c4   0x00000052   Code   RO         6513    .text               c_w.l(_printf_str.o)
    0x08000516   0x08000516   0x00000002   PAD
    0x08000518   0x08000518   0x00000078   Code   RO         6515    .text               c_w.l(_printf_dec.o)
    0x08000590   0x08000590   0x00000058   Code   RO         6520    .text               c_w.l(_printf_hex_int.o)
    0x080005e8   0x080005e8   0x00000160   Code   RO         6553    .text               c_w.l(__printf_ss_wp.o)
    0x08000748   0x08000748   0x00000058   Code   RO         6564    .text               c_w.l(memcmp.o)
    0x080007a0   0x080007a0   0x0000003e   Code   RO         6566    .text               c_w.l(strlen.o)
    0x080007de   0x080007de   0x00000064   Code   RO         6572    .text               c_w.l(rt_memcpy_w.o)
    0x08000842   0x08000842   0x0000004e   Code   RO         6576    .text               c_w.l(rt_memclr_w.o)
    0x08000890   0x08000890   0x00000080   Code   RO         6578    .text               c_w.l(strcmpv7m.o)
    0x08000910   0x08000910   0x00000006   Code   RO         6580    .text               c_w.l(heapauxi.o)
    0x08000916   0x08000916   0x00000002   PAD
    0x08000918   0x08000918   0x00000008   Code   RO         6860    .text               c_w.l(rt_heap_descriptor_intlibspace.o)
    0x08000920   0x08000920   0x00000004   Code   RO         6862    .text               c_w.l(hguard.o)
    0x08000924   0x08000924   0x0000008a   Code   RO         6864    .text               c_w.l(init_alloc.o)
    0x080009ae   0x080009ae   0x0000000e   Code   RO         6868    .text               c_w.l(h1_init.o)
    0x080009bc   0x080009bc   0x000000b2   Code   RO         6884    .text               c_w.l(_printf_intcommon.o)
    0x08000a6e   0x08000a6e   0x0000041e   Code   RO         6886    .text               c_w.l(_printf_fp_dec.o)
    0x08000e8c   0x08000e8c   0x00000030   Code   RO         6888    .text               c_w.l(_printf_char_common.o)
    0x08000ebc   0x08000ebc   0x0000000a   Code   RO         6890    .text               c_w.l(_sputc.o)
    0x08000ec6   0x08000ec6   0x0000002c   Code   RO         6892    .text               c_w.l(_printf_char.o)
    0x08000ef2   0x08000ef2   0x00000002   PAD
    0x08000ef4   0x08000ef4   0x00000024   Code   RO         6894    .text               c_w.l(_printf_char_file.o)
    0x08000f18   0x08000f18   0x00000008   Code   RO         7011    .text               c_w.l(libspace.o)
    0x08000f20   0x08000f20   0x00000008   Code   RO         7034    .text               c_w.l(rt_locale_intlibspace.o)
    0x08000f28   0x08000f28   0x00000008   Code   RO         7039    .text               c_w.l(rt_errno_addr_intlibspace.o)
    0x08000f30   0x08000f30   0x00000034   Code   RO         7045    .text               c_w.l(h1_extend.o)
    0x08000f64   0x08000f64   0x0000008a   Code   RO         7049    .text               c_w.l(lludiv10.o)
    0x08000fee   0x08000fee   0x00000002   PAD
    0x08000ff0   0x08000ff0   0x00000080   Code   RO         7051    .text               c_w.l(_printf_fp_infnan.o)
    0x08001070   0x08001070   0x000000e4   Code   RO         7055    .text               c_w.l(bigflt0.o)
    0x08001154   0x08001154   0x00000008   Code   RO         7080    .text               c_w.l(ferror.o)
    0x0800115c   0x0800115c   0x00000138   Code   RO         7082    .text               c_w.l(initio.o)
    0x08001294   0x08001294   0x0000000e   Code   RO         7091    .text               c_w.l(defsig_rtmem_outer.o)
    0x080012a2   0x080012a2   0x00000002   Code   RO         7104    .text               c_w.l(use_no_semi.o)
    0x080012a4   0x080012a4   0x00000000   Code   RO         7106    .text               c_w.l(indicate_semi.o)
    0x080012a4   0x080012a4   0x0000004a   Code   RO         7107    .text               c_w.l(sys_stackheap_outer.o)
    0x080012ee   0x080012ee   0x00000046   Code   RO         7113    .text               c_w.l(setvbuf.o)
    0x08001334   0x08001334   0x000000ec   Code   RO         7116    .text               c_w.l(fopen.o)
    0x08001420   0x08001420   0x0000004c   Code   RO         7118    .text               c_w.l(fclose.o)
    0x0800146c   0x0800146c   0x00000012   Code   RO         7124    .text               c_w.l(exit.o)
    0x0800147e   0x0800147e   0x0000000a   Code   RO         7126    .text               c_w.l(defsig_exit.o)
    0x08001488   0x08001488   0x0000000e   Code   RO         7132    .text               c_w.l(defsig_rtred_outer.o)
    0x08001496   0x08001496   0x00000002   PAD
    0x08001498   0x08001498   0x00000050   Code   RO         7136    .text               c_w.l(defsig_rtmem_inner.o)
    0x080014e8   0x080014e8   0x0000000c   Code   RO         7164    .text               c_w.l(sys_exit.o)
    0x080014f4   0x080014f4   0x000000f8   Code   RO         7172    .text               c_w.l(fseek.o)
    0x080015ec   0x080015ec   0x000000f0   Code   RO         7174    .text               c_w.l(stdio.o)
    0x080016dc   0x080016dc   0x00000032   Code   RO         7178    .text               c_w.l(defsig_general.o)
    0x0800170e   0x0800170e   0x00000002   PAD
    0x08001710   0x08001710   0x00000034   Code   RO         7182    .text               c_w.l(defsig_rtred_inner.o)
    0x08001744   0x08001744   0x0000000e   Code   RO         7184    .text               c_w.l(sys_wrch.o)
    0x08001752   0x08001752   0x00000042   Code   RO         7193    .text               c_w.l(ftell.o)
    0x08001794   0x08001794   0x0000003e   Code   RO         7058    CL$$btod_d2e        c_w.l(btod.o)
    0x080017d2   0x080017d2   0x00000046   Code   RO         7060    CL$$btod_d2e_denorm_low  c_w.l(btod.o)
    0x08001818   0x08001818   0x00000060   Code   RO         7059    CL$$btod_d2e_norm_op1  c_w.l(btod.o)
    0x08001878   0x08001878   0x00000338   Code   RO         7068    CL$$btod_div_common  c_w.l(btod.o)
    0x08001bb0   0x08001bb0   0x000000dc   Code   RO         7065    CL$$btod_e2e        c_w.l(btod.o)
    0x08001c8c   0x08001c8c   0x0000002a   Code   RO         7062    CL$$btod_ediv       c_w.l(btod.o)
    0x08001cb6   0x08001cb6   0x0000002a   Code   RO         7061    CL$$btod_emul       c_w.l(btod.o)
    0x08001ce0   0x08001ce0   0x00000244   Code   RO         7067    CL$$btod_mult_common  c_w.l(btod.o)
    0x08001f24   0x08001f24   0x0000006e   Code   RO         2430    i.ADC_DMAConvCplt   stm32f4xx_hal_adc.o
    0x08001f92   0x08001f92   0x00000016   Code   RO         2431    i.ADC_DMAError      stm32f4xx_hal_adc.o
    0x08001fa8   0x08001fa8   0x0000000a   Code   RO         2432    i.ADC_DMAHalfConvCplt  stm32f4xx_hal_adc.o
    0x08001fb2   0x08001fb2   0x00000002   PAD
    0x08001fb4   0x08001fb4   0x00000128   Code   RO         2433    i.ADC_Init          stm32f4xx_hal_adc.o
    0x080020dc   0x080020dc   0x000000dc   Code   RO         1949    i.AnoTc_SendUserTest  main.o
    0x080021b8   0x080021b8   0x00000002   Code   RO         2318    i.BusFault_Handler  stm32f4xx_it.o
    0x080021ba   0x080021ba   0x00000002   PAD
    0x080021bc   0x080021bc   0x00000060   Code   RO         4965    i.CRC_Lock          NetworkRuntime810_CM4_Keil.lib(ai_platform_interface.o)
    0x0800221c   0x0800221c   0x00000060   Code   RO         4592    i.DHT11_Check       dht11.o
    0x0800227c   0x0800227c   0x0000004c   Code   RO         4594    i.DHT11_Read_Bit    dht11.o
    0x080022c8   0x080022c8   0x0000001a   Code   RO         4595    i.DHT11_Read_Byte   dht11.o
    0x080022e2   0x080022e2   0x00000058   Code   RO         4596    i.DHT11_Read_Data   dht11.o
    0x0800233a   0x0800233a   0x00000002   PAD
    0x0800233c   0x0800233c   0x0000003c   Code   RO         4597    i.DHT11_Rst         dht11.o
    0x08002378   0x08002378   0x0000000c   Code   RO         2319    i.DMA2_Stream0_IRQHandler  stm32f4xx_it.o
    0x08002384   0x08002384   0x00000028   Code   RO         3167    i.DMA_CalcBaseAndBitshift  stm32f4xx_hal_dma.o
    0x080023ac   0x080023ac   0x00000054   Code   RO         3168    i.DMA_CheckFifoParam  stm32f4xx_hal_dma.o
    0x08002400   0x08002400   0x00000028   Code   RO         3169    i.DMA_SetConfig     stm32f4xx_hal_dma.o
    0x08002428   0x08002428   0x00000002   Code   RO         2320    i.DebugMon_Handler  stm32f4xx_it.o
    0x0800242a   0x0800242a   0x00000004   Code   RO         1950    i.Error_Handler     main.o
    0x0800242e   0x0800242e   0x00000002   PAD
    0x08002430   0x08002430   0x0000003c   Code   RO         3908    i.FSMC_NORSRAM_Extended_Timing_Init  stm32f4xx_ll_fsmc.o
    0x0800246c   0x0800246c   0x00000068   Code   RO         3909    i.FSMC_NORSRAM_Init  stm32f4xx_ll_fsmc.o
    0x080024d4   0x080024d4   0x00000044   Code   RO         3910    i.FSMC_NORSRAM_Timing_Init  stm32f4xx_ll_fsmc.o
    0x08002518   0x08002518   0x0000014c   Code   RO         2435    i.HAL_ADC_ConfigChannel  stm32f4xx_hal_adc.o
    0x08002664   0x08002664   0x00000002   Code   RO         2436    i.HAL_ADC_ConvCpltCallback  stm32f4xx_hal_adc.o
    0x08002666   0x08002666   0x00000002   Code   RO         2437    i.HAL_ADC_ConvHalfCpltCallback  stm32f4xx_hal_adc.o
    0x08002668   0x08002668   0x00000002   Code   RO         2439    i.HAL_ADC_ErrorCallback  stm32f4xx_hal_adc.o
    0x0800266a   0x0800266a   0x00000054   Code   RO         2444    i.HAL_ADC_Init      stm32f4xx_hal_adc.o
    0x080026be   0x080026be   0x00000002   PAD
    0x080026c0   0x080026c0   0x000000b8   Code   RO         2121    i.HAL_ADC_MspInit   adc.o
    0x08002778   0x08002778   0x00000154   Code   RO         2451    i.HAL_ADC_Start_DMA  stm32f4xx_hal_adc.o
    0x080028cc   0x080028cc   0x00000022   Code   RO         3844    i.HAL_CRC_Init      stm32f4xx_hal_crc.o
    0x080028ee   0x080028ee   0x00000002   PAD
    0x080028f0   0x080028f0   0x00000028   Code   RO         2163    i.HAL_CRC_MspInit   crc.o
    0x08002918   0x08002918   0x00000092   Code   RO         3170    i.HAL_DMA_Abort     stm32f4xx_hal_dma.o
    0x080029aa   0x080029aa   0x00000024   Code   RO         3171    i.HAL_DMA_Abort_IT  stm32f4xx_hal_dma.o
    0x080029ce   0x080029ce   0x00000002   PAD
    0x080029d0   0x080029d0   0x000001a0   Code   RO         3175    i.HAL_DMA_IRQHandler  stm32f4xx_hal_dma.o
    0x08002b70   0x08002b70   0x000000d4   Code   RO         3176    i.HAL_DMA_Init      stm32f4xx_hal_dma.o
    0x08002c44   0x08002c44   0x0000006e   Code   RO         3180    i.HAL_DMA_Start_IT  stm32f4xx_hal_dma.o
    0x08002cb2   0x08002cb2   0x00000002   PAD
    0x08002cb4   0x08002cb4   0x00000024   Code   RO         3589    i.HAL_Delay         stm32f4xx_hal.o
    0x08002cd8   0x08002cd8   0x000000a8   Code   RO         2228    i.HAL_FSMC_MspInit  fsmc.o
    0x08002d80   0x08002d80   0x000001f0   Code   RO         3063    i.HAL_GPIO_Init     stm32f4xx_hal_gpio.o
    0x08002f70   0x08002f70   0x0000000a   Code   RO         3065    i.HAL_GPIO_ReadPin  stm32f4xx_hal_gpio.o
    0x08002f7a   0x08002f7a   0x00000010   Code   RO         3066    i.HAL_GPIO_TogglePin  stm32f4xx_hal_gpio.o
    0x08002f8a   0x08002f8a   0x0000000a   Code   RO         3067    i.HAL_GPIO_WritePin  stm32f4xx_hal_gpio.o
    0x08002f94   0x08002f94   0x00000010   Code   RO         3592    i.HAL_GetDEVID      stm32f4xx_hal.o
    0x08002fa4   0x08002fa4   0x00000008   Code   RO         3593    i.HAL_GetHalVersion  stm32f4xx_hal.o
    0x08002fac   0x08002fac   0x0000000c   Code   RO         3594    i.HAL_GetREVID      stm32f4xx_hal.o
    0x08002fb8   0x08002fb8   0x0000000c   Code   RO         3595    i.HAL_GetTick       stm32f4xx_hal.o
    0x08002fc4   0x08002fc4   0x00000010   Code   RO         3601    i.HAL_IncTick       stm32f4xx_hal.o
    0x08002fd4   0x08002fd4   0x00000034   Code   RO         3602    i.HAL_Init          stm32f4xx_hal.o
    0x08003008   0x08003008   0x00000040   Code   RO         3603    i.HAL_InitTick      stm32f4xx_hal.o
    0x08003048   0x08003048   0x00000030   Code   RO         2406    i.HAL_MspInit       stm32f4xx_hal_msp.o
    0x08003078   0x08003078   0x0000001a   Code   RO         3452    i.HAL_NVIC_EnableIRQ  stm32f4xx_hal_cortex.o
    0x08003092   0x08003092   0x00000002   PAD
    0x08003094   0x08003094   0x00000040   Code   RO         3458    i.HAL_NVIC_SetPriority  stm32f4xx_hal_cortex.o
    0x080030d4   0x080030d4   0x00000024   Code   RO         3459    i.HAL_NVIC_SetPriorityGrouping  stm32f4xx_hal_cortex.o
    0x080030f8   0x080030f8   0x00000134   Code   RO         2709    i.HAL_RCC_ClockConfig  stm32f4xx_hal_rcc.o
    0x0800322c   0x0800322c   0x0000000c   Code   RO         2714    i.HAL_RCC_GetHCLKFreq  stm32f4xx_hal_rcc.o
    0x08003238   0x08003238   0x00000020   Code   RO         2716    i.HAL_RCC_GetPCLK1Freq  stm32f4xx_hal_rcc.o
    0x08003258   0x08003258   0x00000020   Code   RO         2717    i.HAL_RCC_GetPCLK2Freq  stm32f4xx_hal_rcc.o
    0x08003278   0x08003278   0x00000060   Code   RO         2718    i.HAL_RCC_GetSysClockFreq  stm32f4xx_hal_rcc.o
    0x080032d8   0x080032d8   0x0000036c   Code   RO         2721    i.HAL_RCC_OscConfig  stm32f4xx_hal_rcc.o
    0x08003644   0x08003644   0x0000005c   Code   RO         4030    i.HAL_SRAM_Init     stm32f4xx_hal_sram.o
    0x080036a0   0x080036a0   0x00000004   Code   RO         2230    i.HAL_SRAM_MspInit  fsmc.o
    0x080036a4   0x080036a4   0x00000018   Code   RO         3461    i.HAL_SYSTICK_CLKSourceConfig  stm32f4xx_hal_cortex.o
    0x080036bc   0x080036bc   0x00000028   Code   RO         3463    i.HAL_SYSTICK_Config  stm32f4xx_hal_cortex.o
    0x080036e4   0x080036e4   0x00000002   Code   RO         4208    i.HAL_UARTEx_RxEventCallback  stm32f4xx_hal_uart.o
    0x080036e6   0x080036e6   0x00000002   Code   RO         4222    i.HAL_UART_ErrorCallback  stm32f4xx_hal_uart.o
    0x080036e8   0x080036e8   0x00000268   Code   RO         4225    i.HAL_UART_IRQHandler  stm32f4xx_hal_uart.o
    0x08003950   0x08003950   0x00000062   Code   RO         4226    i.HAL_UART_Init     stm32f4xx_hal_uart.o
    0x080039b2   0x080039b2   0x00000002   PAD
    0x080039b4   0x080039b4   0x0000007c   Code   RO         2277    i.HAL_UART_MspInit  usart.o
    0x08003a30   0x08003a30   0x00000002   Code   RO         4232    i.HAL_UART_RxCpltCallback  stm32f4xx_hal_uart.o
    0x08003a32   0x08003a32   0x00000002   PAD
    0x08003a34   0x08003a34   0x000000b2   Code   RO         4234    i.HAL_UART_Transmit  stm32f4xx_hal_uart.o
    0x08003ae6   0x08003ae6   0x0000003e   Code   RO         4236    i.HAL_UART_Transmit_IT  stm32f4xx_hal_uart.o
    0x08003b24   0x08003b24   0x00000002   Code   RO         4237    i.HAL_UART_TxCpltCallback  stm32f4xx_hal_uart.o
    0x08003b26   0x08003b26   0x00000002   Code   RO         2321    i.HardFault_Handler  stm32f4xx_it.o
    0x08003b28   0x08003b28   0x00000058   Code   RO         4646    i.KEY_Init          key.o
    0x08003b80   0x08003b80   0x00000080   Code   RO         4647    i.KEY_Scan          key.o
    0x08003c00   0x08003c00   0x00000034   Code   RO         4678    i.LCD_Clear         lcd.o
    0x08003c34   0x08003c34   0x000000b8   Code   RO         4682    i.LCD_Display_Dir   lcd.o
    0x08003cec   0x08003cec   0x000000d0   Code   RO         4687    i.LCD_Fast_DrawPoint  lcd.o
    0x08003dbc   0x08003dbc   0x000025b0   Code   RO         4689    i.LCD_Init          lcd.o
    0x0800636c   0x0800636c   0x00000010   Code   RO         4690    i.LCD_Pow           lcd.o
    0x0800637c   0x0800637c   0x00000014   Code   RO         4691    i.LCD_RD_DATA       lcd.o
    0x08006390   0x08006390   0x00000050   Code   RO         4694    i.LCD_SSD_BackLightSet  lcd.o
    0x080063e0   0x080063e0   0x00000180   Code   RO         4695    i.LCD_Scan_Dir      lcd.o
    0x08006560   0x08006560   0x000000f4   Code   RO         4696    i.LCD_SetCursor     lcd.o
    0x08006654   0x08006654   0x000000e4   Code   RO         4698    i.LCD_ShowChar      lcd.o
    0x08006738   0x08006738   0x00000054   Code   RO         4700    i.LCD_ShowString    lcd.o
    0x0800678c   0x0800678c   0x00000086   Code   RO         4701    i.LCD_ShowxNum      lcd.o
    0x08006812   0x08006812   0x00000018   Code   RO         4702    i.LCD_WR_DATA       lcd.o
    0x0800682a   0x0800682a   0x00000018   Code   RO         4703    i.LCD_WR_REG        lcd.o
    0x08006842   0x08006842   0x00000002   PAD
    0x08006844   0x08006844   0x00000014   Code   RO         4705    i.LCD_WriteRAM_Prepare  lcd.o
    0x08006858   0x08006858   0x0000000c   Code   RO         4706    i.LCD_WriteReg      lcd.o
    0x08006864   0x08006864   0x00000144   Code   RO         2122    i.MX_ADC1_Init      adc.o
    0x080069a8   0x080069a8   0x00000024   Code   RO         2164    i.MX_CRC_Init       crc.o
    0x080069cc   0x080069cc   0x0000002c   Code   RO         2204    i.MX_DMA_Init       dma.o
    0x080069f8   0x080069f8   0x0000008c   Code   RO         2231    i.MX_FSMC_Init      fsmc.o
    0x08006a84   0x08006a84   0x000000b0   Code   RO         2096    i.MX_GPIO_Init      gpio.o
    0x08006b34   0x08006b34   0x00000038   Code   RO         2278    i.MX_USART1_UART_Init  usart.o
    0x08006b6c   0x08006b6c   0x0000000e   Code   RO         1831    i.MX_X_CUBE_AI_Init  app_x-cube-ai.o
    0x08006b7a   0x08006b7a   0x00000002   Code   RO         2322    i.MemManage_Handler  stm32f4xx_it.o
    0x08006b7c   0x08006b7c   0x00000002   Code   RO         2323    i.NMI_Handler       stm32f4xx_it.o
    0x08006b7e   0x08006b7e   0x00000002   Code   RO         2324    i.PendSV_Handler    stm32f4xx_it.o
    0x08006b80   0x08006b80   0x00000002   Code   RO         2325    i.SVC_Handler       stm32f4xx_it.o
    0x08006b82   0x08006b82   0x00000004   Code   RO         2326    i.SysTick_Handler   stm32f4xx_it.o
    0x08006b86   0x08006b86   0x00000002   PAD
    0x08006b88   0x08006b88   0x00000094   Code   RO         1951    i.SystemClock_Config  main.o
    0x08006c1c   0x08006c1c   0x00000010   Code   RO         4555    i.SystemInit        system_stm32f4xx.o
    0x08006c2c   0x08006c2c   0x00000010   Code   RO         4239    i.UART_DMAAbortOnError  stm32f4xx_hal_uart.o
    0x08006c3c   0x08006c3c   0x0000004e   Code   RO         4249    i.UART_EndRxTransfer  stm32f4xx_hal_uart.o
    0x08006c8a   0x08006c8a   0x000000c0   Code   RO         4251    i.UART_Receive_IT   stm32f4xx_hal_uart.o
    0x08006d4a   0x08006d4a   0x00000002   PAD
    0x08006d4c   0x08006d4c   0x0000010c   Code   RO         4252    i.UART_SetConfig    stm32f4xx_hal_uart.o
    0x08006e58   0x08006e58   0x00000078   Code   RO         4255    i.UART_WaitOnFlagUntilTimeout  stm32f4xx_hal_uart.o
    0x08006ed0   0x08006ed0   0x0000000c   Code   RO         2327    i.USART1_IRQHandler  stm32f4xx_it.o
    0x08006edc   0x08006edc   0x00000002   Code   RO         2328    i.UsageFault_Handler  stm32f4xx_it.o
    0x08006ede   0x08006ede   0x00000030   Code   RO         7102    i.__ARM_fpclassify  m_wm.l(fpclassify.o)
    0x08006f0e   0x08006f0e   0x00000020   Code   RO         3465    i.__NVIC_SetPriority  stm32f4xx_hal_cortex.o
    0x08006f2e   0x08006f2e   0x00000002   PAD
    0x08006f30   0x08006f30   0x000000f8   Code   RO         5833    i.__ai_math_dot_array  NetworkRuntime810_CM4_Keil.lib(lite_dense_if32.o)
    0x08007028   0x08007028   0x0000012c   Code   RO         5059    i._ai_dict4_dot_array_f32  NetworkRuntime810_CM4_Keil.lib(layers_conv2d_generic_float.o)
    0x08007154   0x08007154   0x000000e8   Code   RO         5060    i._ai_dict8_dot_array_f32  NetworkRuntime810_CM4_Keil.lib(layers_conv2d_generic_float.o)
    0x0800723c   0x0800723c   0x00000012   Code   RO         5776    i._ai_forward_layer  NetworkRuntime810_CM4_Keil.lib(layers.o)
    0x0800724e   0x0800724e   0x00000004   Code   RO         4966    i._ai_platform_acquire_crc  NetworkRuntime810_CM4_Keil.lib(ai_platform_interface.o)
    0x08007252   0x08007252   0x00000002   PAD
    0x08007254   0x08007254   0x000000e0   Code   RO         4967    i._ai_platform_get_io_buffers_info  NetworkRuntime810_CM4_Keil.lib(ai_platform_interface.o)
    0x08007334   0x08007334   0x00000002   Code   RO         4968    i._ai_platform_release_crc  NetworkRuntime810_CM4_Keil.lib(ai_platform_interface.o)
    0x08007336   0x08007336   0x00000002   PAD
    0x08007338   0x08007338   0x000000ac   Code   RO         5095    i._forward_lite_nl_relu_generic_if32of32  NetworkRuntime810_CM4_Keil.lib(layers_nl_generic_float.o)
    0x080073e4   0x080073e4   0x00000038   Code   RO         5096    i._forward_lite_nl_relu_thresholded_if32of32  NetworkRuntime810_CM4_Keil.lib(layers_nl_generic_float.o)
    0x0800741c   0x0800741c   0x0000000e   Code   RO         6548    i._is_digit         c_w.l(__printf_wp.o)
    0x0800742a   0x0800742a   0x00000002   PAD
    0x0800742c   0x0800742c   0x0000004c   Code   RO         4969    i._platform_ai_buffer_array_copy  NetworkRuntime810_CM4_Keil.lib(ai_platform_interface.o)
    0x08007478   0x08007478   0x00000050   Code   RO         4970    i._platform_get_table_map_from_buffer  NetworkRuntime810_CM4_Keil.lib(ai_platform_interface.o)
    0x080074c8   0x080074c8   0x00000044   Code   RO         4971    i._platform_get_table_map_from_buffer_array  NetworkRuntime810_CM4_Keil.lib(ai_platform_interface.o)
    0x0800750c   0x0800750c   0x00000014   Code   RO         4972    i._platform_network_buffers_signature_valid  NetworkRuntime810_CM4_Keil.lib(ai_platform_interface.o)
    0x08007520   0x08007520   0x00000210   Code   RO         4973    i._platform_network_io_bind  NetworkRuntime810_CM4_Keil.lib(ai_platform_interface.o)
    0x08007730   0x08007730   0x0000003e   Code   RO         4974    i._platform_network_state_setup  NetworkRuntime810_CM4_Keil.lib(ai_platform_interface.o)
    0x0800776e   0x0800776e   0x00000068   Code   RO         4975    i._platform_network_state_update_input  NetworkRuntime810_CM4_Keil.lib(ai_platform_interface.o)
    0x080077d6   0x080077d6   0x0000007c   Code   RO         4976    i._platform_network_state_update_output  NetworkRuntime810_CM4_Keil.lib(ai_platform_interface.o)
    0x08007852   0x08007852   0x00000002   PAD
    0x08007854   0x08007854   0x00000018   Code   RO         1574    i._put_c_driver     aitestutility.o
    0x0800786c   0x0800786c   0x00000018   Code   RO         1762    i._sys_close        syscalls.o
    0x08007884   0x08007884   0x00000004   Code   RO         1763    i._sys_flen         syscalls.o
    0x08007888   0x08007888   0x00000018   Code   RO         1764    i._sys_istty        syscalls.o
    0x080078a0   0x080078a0   0x00000058   Code   RO         1765    i._sys_open         syscalls.o
    0x080078f8   0x080078f8   0x00000006   Code   RO         1767    i._sys_seek         syscalls.o
    0x080078fe   0x080078fe   0x00000018   Code   RO         1768    i._sys_write        syscalls.o
    0x08007916   0x08007916   0x00000002   PAD
    0x08007918   0x08007918   0x00000160   Code   RO         1729    i._write_double     lc_print.o
    0x08007a78   0x08007a78   0x00000116   Code   RO         1730    i._write_number     lc_print.o
    0x08007b8e   0x08007b8e   0x00000002   PAD
    0x08007b90   0x08007b90   0x0000006e   Code   RO         1731    i._write_string     lc_print.o
    0x08007bfe   0x08007bfe   0x00000002   PAD
    0x08007c00   0x08007c00   0x0000004c   Code   RO         1952    i.acquire_and_process_data  main.o
    0x08007c4c   0x08007c4c   0x0000014c   Code   RO         1953    i.aiInit            main.o
    0x08007d98   0x08007d98   0x00000058   Code   RO         1954    i.aiPrintBufInfo    main.o
    0x08007df0   0x08007df0   0x00000060   Code   RO         1955    i.aiPrintDataInfo   main.o
    0x08007e50   0x08007e50   0x00000054   Code   RO         1956    i.aiPrintDataType   main.o
    0x08007ea4   0x08007ea4   0x0000022c   Code   RO         1957    i.aiPrintNetworkInfo  main.o
    0x080080d0   0x080080d0   0x00000054   Code   RO         1958    i.aiRun             main.o
    0x08008124   0x08008124   0x00000058   Code   RO          892    i.aiValidationInit  aivalidation.o
    0x0800817c   0x0800817c   0x00000036   Code   RO         5284    i.ai_array_get_byte_size  NetworkRuntime810_CM4_Keil.lib(ai_datatypes_format.o)
    0x080081b2   0x080081b2   0x0000001e   Code   RO         5285    i.ai_array_get_data_byte_size  NetworkRuntime810_CM4_Keil.lib(ai_datatypes_format.o)
    0x080081d0   0x080081d0   0x00000128   Code   RO         5287    i.ai_array_to_buffer_fmt  NetworkRuntime810_CM4_Keil.lib(ai_datatypes_format.o)
    0x080082f8   0x080082f8   0x00000024   Code   RO         4951    i.ai_buffer_array_item_set_address  NetworkRuntime810_CM4_Keil.lib(ai_platform.o)
    0x0800831c   0x0800831c   0x00000012   Code   RO         4952    i.ai_buffer_array_sane  NetworkRuntime810_CM4_Keil.lib(ai_platform.o)
    0x0800832e   0x0800832e   0x00000010   Code   RO         4953    i.ai_buffer_get_byte_size  NetworkRuntime810_CM4_Keil.lib(ai_platform.o)
    0x0800833e   0x0800833e   0x00000002   PAD
    0x08008340   0x08008340   0x00000068   Code   RO         4954    i.ai_buffer_get_size  NetworkRuntime810_CM4_Keil.lib(ai_platform.o)
    0x080083a8   0x080083a8   0x0000002c   Code   RO         5777    i.ai_check_custom_types  NetworkRuntime810_CM4_Keil.lib(layers.o)
    0x080083d4   0x080083d4   0x00000182   Code   RO         5816    i.ai_conv2d_kernel_simple_opt_f32  NetworkRuntime810_CM4_Keil.lib(forward_lite_conv2d_if32of32wf32.o)
    0x08008556   0x08008556   0x0000007a   Code   RO         5063    i.ai_dict_decompress_f32  NetworkRuntime810_CM4_Keil.lib(layers_conv2d_generic_float.o)
    0x080085d0   0x080085d0   0x00000050   Code   RO         5782    i.ai_layers_forward_all  NetworkRuntime810_CM4_Keil.lib(layers.o)
    0x08008620   0x08008620   0x0000001e   Code   RO         5783    i.ai_layers_init_all  NetworkRuntime810_CM4_Keil.lib(layers.o)
    0x0800863e   0x0800863e   0x00000036   Code   RO         5784    i.ai_layers_post_init_all  NetworkRuntime810_CM4_Keil.lib(layers.o)
    0x08008674   0x08008674   0x00000018   Code   RO           10    i.ai_network_create  network.o
    0x0800868c   0x0800868c   0x00000084   Code   RO           11    i.ai_network_create_and_init  network.o
    0x08008710   0x08008710   0x00000028   Code   RO          381    i.ai_network_data_params_get  network_data.o
    0x08008738   0x08008738   0x00000004   Code   RO           14    i.ai_network_get_error  network.o
    0x0800873c   0x0800873c   0x00000058   Code   RO           16    i.ai_network_get_report  network.o
    0x08008794   0x08008794   0x00000030   Code   RO           17    i.ai_network_init   network.o
    0x080087c4   0x080087c4   0x00000014   Code   RO           18    i.ai_network_inputs_get  network.o
    0x080087d8   0x080087d8   0x00000014   Code   RO           19    i.ai_network_outputs_get  network.o
    0x080087ec   0x080087ec   0x00000004   Code   RO           20    i.ai_network_run    network.o
    0x080087f0   0x080087f0   0x0000018c   Code   RO         4978    i.ai_platform_api_get_network_report  NetworkRuntime810_CM4_Keil.lib(ai_platform_interface.o)
    0x0800897c   0x0800897c   0x00000014   Code   RO         4979    i.ai_platform_api_get_version  NetworkRuntime810_CM4_Keil.lib(ai_platform_interface.o)
    0x08008990   0x08008990   0x0000002c   Code   RO         4980    i.ai_platform_bind_network_params  NetworkRuntime810_CM4_Keil.lib(ai_platform_interface.o)
    0x080089bc   0x080089bc   0x0000001c   Code   RO         4981    i.ai_platform_context_acquire  NetworkRuntime810_CM4_Keil.lib(ai_platform_interface.o)
    0x080089d8   0x080089d8   0x0000002c   Code   RO         4983    i.ai_platform_get_activations_map  NetworkRuntime810_CM4_Keil.lib(ai_platform_interface.o)
    0x08008a04   0x08008a04   0x00000028   Code   RO         4984    i.ai_platform_get_weights_map  NetworkRuntime810_CM4_Keil.lib(ai_platform_interface.o)
    0x08008a2c   0x08008a2c   0x00000042   Code   RO         4985    i.ai_platform_inputs_get  NetworkRuntime810_CM4_Keil.lib(ai_platform_interface.o)
    0x08008a6e   0x08008a6e   0x00000002   PAD
    0x08008a70   0x08008a70   0x00000014   Code   RO         4986    i.ai_platform_interface_api_get_version  NetworkRuntime810_CM4_Keil.lib(ai_platform_interface.o)
    0x08008a84   0x08008a84   0x00000108   Code   RO         4987    i.ai_platform_network_create  NetworkRuntime810_CM4_Keil.lib(ai_platform_interface.o)
    0x08008b8c   0x08008b8c   0x0000001c   Code   RO         4989    i.ai_platform_network_get_error  NetworkRuntime810_CM4_Keil.lib(ai_platform_interface.o)
    0x08008ba8   0x08008ba8   0x0000010c   Code   RO         4990    i.ai_platform_network_init  NetworkRuntime810_CM4_Keil.lib(ai_platform_interface.o)
    0x08008cb4   0x08008cb4   0x00000046   Code   RO         4991    i.ai_platform_network_post_init  NetworkRuntime810_CM4_Keil.lib(ai_platform_interface.o)
    0x08008cfa   0x08008cfa   0x00000054   Code   RO         4992    i.ai_platform_network_process  NetworkRuntime810_CM4_Keil.lib(ai_platform_interface.o)
    0x08008d4e   0x08008d4e   0x0000000c   Code   RO         4993    i.ai_platform_network_set_error  NetworkRuntime810_CM4_Keil.lib(ai_platform_interface.o)
    0x08008d5a   0x08008d5a   0x00000048   Code   RO         4999    i.ai_platform_outputs_get  NetworkRuntime810_CM4_Keil.lib(ai_platform_interface.o)
    0x08008da2   0x08008da2   0x00000002   PAD
    0x08008da4   0x08008da4   0x00000010   Code   RO         5000    i.ai_platform_runtime_get_revision  NetworkRuntime810_CM4_Keil.lib(ai_platform_interface.o)
    0x08008db4   0x08008db4   0x00000014   Code   RO         5001    i.ai_platform_runtime_get_version  NetworkRuntime810_CM4_Keil.lib(ai_platform_interface.o)
    0x08008dc8   0x08008dc8   0x00000018   Code   RO         5045    i.ai_platform_version_get  NetworkRuntime810_CM4_Keil.lib(ai_datatypes_internal.o)
    0x08008de0   0x08008de0   0x0000001a   Code   RO         5099    i.ai_shape_get_size  NetworkRuntime810_CM4_Keil.lib(layers_nl_generic_float.o)
    0x08008dfa   0x08008dfa   0x0000000c   Code   RO         5046    i.ai_version_get    NetworkRuntime810_CM4_Keil.lib(ai_datatypes_internal.o)
    0x08008e06   0x08008e06   0x0000000c   Code   RO         5797    i.core_get_error    NetworkRuntime810_CM4_Keil.lib(core_common.o)
    0x08008e12   0x08008e12   0x00000004   Code   RO         5798    i.core_init         NetworkRuntime810_CM4_Keil.lib(core_common.o)
    0x08008e16   0x08008e16   0x0000001a   Code   RO         5799    i.core_set_error    NetworkRuntime810_CM4_Keil.lib(core_common.o)
    0x08008e30   0x08008e30   0x000000a0   Code   RO          895    i.cyclesCounterInit  aivalidation.o
    0x08008ed0   0x08008ed0   0x00000014   Code   RO         4885    i.delay_init        delay.o
    0x08008ee4   0x08008ee4   0x0000001a   Code   RO         4886    i.delay_ms          delay.o
    0x08008efe   0x08008efe   0x00000002   PAD
    0x08008f00   0x08008f00   0x00000034   Code   RO         4887    i.delay_us          delay.o
    0x08008f34   0x08008f34   0x000000fc   Code   RO         1575    i.devIdToStr        aitestutility.o
    0x08009030   0x08009030   0x00000094   Code   RO         1577    i.dwtCyclesToTime   aitestutility.o
    0x080090c4   0x080090c4   0x000001ca   Code   RO         5065    i.forward_conv2d_if32of32wf32  NetworkRuntime810_CM4_Keil.lib(layers_conv2d_generic_float.o)
    0x0800928e   0x0800928e   0x00000002   PAD
    0x08009290   0x08009290   0x000001ec   Code   RO         5069    i.forward_dense     NetworkRuntime810_CM4_Keil.lib(layers_conv2d_generic_float.o)
    0x0800947c   0x0800947c   0x00000170   Code   RO         5817    i.forward_lite_conv2d_if32of32wf32  NetworkRuntime810_CM4_Keil.lib(forward_lite_conv2d_if32of32wf32.o)
    0x080095ec   0x080095ec   0x0000007c   Code   RO         5834    i.forward_lite_dense_if32of32wf32  NetworkRuntime810_CM4_Keil.lib(lite_dense_if32.o)
    0x08009668   0x08009668   0x000000d0   Code   RO         5124    i.forward_relu      NetworkRuntime810_CM4_Keil.lib(layers_nl_generic_float.o)
    0x08009738   0x08009738   0x00000018   Code   RO         1578    i.fputc             aitestutility.o
    0x08009750   0x08009750   0x00000038   Code   RO         1579    i.getFlashCacheConf  aitestutility.o
    0x08009788   0x08009788   0x00000026   Code   RO         1580    i.getSysConf        aitestutility.o
    0x080097ae   0x080097ae   0x00000002   PAD
    0x080097b0   0x080097b0   0x00000028   Code   RO         5047    i.get_tensor_byte_size  NetworkRuntime810_CM4_Keil.lib(ai_datatypes_internal.o)
    0x080097d8   0x080097d8   0x0000001c   Code   RO         1585    i.lc_print          aitestutility.o
    0x080097f4   0x080097f4   0x00000610   Code   RO         1960    i.main              main.o
    0x08009e04   0x08009e04   0x0000006c   Code   RO           21    i.network_configure_activations  network.o
    0x08009e70   0x08009e70   0x000000d4   Code   RO           22    i.network_configure_weights  network.o
    0x08009f44   0x08009f44   0x00000024   Code   RO         1702    i.port_dwt_init_imp  ai_device_adaptor.o
    0x08009f68   0x08009f68   0x0000001c   Code   RO         1703    i.port_hal_crc_ip_init_imp  ai_device_adaptor.o
    0x08009f84   0x08009f84   0x00000020   Code   RO         1587    i.port_io_write     aitestutility.o
    0x08009fa4   0x08009fa4   0x00000044   Code   RO         1961    i.post_process      main.o
    0x08009fe8   0x08009fe8   0x00000090   Code   RO         5840    i.st_int8_copy      NetworkRuntime810_CM4_Keil.lib(st_int8_fill.o)
    0x0800a078   0x0800a078   0x000001b0   Code   RO         1589    i.systemSettingLog  aitestutility.o
    0x0800a228   0x0800a228   0x000001b0   Code   RO         1732    i.vlc_print         lc_print.o
    0x0800a3d8   0x0800a3d8   0x0000002c   Code   RO         7089    locale$$code        c_w.l(lc_numeric_c.o)
    0x0800a404   0x0800a404   0x00000018   Code   RO         6584    x$fpl$basic         fz_wm.l(basic.o)
    0x0800a41c   0x0800a41c   0x00000150   Code   RO         6586    x$fpl$dadd          fz_wm.l(daddsub_clz.o)
    0x0800a56c   0x0800a56c   0x00000018   Code   RO         6950    x$fpl$dcmpinf       fz_wm.l(dcmpi.o)
    0x0800a584   0x0800a584   0x000002b0   Code   RO         6593    x$fpl$ddiv          fz_wm.l(ddiv.o)
    0x0800a834   0x0800a834   0x0000005a   Code   RO         6596    x$fpl$dfixu         fz_wm.l(dfixu.o)
    0x0800a88e   0x0800a88e   0x00000026   Code   RO         6604    x$fpl$dfltu         fz_wm.l(dflt_clz.o)
    0x0800a8b4   0x0800a8b4   0x00000078   Code   RO         6610    x$fpl$dleqf         fz_wm.l(dleqf.o)
    0x0800a92c   0x0800a92c   0x00000154   Code   RO         6612    x$fpl$dmul          fz_wm.l(dmul.o)
    0x0800aa80   0x0800aa80   0x0000009c   Code   RO         6952    x$fpl$dnaninf       fz_wm.l(dnaninf.o)
    0x0800ab1c   0x0800ab1c   0x0000000c   Code   RO         6954    x$fpl$dretinf       fz_wm.l(dretinf.o)
    0x0800ab28   0x0800ab28   0x000001d4   Code   RO         6588    x$fpl$dsub          fz_wm.l(daddsub_clz.o)
    0x0800acfc   0x0800acfc   0x00000056   Code   RO         6614    x$fpl$f2d           fz_wm.l(f2d.o)
    0x0800ad52   0x0800ad52   0x0000008c   Code   RO         6956    x$fpl$fnaninf       fz_wm.l(fnaninf.o)
    0x0800adde   0x0800adde   0x0000000a   Code   RO         7100    x$fpl$fpinit        fz_wm.l(fpinit.o)
    0x0800ade8   0x0800ade8   0x00000078   Code   RO         6600    x$fpl$llufromd      fz_wm.l(dfixull.o)
    0x0800ae60   0x0800ae60   0x00000004   Code   RO         6622    x$fpl$printf1       fz_wm.l(printf1.o)
    0x0800ae64   0x0800ae64   0x00000000   Code   RO         6964    x$fpl$usenofp       fz_wm.l(usenofp.o)
    0x0800ae64   0x0800ae64   0x00000008   Data   RO           28    .constdata          network.o
    0x0800ae6c   0x0800ae6c   0x00000008   Data   RO           29    .constdata          network.o
    0x0800ae74   0x0800ae74   0x00000008   Data   RO           30    .constdata          network.o
    0x0800ae7c   0x0800ae7c   0x00000008   Data   RO           31    .constdata          network.o
    0x0800ae84   0x0800ae84   0x00000008   Data   RO           32    .constdata          network.o
    0x0800ae8c   0x0800ae8c   0x00000008   Data   RO           33    .constdata          network.o
    0x0800ae94   0x0800ae94   0x00000008   Data   RO           34    .constdata          network.o
    0x0800ae9c   0x0800ae9c   0x00000004   PAD
    0x0800aea0   0x0800aea0   0x00000110   Data   RO           35    .constdata          network.o
    0x0800afb0   0x0800afb0   0x00000068   Data   RO          384    .constdata          network_data.o
    0x0800b018   0x0800b018   0x00000008   PAD
    0x0800b020   0x0800b020   0x0000d8f8   Data   RO          434    .constdata          network_data_params.o
    0x08018918   0x08018918   0x00000007   Data   RO         1769    .constdata          syscalls.o
    0x0801891f   0x0801891f   0x00000008   Data   RO         1770    .constdata          syscalls.o
    0x08018927   0x08018927   0x00000008   Data   RO         1771    .constdata          syscalls.o
    0x0801892f   0x0801892f   0x00000001   PAD
    0x08018930   0x08018930   0x00000004   Data   RO         1964    .constdata          main.o
    0x08018934   0x08018934   0x00000008   Data   RO         3182    .constdata          stm32f4xx_hal_dma.o
    0x0801893c   0x0801893c   0x00000010   Data   RO         4556    .constdata          system_stm32f4xx.o
    0x0801894c   0x0801894c   0x00000008   Data   RO         4557    .constdata          system_stm32f4xx.o
    0x08018954   0x08018954   0x00004740   Data   RO         4709    .constdata          lcd.o
    0x0801d094   0x0801d094   0x0000006c   Data   RO         5002    .constdata          NetworkRuntime810_CM4_Keil.lib(ai_platform_interface.o)
    0x0801d100   0x0801d100   0x00000028   Data   RO         6521    .constdata          c_w.l(_printf_hex_int.o)
    0x0801d128   0x0801d128   0x00000094   Data   RO         7056    .constdata          c_w.l(bigflt0.o)
    0x0801d1bc   0x0801d1bc   0x00000061   Data   RO           36    .conststring        network.o
    0x0801d21d   0x0801d21d   0x00000003   PAD
    0x0801d220   0x0801d220   0x00000044   Data   RO         1592    .conststring        aitestutility.o
    0x0801d264   0x0801d264   0x00000020   Data   RO         7212    Region$$Table       anon$$obj.o
    0x0801d284   0x0801d284   0x0000001c   Data   RO         7088    locale$$data        c_w.l(lc_numeric_c.o)


    Execution Region RW_IRAM1 (Exec base: 0x20000000, Load base: 0x0801d2a0, Size: 0x00002ce8, Max: 0x0001c000, ABSOLUTE, COMPRESSED[0x0000036c])

    Exec Addr    Load Addr    Size         Type   Attr      Idx    E Section Name        Object

    0x20000000   COMPRESSED   0x00000010   Data   RW           37    .data               network.o
    0x20000010   COMPRESSED   0x00000010   Data   RW           38    .data               network.o
    0x20000020   COMPRESSED   0x00000010   Data   RW           39    .data               network.o
    0x20000030   COMPRESSED   0x00000010   Data   RW           40    .data               network.o
    0x20000040   COMPRESSED   0x00000010   Data   RW           41    .data               network.o
    0x20000050   COMPRESSED   0x00000010   Data   RW           42    .data               network.o
    0x20000060   COMPRESSED   0x00000010   Data   RW           43    .data               network.o
    0x20000070   COMPRESSED   0x00000010   Data   RW           44    .data               network.o
    0x20000080   COMPRESSED   0x00000010   Data   RW           45    .data               network.o
    0x20000090   COMPRESSED   0x00000010   Data   RW           46    .data               network.o
    0x200000a0   COMPRESSED   0x00000010   Data   RW           47    .data               network.o
    0x200000b0   COMPRESSED   0x00000010   Data   RW           48    .data               network.o
    0x200000c0   COMPRESSED   0x00000010   Data   RW           49    .data               network.o
    0x200000d0   COMPRESSED   0x00000010   Data   RW           50    .data               network.o
    0x200000e0   COMPRESSED   0x00000010   Data   RW           51    .data               network.o
    0x200000f0   COMPRESSED   0x00000010   Data   RW           52    .data               network.o
    0x20000100   COMPRESSED   0x00000010   Data   RW           53    .data               network.o
    0x20000110   COMPRESSED   0x00000010   Data   RW           54    .data               network.o
    0x20000120   COMPRESSED   0x00000010   Data   RW           55    .data               network.o
    0x20000130   COMPRESSED   0x00000010   Data   RW           56    .data               network.o
    0x20000140   COMPRESSED   0x00000010   Data   RW           57    .data               network.o
    0x20000150   COMPRESSED   0x00000010   Data   RW           58    .data               network.o
    0x20000160   COMPRESSED   0x00000010   Data   RW           59    .data               network.o
    0x20000170   COMPRESSED   0x00000010   Data   RW           60    .data               network.o
    0x20000180   COMPRESSED   0x00000010   Data   RW           61    .data               network.o
    0x20000190   COMPRESSED   0x00000010   Data   RW           62    .data               network.o
    0x200001a0   COMPRESSED   0x00000010   Data   RW           63    .data               network.o
    0x200001b0   COMPRESSED   0x00000010   Data   RW           64    .data               network.o
    0x200001c0   COMPRESSED   0x00000010   Data   RW           65    .data               network.o
    0x200001d0   COMPRESSED   0x00000010   Data   RW           66    .data               network.o
    0x200001e0   COMPRESSED   0x00000010   Data   RW           67    .data               network.o
    0x200001f0   COMPRESSED   0x00000010   Data   RW           68    .data               network.o
    0x20000200   COMPRESSED   0x00000010   Data   RW           69    .data               network.o
    0x20000210   COMPRESSED   0x00000010   Data   RW           70    .data               network.o
    0x20000220   COMPRESSED   0x00000004   Data   RW           71    .data               network.o
    0x20000224   COMPRESSED   0x00000004   Data   RW           72    .data               network.o
    0x20000228   COMPRESSED   0x00000008   Data   RW           73    .data               network.o
    0x20000230   COMPRESSED   0x00000004   Data   RW           74    .data               network.o
    0x20000234   COMPRESSED   0x00000030   Data   RW           75    .data               network.o
    0x20000264   COMPRESSED   0x00000004   Data   RW           76    .data               network.o
    0x20000268   COMPRESSED   0x00000004   Data   RW           77    .data               network.o
    0x2000026c   COMPRESSED   0x00000004   Data   RW           78    .data               network.o
    0x20000270   COMPRESSED   0x00000004   Data   RW           79    .data               network.o
    0x20000274   COMPRESSED   0x00000030   Data   RW           80    .data               network.o
    0x200002a4   COMPRESSED   0x00000004   Data   RW           81    .data               network.o
    0x200002a8   COMPRESSED   0x00000004   Data   RW           82    .data               network.o
    0x200002ac   COMPRESSED   0x00000008   Data   RW           83    .data               network.o
    0x200002b4   COMPRESSED   0x00000004   Data   RW           84    .data               network.o
    0x200002b8   COMPRESSED   0x00000030   Data   RW           85    .data               network.o
    0x200002e8   COMPRESSED   0x00000004   Data   RW           86    .data               network.o
    0x200002ec   COMPRESSED   0x00000004   Data   RW           87    .data               network.o
    0x200002f0   COMPRESSED   0x00000004   Data   RW           88    .data               network.o
    0x200002f4   COMPRESSED   0x00000004   Data   RW           89    .data               network.o
    0x200002f8   COMPRESSED   0x00000030   Data   RW           90    .data               network.o
    0x20000328   COMPRESSED   0x00000004   Data   RW           91    .data               network.o
    0x2000032c   COMPRESSED   0x00000004   Data   RW           92    .data               network.o
    0x20000330   COMPRESSED   0x00000008   Data   RW           93    .data               network.o
    0x20000338   COMPRESSED   0x00000004   Data   RW           94    .data               network.o
    0x2000033c   COMPRESSED   0x00000030   Data   RW           95    .data               network.o
    0x2000036c   COMPRESSED   0x00000004   Data   RW           96    .data               network.o
    0x20000370   COMPRESSED   0x00000004   Data   RW           97    .data               network.o
    0x20000374   COMPRESSED   0x00000004   Data   RW           98    .data               network.o
    0x20000378   COMPRESSED   0x00000004   Data   RW           99    .data               network.o
    0x2000037c   COMPRESSED   0x00000030   Data   RW          100    .data               network.o
    0x200003ac   COMPRESSED   0x00000004   Data   RW          101    .data               network.o
    0x200003b0   COMPRESSED   0x00000004   Data   RW          102    .data               network.o
    0x200003b4   COMPRESSED   0x0000000c   Data   RW          103    .data               network.o
    0x200003c0   COMPRESSED   0x00000004   Data   RW          104    .data               network.o
    0x200003c4   COMPRESSED   0x00000030   Data   RW          105    .data               network.o
    0x200003f4   COMPRESSED   0x00000010   Data   RW          106    .data               network.o
    0x20000404   COMPRESSED   0x0000001c   Data   RW          107    .data               network.o
    0x20000420   COMPRESSED   0x00000010   Data   RW          108    .data               network.o
    0x20000430   COMPRESSED   0x0000001c   Data   RW          109    .data               network.o
    0x2000044c   COMPRESSED   0x00000004   Data   RW          110    .data               network.o
    0x20000450   COMPRESSED   0x00000008   Data   RW          111    .data               network.o
    0x20000458   COMPRESSED   0x0000000c   Data   RW          112    .data               network.o
    0x20000464   COMPRESSED   0x00000004   Data   RW          113    .data               network.o
    0x20000468   COMPRESSED   0x00000008   Data   RW          114    .data               network.o
    0x20000470   COMPRESSED   0x0000000c   Data   RW          115    .data               network.o
    0x2000047c   COMPRESSED   0x00000018   Data   RW          116    .data               network.o
    0x20000494   COMPRESSED   0x00000154   Data   RW          117    .data               network.o
    0x200005e8   COMPRESSED   0x0000001c   Data   RW          118    .data               network.o
    0x20000604   COMPRESSED   0x0000001c   Data   RW          119    .data               network.o
    0x20000620   COMPRESSED   0x0000001c   Data   RW          120    .data               network.o
    0x2000063c   COMPRESSED   0x0000001c   Data   RW          121    .data               network.o
    0x20000658   COMPRESSED   0x0000001c   Data   RW          122    .data               network.o
    0x20000674   COMPRESSED   0x0000001c   Data   RW          123    .data               network.o
    0x20000690   COMPRESSED   0x0000001c   Data   RW          124    .data               network.o
    0x200006ac   COMPRESSED   0x0000001c   Data   RW          125    .data               network.o
    0x200006c8   COMPRESSED   0x0000001c   Data   RW          126    .data               network.o
    0x200006e4   COMPRESSED   0x0000001c   Data   RW          127    .data               network.o
    0x20000700   COMPRESSED   0x0000001c   Data   RW          128    .data               network.o
    0x2000071c   COMPRESSED   0x0000001c   Data   RW          129    .data               network.o
    0x20000738   COMPRESSED   0x0000001c   Data   RW          130    .data               network.o
    0x20000754   COMPRESSED   0x0000001c   Data   RW          131    .data               network.o
    0x20000770   COMPRESSED   0x0000001c   Data   RW          132    .data               network.o
    0x2000078c   COMPRESSED   0x0000001c   Data   RW          133    .data               network.o
    0x200007a8   COMPRESSED   0x0000001c   Data   RW          134    .data               network.o
    0x200007c4   COMPRESSED   0x0000001c   Data   RW          135    .data               network.o
    0x200007e0   COMPRESSED   0x00000020   Data   RW          136    .data               network.o
    0x20000800   COMPRESSED   0x0000001c   Data   RW          137    .data               network.o
    0x2000081c   COMPRESSED   0x00000020   Data   RW          138    .data               network.o
    0x2000083c   COMPRESSED   0x0000001c   Data   RW          139    .data               network.o
    0x20000858   COMPRESSED   0x00000020   Data   RW          140    .data               network.o
    0x20000878   COMPRESSED   0x00000044   Data   RW          141    .data               network.o
    0x200008bc   COMPRESSED   0x00000010   Data   RW          385    .data               network_data.o
    0x200008cc   COMPRESSED   0x00000010   Data   RW          386    .data               network_data.o
    0x200008dc   COMPRESSED   0x0000001c   Data   RW          387    .data               network_data.o
    0x200008f8   COMPRESSED   0x0000001c   Data   RW          388    .data               network_data.o
    0x20000914   COMPRESSED   0x00000001   Data   RW         1593    .data               aitestutility.o
    0x20000915   COMPRESSED   0x0000000b   PAD
    0x20000920   COMPRESSED   0x00000174   Data   RW         1965    .data               main.o
    0x20000a94   COMPRESSED   0x00000008   Data   RW         2165    .data               crc.o
    0x20000a9c   COMPRESSED   0x00000008   Data   RW         2233    .data               fsmc.o
    0x20000aa4   COMPRESSED   0x0000000c   Data   RW         3609    .data               stm32f4xx_hal.o
    0x20000ab0   COMPRESSED   0x00000004   Data   RW         4558    .data               system_stm32f4xx.o
    0x20000ab4   COMPRESSED   0x00000001   Data   RW         4648    .data               key.o
    0x20000ab5   COMPRESSED   0x00000003   PAD
    0x20000ab8   COMPRESSED   0x00000008   Data   RW         4710    .data               lcd.o
    0x20000ac0   COMPRESSED   0x00000004   Data   RW         4888    .data               delay.o
    0x20000ac4   COMPRESSED   0x00000004   Data   RW         6900    .data               c_w.l(stdio_streams.o)
    0x20000ac8   COMPRESSED   0x00000004   Data   RW         6901    .data               c_w.l(stdio_streams.o)
    0x20000acc   COMPRESSED   0x00000004   Data   RW         6902    .data               c_w.l(stdio_streams.o)
    0x20000ad0        -       0x00000010   Zero   RW           23    .bss                network.o
    0x20000ae0        -       0x0000001c   Zero   RW           24    .bss                network.o
    0x20000afc        -       0x00000010   Zero   RW           25    .bss                network.o
    0x20000b0c        -       0x0000001c   Zero   RW           26    .bss                network.o
    0x20000b28        -       0x00000010   Zero   RW           27    .bss                network.o
    0x20000b38        -       0x0000000c   Zero   RW         1591    .bss                aitestutility.o
    0x20000b44   COMPRESSED   0x0000001c   PAD
    0x20000b60        -       0x00000180   Zero   RW         1962    .bss                main.o
    0x20000ce0        -       0x00000d10   Zero   RW         1963    .bss                main.o
    0x200019f0        -       0x000000a8   Zero   RW         2123    .bss                adc.o
    0x20001a98        -       0x00000050   Zero   RW         2232    .bss                fsmc.o
    0x20001ae8        -       0x00000044   Zero   RW         2279    .bss                usart.o
    0x20001b2c        -       0x0000005e   Zero   RW         4708    .bss                lcd.o
    0x20001b8a   COMPRESSED   0x00000002   PAD
    0x20001b8c        -       0x00000054   Zero   RW         6897    .bss                c_w.l(stdio_streams.o)
    0x20001be0        -       0x00000054   Zero   RW         6898    .bss                c_w.l(stdio_streams.o)
    0x20001c34        -       0x00000054   Zero   RW         6899    .bss                c_w.l(stdio_streams.o)
    0x20001c88        -       0x00000060   Zero   RW         7012    .bss                c_w.l(libspace.o)
    0x20001ce8        -       0x00000800   Zero   RW            2    HEAP                startup_stm32f407xx.o
    0x200024e8        -       0x00000800   Zero   RW            1    STACK               startup_stm32f407xx.o


    Execution Region RW_IRAM2 (Exec base: 0x2001c000, Load base: 0x0801d60c, Size: 0x00000000, Max: 0x00004000, ABSOLUTE)

    **** No section assigned to this execution region ****


==============================================================================

Image component sizes


      Code (inc. data)   RO Data    RW Data    ZI Data      Debug   Object Name

       508         36          0          0        168       2015   adc.o
        64         16          0          0          0       1379   ai_device_adaptor.o
         0          0          0          0          0     683156   aipbio.o
         0          0          0          0          0       1236   aitesthelper.o
      1034        450         68          1         12      10727   aitestutility.o
       248        112          0          0          0       2808   aivalidation.o
        14          0          0          0          0        524   app_x-cube-ai.o
        76         18          0          8          0       1527   crc.o
        98          8          0          4          0       1927   delay.o
       346         24          0          0          0       3447   dht11.o
        44          4          0          0          0        774   dma.o
       312         34          0          8         80       2291   fsmc.o
       176         10          0          0          0       1067   gpio.o
       216         24          0          1          0       1614   key.o
      1172         42          0          0          0       6252   lc_print.o
     11362         98      18240          8         94      19242   lcd.o
      3308        970          4        372       3728      12606   main.o
       660         38        425       2236        104      57142   network.o
        40          4        104         88          0      15513   network_data.o
         0          0      55544          0          0      14946   network_data_params.o
        64         26        392          0       4096        844   startup_stm32f407xx.o
       216         42          0         12          0      11031   stm32f4xx_hal.o
      1200         66          0          0          0       7449   stm32f4xx_hal_adc.o
       222         14          0          0          0      34585   stm32f4xx_hal_cortex.o
        34          0          0          0          0       1047   stm32f4xx_hal_crc.o
      1084         16          8          0          0       7346   stm32f4xx_hal_dma.o
       532         46          0          0          0       3496   stm32f4xx_hal_gpio.o
        48          6          0          0          0        854   stm32f4xx_hal_msp.o
      1356         78          0          0          0       5720   stm32f4xx_hal_rcc.o
        92          0          0          0          0       1220   stm32f4xx_hal_sram.o
      1636         16          0          0          0      11287   stm32f4xx_hal_uart.o
        44         12          0          0          0       5112   stm32f4xx_it.o
       232         14          0          0          0       3947   stm32f4xx_ll_fsmc.o
       170         24         23          0          0       4610   syscalls.o
        16          4         24          4          0       1127   system_stm32f4xx.o
       180         22          0          0         68       1714   usart.o

    ----------------------------------------------------------------------
     26844       2274      74880       2756       8380     941582   Object Totals
         0          0         32          0          0          0   (incl. Generated)
        40          0         16         14         30          0   (incl. Padding)

    ----------------------------------------------------------------------

      Code (inc. data)   RO Data    RW Data    ZI Data      Debug   Library Member Name

       380         54          0          0          0        360   ai_datatypes_format.o
        76          6          0          0          0        348   ai_datatypes_internal.o
       174          8          0          0          0        484   ai_platform.o
      2880        150        108          0          0       3764   ai_platform_interface.o
        42          0          0          0          0        348   core_common.o
       754          6          0          0          0        308   forward_lite_conv2d_if32of32wf32.o
       226          6          0          0          0        628   layers.o
      1604         14          0          0          0        700   layers_conv2d_generic_float.o
       462         16          0          0          0        492   layers_nl_generic_float.o
       372          8          0          0          0        272   lite_dense_if32.o
       144          0          0          0          0        132   st_int8_fill.o
        90          0          0          0          0          0   __dczerorl2.o
         8          0          0          0          0         68   __main.o
       352          0          0          0          0         88   __printf_ss_wp.o
        14          0          0          0          0         68   __printf_wp.o
         0          0          0          0          0          0   __rtentry.o
        12          0          0          0          0          0   __rtentry2.o
         6          0          0          0          0          0   __rtentry4.o
        52          8          0          0          0          0   __scatter.o
        28          0          0          0          0          0   __scatter_zi.o
        44          0          0          0          0        108   _printf_char.o
        48          6          0          0          0         96   _printf_char_common.o
        36          4          0          0          0         80   _printf_char_file.o
         6          0          0          0          0          0   _printf_d.o
       120         16          0          0          0         92   _printf_dec.o
         6          0          0          0          0          0   _printf_f.o
      1054          0          0          0          0        216   _printf_fp_dec.o
       128         16          0          0          0         84   _printf_fp_infnan.o
        88          4         40          0          0         88   _printf_hex_int.o
       178          0          0          0          0         88   _printf_intcommon.o
         0          0          0          0          0          0   _printf_percent.o
         4          0          0          0          0          0   _printf_percent_end.o
         6          0          0          0          0          0   _printf_s.o
        82          0          0          0          0         80   _printf_str.o
         6          0          0          0          0          0   _printf_u.o
         6          0          0          0          0          0   _printf_x.o
        10          0          0          0          0         68   _sputc.o
       228          4        148          0          0         96   bigflt0.o
      1936        128          0          0          0        672   btod.o
        10          0          0          0          0         68   defsig_exit.o
        50          0          0          0          0         88   defsig_general.o
        80         58          0          0          0         76   defsig_rtmem_inner.o
        14          0          0          0          0         80   defsig_rtmem_outer.o
        52         38          0          0          0         76   defsig_rtred_inner.o
        14          0          0          0          0         80   defsig_rtred_outer.o
        18          0          0          0          0         80   exit.o
        76          0          0          0          0         88   fclose.o
         8          0          0          0          0         68   ferror.o
       236          4          0          0          0        128   fopen.o
       248          6          0          0          0         84   fseek.o
        66          0          0          0          0         76   ftell.o
        94          0          0          0          0         80   h1_alloc.o
        52          0          0          0          0         68   h1_extend.o
        78          0          0          0          0         80   h1_free.o
        14          0          0          0          0         84   h1_init.o
         6          0          0          0          0        152   heapauxi.o
         4          0          0          0          0        136   hguard.o
         0          0          0          0          0          0   indicate_semi.o
       138          0          0          0          0        168   init_alloc.o
       312         46          0          0          0        112   initio.o
        44         10         28          0          0         76   lc_numeric_c.o
         2          0          0          0          0          0   libinit.o
        34          0          0          0          0          0   libinit2.o
         2          0          0          0          0          0   libshutdown.o
         6          0          0          0          0          0   libshutdown2.o
         8          4          0          0         96         68   libspace.o
       138          0          0          0          0         80   lludiv10.o
       238          0          0          0          0        100   lludivv7m.o
         0          0          0          0          0          0   maybetermalloc1.o
        88          0          0          0          0         76   memcmp.o
        24          4          0          0          0         84   noretval__2printf.o
        40          6          0          0          0         84   noretval__2sprintf.o
         8          4          0          0          0         68   rt_errno_addr_intlibspace.o
         8          4          0          0          0         68   rt_heap_descriptor_intlibspace.o
         8          4          0          0          0         68   rt_locale_intlibspace.o
        78          0          0          0          0         80   rt_memclr_w.o
       100          0          0          0          0         80   rt_memcpy_w.o
         2          0          0          0          0          0   rtexit.o
        10          0          0          0          0          0   rtexit2.o
        70          0          0          0          0         80   setvbuf.o
       240          6          0          0          0        156   stdio.o
         0          0          0         12        252          0   stdio_streams.o
       128          0          0          0          0         68   strcmpv7m.o
        62          0          0          0          0         76   strlen.o
        12          4          0          0          0         68   sys_exit.o
        74          0          0          0          0         80   sys_stackheap_outer.o
        14          0          0          0          0         76   sys_wrch.o
         2          0          0          0          0         68   use_no_semi.o
        24          0          0          0          0        164   basic.o
       804         16          0          0          0        368   daddsub_clz.o
        24          0          0          0          0        116   dcmpi.o
       688        140          0          0          0        256   ddiv.o
        90          4          0          0          0        140   dfixu.o
       120          4          0          0          0        152   dfixull.o
        38          0          0          0          0        116   dflt_clz.o
       120          4          0          0          0        140   dleqf.o
       340         12          0          0          0        152   dmul.o
       156          4          0          0          0        140   dnaninf.o
        12          0          0          0          0        116   dretinf.o
        86          4          0          0          0        132   f2d.o
       140          4          0          0          0        132   fnaninf.o
        10          0          0          0          0        116   fpinit.o
         4          0          0          0          0        116   printf1.o
         0          0          0          0          0          0   usenofp.o
        48          0          0          0          0        124   fpclassify.o

    ----------------------------------------------------------------------
     17408        844        324         12        348      15784   Library Totals
        32          0          0          0          0          0   (incl. Padding)

    ----------------------------------------------------------------------

      Code (inc. data)   RO Data    RW Data    ZI Data      Debug   Library Name

      7114        268        108          0          0       7836   NetworkRuntime810_CM4_Keil.lib
      7558        384        216         12        348       5468   c_w.l
      2656        192          0          0          0       2356   fz_wm.l
        48          0          0          0          0        124   m_wm.l

    ----------------------------------------------------------------------
     17408        844        324         12        348      15784   Library Totals

    ----------------------------------------------------------------------

==============================================================================


      Code (inc. data)   RO Data    RW Data    ZI Data      Debug   

     44252       3118      75204       2768       8728     931946   Grand Totals
     44252       3118      75204        876       8728     931946   ELF Image Totals (compressed)
     44252       3118      75204        876          0          0   ROM Totals

==============================================================================

    Total RO  Size (Code + RO Data)               119456 ( 116.66kB)
    Total RW  Size (RW Data + ZI Data)             11496 (  11.23kB)
    Total ROM Size (Code + RO Data + RW Data)     120332 ( 117.51kB)

==============================================================================

