<html>
<body>
<pre>
<h1>礦ision Build Log</h1>
<h2>Tool Versions:</h2>
IDE-Version: μVision V5.24.2.0
Copyright (C) 2017 ARM Ltd and ARM Germany GmbH. All rights reserved.
License Information: LIU Administrator, empty, LIC=MPPLD-8X1WS-DYUV3-A28WA-FN80G-S5A71
 
Tool Versions:
Toolchain:       MDK-ARM Plus  Version: 5.24.1
Toolchain Path:  F:\Keil_v5\ARM\ARMCC\Bin
C Compiler:      Armcc.exe V5.06 update 5 (build 528)
Assembler:       Armasm.exe V5.06 update 5 (build 528)
Linker/Locator:  ArmLink.exe V5.06 update 5 (build 528)
Library Manager: ArmAr.exe V5.06 update 5 (build 528)
Hex Converter:   FromElf.exe V5.06 update 5 (build 528)
CPU DLL:         SARMCM3.DLL V5.24.1
Dialog DLL:      DCM.DLL V1.16.0.0
Target DLL:      STLink\ST-LINKIII-KEIL_SWO.dll V3.0.1.0
Dialog DLL:      TCM.DLL V1.32.0.0
 
<h2>Project:</h2>
E:\研究生\研究生\论文\PSEP-D-24-06006\PSEP-D-24-06006\response\cecnn\MDK-ARM\cecnn.uvprojx
Project File Date:  02/22/2025

<h2>Output:</h2>
*** Using Compiler 'V5.06 update 5 (build 528)', folder: 'F:\Keil_v5\ARM\ARMCC\Bin'
Rebuild target 'cecnn'
assembling startup_stm32f407xx.s...
compiling stm32msg.pb.c...
compiling pb_common.c...
compiling cecnn_data.c...
compiling aiPbMemRWServices.c...
compiling cecnn_data_params.c...
compiling pb_encode.c...
compiling cecnn.c...
compiling pb_decode.c...
compiling lc_print.c...
compiling aiPbMgr.c...
compiling syscalls.c...
compiling aiTestUtility.c...
compiling dma.c...
compiling adc.c...
compiling gpio.c...
compiling app_x-cube-ai.c...
compiling aiPbIO.c...
compiling crc.c...
compiling stm32f4xx_ll_adc.c...
compiling ai_device_adaptor.c...
compiling aiValidation.c...
compiling main.c...
../Core/Src/main.c(101): warning:  #223-D: function "printf" declared implicitly
  	printf("in_data:");
../Core/Src/main.c(117): warning:  #223-D: function "printf" declared implicitly
  	printf("(%lu, %lu, %lu, %lu)", AI_BUFFER_SHAPE_ELEM(buffer, AI_SHAPE_BATCH),
../Core/Src/main.c(127): warning:  #223-D: function "printf" declared implicitly
      	printf("float%d ", (int)AI_BUFFER_FMT_GET_BITS(fmt));
../Core/Src/main.c(129): warning:  #223-D: function "printf" declared implicitly
      	printf("bool%d ", (int)AI_BUFFER_FMT_GET_BITS(fmt));
../Core/Src/main.c(131): warning:  #223-D: function "printf" declared implicitly
      	printf("%s%d ", AI_BUFFER_FMT_GET_SIGN(fmt)?"i":"u",
../Core/Src/main.c(139): warning:  #223-D: function "printf" declared implicitly
  		  printf(" @0x%X/%d \n",
../Core/Src/main.c(144): warning:  #223-D: function "printf" declared implicitly
  		  printf(" (User Domain)/%d \n",
../Core/Src/main.c(151): warning:  #223-D: function "printf" declared implicitly
  	printf(" Model name      : %s\r\n", report.model_name);
../Core/Src/main.c(193): warning:  #223-D: function "printf" declared implicitly
  	  printf("ai_error_type:%d,ai_error_code:%d\r\n",err.type,err.code);
../Core/Src/main.c(198): warning:  #223-D: function "printf" declared implicitly
        printf("ai get report error\n");
../Core/Src/main.c(210): warning:  #223-D: function "printf" declared implicitly
    printf(" n_inputs/n_outputs : %u/%u\r\n", report.n_inputs,
../Core/Src/main.c(239): warning:  #223-D: function "printf" declared implicitly
  	  printf("ai_error_type:%d,ai_error_code:%d\r\n",err.type,err.code);
../Core/Src/main.c(270): warning:  #223-D: function "printf" declared implicitly
  	printf("\r\n");
../Core/Src/main.c(246): warning:  #177-D: variable "max_out"  was declared but never referenced
  	ai_float max_out = 0;
../Core/Src/main.c(247): warning:  #177-D: variable "potency"  was declared but never referenced
  	ai_float potency = 0;
../Core/Src/main.c(280): warning:  #223-D: function "printf" declared implicitly
  		printf("%.4f ",in_buf[i]);
../Core/Src/main.c(282): warning:  #223-D: function "printf" declared implicitly
  	printf("\r\n");
../Core/Src/main.c(393): warning:  #223-D: function "sprintf" declared implicitly
  	sprintf((char*)Concentration,"%.1f(ppm)",potency1);
../Core/Src/main.c(336): warning:  #177-D: variable "key"  was declared but never referenced
  	u8 key = 0;
../Core/Src/main.c: 19 warnings, 0 errors
compiling aiTestHelper.c...
compiling stm32f4xx_hal_flash.c...
compiling stm32f4xx_hal_msp.c...
compiling stm32f4xx_hal_flash_ramfunc.c...
compiling usart.c...
compiling fsmc.c...
compiling stm32f4xx_hal_rcc_ex.c...
compiling stm32f4xx_hal_flash_ex.c...
compiling stm32f4xx_it.c...
compiling stm32f4xx_hal_rcc.c...
compiling stm32f4xx_hal_adc.c...
compiling stm32f4xx_hal_pwr.c...
compiling stm32f4xx_hal_adc_ex.c...
compiling stm32f4xx_hal_cortex.c...
compiling stm32f4xx_hal_gpio.c...
compiling stm32f4xx_hal_dma_ex.c...
compiling stm32f4xx_hal_pwr_ex.c...
compiling stm32f4xx_hal_exti.c...
compiling stm32f4xx_hal_crc.c...
compiling stm32f4xx_hal.c...
compiling stm32f4xx_hal_dma.c...
compiling dht11.c...
compiling key.c...
compiling stm32f4xx_hal_sram.c...
compiling stm32f4xx_hal_tim_ex.c...
compiling stm32f4xx_ll_fsmc.c...
compiling stm32f4xx_hal_tim.c...
compiling sys.c...
compiling system_stm32f4xx.c...
compiling lcd.c...
compiling delay.c...
compiling stm32f4xx_hal_uart.c...
linking...
Program Size: Code=46164 RO-data=119464 RW-data=5004 ZI-data=35412  
FromELF: creating hex file...
"cecnn\cecnn.axf" - 0 Error(s), 19 Warning(s).

<h2>Software Packages used:</h2>

Package Vendor: ARM
                http://www.keil.com/pack/ARM.CMSIS.5.0.1.pack
                ARM.CMSIS.5.0.1
                CMSIS (Cortex Microcontroller Software Interface Standard)
   * Component: CORE Version: 5.0.1

Package Vendor: Keil
                http://www.keil.com/pack/Keil.STM32F4xx_DFP.2.15.0.pack
                Keil.STM32F4xx_DFP.2.15.0
                STMicroelectronics STM32F4 Series Device Support, Drivers and Examples

<h2>Collection of Component include folders:</h2>
  .\RTE\_cecnn
  F:\Keil_v5\ARM\PACK\ARM\CMSIS\5.0.1\CMSIS\Include
  F:\Keil_v5\ARM\PACK\Keil\STM32F4xx_DFP\2.15.0\Drivers\CMSIS\Device\ST\STM32F4xx\Include

<h2>Collection of Component Files used:</h2>

   * Component: ARM::CMSIS:CORE:5.0.1
Build Time Elapsed:  00:00:21
</pre>
</body>
</html>
