Component: ARM Compiler 5.06 update 5 (build 528) Tool: armlink [4d35e2]

==============================================================================

Section Cross References

    startup_stm32f407xx.o(STACK) refers (Special) to heapauxi.o(.text) for __use_two_region_memory
    startup_stm32f407xx.o(HEAP) refers (Special) to heapauxi.o(.text) for __use_two_region_memory
    startup_stm32f407xx.o(RESET) refers (Special) to heapauxi.o(.text) for __use_two_region_memory
    startup_stm32f407xx.o(RESET) refers to startup_stm32f407xx.o(STACK) for __initial_sp
    startup_stm32f407xx.o(RESET) refers to startup_stm32f407xx.o(.text) for Reset_Handler
    startup_stm32f407xx.o(RESET) refers to stm32f4xx_it.o(i.NMI_Handler) for NMI_Handler
    startup_stm32f407xx.o(RESET) refers to stm32f4xx_it.o(i.HardFault_Handler) for HardFault_Handler
    startup_stm32f407xx.o(RESET) refers to stm32f4xx_it.o(i.MemManage_Handler) for MemManage_Handler
    startup_stm32f407xx.o(RESET) refers to stm32f4xx_it.o(i.BusFault_Handler) for BusFault_Handler
    startup_stm32f407xx.o(RESET) refers to stm32f4xx_it.o(i.UsageFault_Handler) for UsageFault_Handler
    startup_stm32f407xx.o(RESET) refers to stm32f4xx_it.o(i.SVC_Handler) for SVC_Handler
    startup_stm32f407xx.o(RESET) refers to stm32f4xx_it.o(i.DebugMon_Handler) for DebugMon_Handler
    startup_stm32f407xx.o(RESET) refers to stm32f4xx_it.o(i.PendSV_Handler) for PendSV_Handler
    startup_stm32f407xx.o(RESET) refers to stm32f4xx_it.o(i.SysTick_Handler) for SysTick_Handler
    startup_stm32f407xx.o(RESET) refers to stm32f4xx_it.o(i.USART1_IRQHandler) for USART1_IRQHandler
    startup_stm32f407xx.o(RESET) refers to stm32f4xx_it.o(i.DMA2_Stream0_IRQHandler) for DMA2_Stream0_IRQHandler
    startup_stm32f407xx.o(.text) refers (Special) to heapauxi.o(.text) for __use_two_region_memory
    startup_stm32f407xx.o(.text) refers to system_stm32f4xx.o(i.SystemInit) for SystemInit
    startup_stm32f407xx.o(.text) refers to __main.o(!!!main) for __main
    startup_stm32f407xx.o(.text) refers to startup_stm32f407xx.o(HEAP) for Heap_Mem
    startup_stm32f407xx.o(.text) refers to startup_stm32f407xx.o(STACK) for Stack_Mem
    cecnn.o(i.ai_cecnn_create) refers to ai_platform_interface.o(i.ai_platform_network_create) for ai_platform_network_create
    cecnn.o(i.ai_cecnn_create) refers to cecnn.o(.data) for .data
    cecnn.o(i.ai_cecnn_create_and_init) refers to cecnn.o(i.ai_cecnn_create) for ai_cecnn_create
    cecnn.o(i.ai_cecnn_create_and_init) refers to cecnn_data.o(i.ai_cecnn_data_params_get) for ai_cecnn_data_params_get
    cecnn.o(i.ai_cecnn_create_and_init) refers to cecnn.o(i.ai_cecnn_get_error) for ai_cecnn_get_error
    cecnn.o(i.ai_cecnn_create_and_init) refers to ai_platform.o(i.ai_buffer_array_item_set_address) for ai_buffer_array_item_set_address
    cecnn.o(i.ai_cecnn_create_and_init) refers to cecnn.o(i.ai_cecnn_init) for ai_cecnn_init
    cecnn.o(i.ai_cecnn_destroy) refers to ai_platform_interface.o(i.ai_platform_network_destroy) for ai_platform_network_destroy
    cecnn.o(i.ai_cecnn_forward) refers to ai_platform_interface.o(i.ai_platform_network_process) for ai_platform_network_process
    cecnn.o(i.ai_cecnn_get_error) refers to ai_platform_interface.o(i.ai_platform_network_get_error) for ai_platform_network_get_error
    cecnn.o(i.ai_cecnn_get_info) refers to ai_platform_interface.o(i.ai_platform_context_acquire) for ai_platform_context_acquire
    cecnn.o(i.ai_cecnn_get_info) refers to rt_memcpy_w.o(.text) for __aeabi_memcpy4
    cecnn.o(i.ai_cecnn_get_info) refers to ai_platform_interface.o(i.ai_platform_runtime_get_revision) for ai_platform_runtime_get_revision
    cecnn.o(i.ai_cecnn_get_info) refers to ai_platform_interface.o(i.ai_platform_runtime_get_version) for ai_platform_runtime_get_version
    cecnn.o(i.ai_cecnn_get_info) refers to ai_platform_interface.o(i.ai_platform_api_get_version) for ai_platform_api_get_version
    cecnn.o(i.ai_cecnn_get_info) refers to ai_platform_interface.o(i.ai_platform_interface_api_get_version) for ai_platform_interface_api_get_version
    cecnn.o(i.ai_cecnn_get_info) refers to ai_platform_interface.o(i.ai_platform_api_get_network_report) for ai_platform_api_get_network_report
    cecnn.o(i.ai_cecnn_get_info) refers to cecnn.o(.constdata) for .constdata
    cecnn.o(i.ai_cecnn_get_report) refers to ai_platform_interface.o(i.ai_platform_context_acquire) for ai_platform_context_acquire
    cecnn.o(i.ai_cecnn_get_report) refers to rt_memcpy_w.o(.text) for __aeabi_memcpy4
    cecnn.o(i.ai_cecnn_get_report) refers to ai_platform_interface.o(i.ai_platform_runtime_get_revision) for ai_platform_runtime_get_revision
    cecnn.o(i.ai_cecnn_get_report) refers to ai_platform_interface.o(i.ai_platform_runtime_get_version) for ai_platform_runtime_get_version
    cecnn.o(i.ai_cecnn_get_report) refers to ai_platform_interface.o(i.ai_platform_api_get_version) for ai_platform_api_get_version
[...]
    __stdin_name                             0x08023aac   Data           7  syscalls.o(.constdata)
    __stdout_name                            0x08023ab3   Data           8  syscalls.o(.constdata)
    __stderr_name                            0x08023abb   Data           8  syscalls.o(.constdata)
    AHBPrescTable                            0x08023acb   Data          16  system_stm32f4xx.o(.constdata)
    APBPrescTable                            0x08023adb   Data           8  system_stm32f4xx.o(.constdata)
    asc2_1206                                0x08023ae3   Data        1140  lcd.o(.constdata)
    asc2_1608                                0x08023f57   Data        1520  lcd.o(.constdata)
    asc2_2412                                0x08024547   Data        3420  lcd.o(.constdata)
    asc2_3216                                0x080252a3   Data       12160  lcd.o(.constdata)
    Region$$Table$$Base                      0x080286c0   Number         0  anon$$obj.o(Region$$Table)
    Region$$Table$$Limit                     0x080286e0   Number         0  anon$$obj.o(Region$$Table)
    g_cecnn_data_map_activations             0x200012e0   Data          28  cecnn_data.o(.data)
    g_cecnn_data_map_weights                 0x200012fc   Data          28  cecnn_data.o(.data)
    potency1                                 0x20001324   Data           4  main.o(.data)
    hcrc                                     0x20001354   Data           8  crc.o(.data)
    uwTickFreq                               0x20001364   Data           1  stm32f4xx_hal.o(.data)
    uwTickPrio                               0x20001368   Data           4  stm32f4xx_hal.o(.data)
    uwTick                                   0x2000136c   Data           4  stm32f4xx_hal.o(.data)
    SystemCoreClock                          0x20001370   Data           4  system_stm32f4xx.o(.data)
    POINT_COLOR                              0x20001374   Data           4  lcd.o(.data)
    BACK_COLOR                               0x20001378   Data           4  lcd.o(.data)
    __aeabi_stdin                            0x20001380   Data           4  stdio_streams.o(.data)
    __aeabi_stdout                           0x20001384   Data           4  stdio_streams.o(.data)
    __aeabi_stderr                           0x20001388   Data           4  stdio_streams.o(.data)
    cyclesCount                              0x20001414   Data          12  aitestutility.o(.bss)
    Data_to_Send                             0x20001420   Data          40  main.o(.bss)
    in_buf                                   0x20003bc0   Data       10080  main.o(.bss)
    hadc1                                    0x20008ae4   Data          72  adc.o(.bss)
    hdma_adc1                                0x20008b2c   Data          96  adc.o(.bss)
    hsram1                                   0x20008b8c   Data          80  fsmc.o(.bss)
    huart1                                   0x20008bdc   Data          68  usart.o(.bss)
    TFTSRAM_Handler                          0x20008c20   Data          80  lcd.o(.bss)
    lcddev                                   0x20008c70   Data          14  lcd.o(.bss)
    __stdin                                  0x20008c80   Data          84  stdio_streams.o(.bss)
    __stdout                                 0x20008cd4   Data          84  stdio_streams.o(.bss)
    __stderr                                 0x20008d28   Data          84  stdio_streams.o(.bss)
    __libspace_start                         0x20008d7c   Data          96  libspace.o(.bss)
    __temporary_stack_top$libspace           0x20008ddc   Data           0  libspace.o(.bss)



==============================================================================

Memory Map of the image

  Image Entry point : 0x08000189

  Load Region LR_IROM1 (Base: 0x08000000, Size: 0x00029a88, Max: 0x00100000, ABSOLUTE, COMPRESSED[0x00028cd4])

    Execution Region ER_IROM1 (Exec base: 0x08000000, Load base: 0x08000000, Size: 0x000286fc, Max: 0x00100000, ABSOLUTE)

    Exec Addr    Load Addr    Size         Type   Attr      Idx    E Section Name        Object

    0x08000000   0x08000000   0x00000188   Data   RO            3    RESET               startup_stm32f407xx.o
    0x08000188   0x08000188   0x00000008   Code   RO         6900  * !!!main             c_w.l(__main.o)
    0x08000190   0x08000190   0x00000034   Code   RO         7534    !!!scatter          c_w.l(__scatter.o)
    0x080001c4   0x080001c4   0x0000005a   Code   RO         7532    !!dczerorl2         c_w.l(__dczerorl2.o)
    0x0800021e   0x0800021e   0x00000002   PAD
    0x08000220   0x08000220   0x0000001c   Code   RO         7536    !!handler_zi        c_w.l(__scatter_zi.o)
    0x0800023c   0x0800023c   0x00000000   Code   RO         6881    .ARM.Collect$$_printf_percent$$00000000  c_w.l(_printf_percent.o)
    0x0800023c   0x0800023c   0x00000006   Code   RO         6880    .ARM.Collect$$_printf_percent$$00000003  c_w.l(_printf_f.o)
    0x08000242   0x08000242   0x00000006   Code   RO         6878    .ARM.Collect$$_printf_percent$$00000009  c_w.l(_printf_d.o)
    0x08000248   0x08000248   0x00000006   Code   RO         6879    .ARM.Collect$$_printf_percent$$0000000A  c_w.l(_printf_u.o)
    0x0800024e   0x0800024e   0x00000006   Code   RO         6877    .ARM.Collect$$_printf_percent$$0000000C  c_w.l(_printf_x.o)
    0x08000254   0x08000254   0x00000006   Code   RO         6876    .ARM.Collect$$_printf_percent$$00000014  c_w.l(_printf_s.o)
    0x0800025a   0x0800025a   0x00000004   Code   RO         7226    .ARM.Collect$$_printf_percent$$00000017  c_w.l(_printf_percent_end.o)
    0x0800025e   0x0800025e   0x00000002   Code   RO         7465    .ARM.Collect$$libinit$$00000000  c_w.l(libinit.o)
    0x08000260   0x08000260   0x00000004   Code   RO         7235    .ARM.Collect$$libinit$$00000001  c_w.l(libinit2.o)
    0x08000264   0x08000264   0x00000000   Code   RO         7238    .ARM.Collect$$libinit$$00000004  c_w.l(libinit2.o)
    0x08000264   0x08000264   0x00000008   Code   RO         7239    .ARM.Collect$$libinit$$00000005  c_w.l(libinit2.o)
    0x0800026c   0x0800026c   0x00000000   Code   RO         7241    .ARM.Collect$$libinit$$0000000A  c_w.l(libinit2.o)
    0x0800026c   0x0800026c   0x00000000   Code   RO         7243    .ARM.Collect$$libinit$$0000000C  c_w.l(libinit2.o)
    0x0800026c   0x0800026c   0x00000000   Code   RO         7245    .ARM.Collect$$libinit$$0000000E  c_w.l(libinit2.o)
    0x0800026c   0x0800026c   0x00000006   Code   RO         7246    .ARM.Collect$$libinit$$0000000F  c_w.l(libinit2.o)
    0x08000272   0x08000272   0x00000000   Code   RO         7248    .ARM.Collect$$libinit$$00000011  c_w.l(libinit2.o)
    0x08000272   0x08000272   0x00000000   Code   RO         7250    .ARM.Collect$$libinit$$00000013  c_w.l(libinit2.o)
    0x08000272   0x08000272   0x00000000   Code   RO         7252    .ARM.Collect$$libinit$$00000015  c_w.l(libinit2.o)
    0x08000272   0x08000272   0x0000000a   Code   RO         7253    .ARM.Collect$$libinit$$00000016  c_w.l(libinit2.o)
    0x0800027c   0x0800027c   0x00000000   Code   RO         7254    .ARM.Collect$$libinit$$00000017  c_w.l(libinit2.o)
    0x0800027c   0x0800027c   0x00000000   Code   RO         7256    .ARM.Collect$$libinit$$00000019  c_w.l(libinit2.o)
    0x0800027c   0x0800027c   0x00000000   Code   RO         7258    .ARM.Collect$$libinit$$0000001B  c_w.l(libinit2.o)
    0x0800027c   0x0800027c   0x00000000   Code   RO         7260    .ARM.Collect$$libinit$$0000001D  c_w.l(libinit2.o)
    0x0800027c   0x0800027c   0x00000000   Code   RO         7262    .ARM.Collect$$libinit$$0000001F  c_w.l(libinit2.o)
    0x0800027c   0x0800027c   0x00000000   Code   RO         7264    .ARM.Collect$$libinit$$00000021  c_w.l(libinit2.o)
    0x0800027c   0x0800027c   0x00000000   Code   RO         7266    .ARM.Collect$$libinit$$00000023  c_w.l(libinit2.o)
    0x0800027c   0x0800027c   0x00000004   Code   RO         7267    .ARM.Collect$$libinit$$00000024  c_w.l(libinit2.o)
    0x08000280   0x08000280   0x00000000   Code   RO         7268    .ARM.Collect$$libinit$$00000025  c_w.l(libinit2.o)
    0x08000280   0x08000280   0x00000000   Code   RO         7272    .ARM.Collect$$libinit$$0000002C  c_w.l(libinit2.o)
    0x08000280   0x08000280   0x00000000   Code   RO         7274    .ARM.Collect$$libinit$$0000002E  c_w.l(libinit2.o)
    0x08000280   0x08000280   0x00000000   Code   RO         7276    .ARM.Collect$$libinit$$00000030  c_w.l(libinit2.o)
    0x08000280   0x08000280   0x00000000   Code   RO         7278    .ARM.Collect$$libinit$$00000032  c_w.l(libinit2.o)
    0x08000280   0x08000280   0x00000002   Code   RO         7279    .ARM.Collect$$libinit$$00000033  c_w.l(libinit2.o)
    0x08000282   0x08000282   0x00000002   Code   RO         7529    .ARM.Collect$$libshutdown$$00000000  c_w.l(libshutdown.o)
    0x08000284   0x08000284   0x00000000   Code   RO         7467    .ARM.Collect$$libshutdown$$00000002  c_w.l(libshutdown2.o)
    0x08000284   0x08000284   0x00000004   Code   RO         7468    .ARM.Collect$$libshutdown$$00000003  c_w.l(libshutdown2.o)
    0x08000288   0x08000288   0x00000000   Code   RO         7469    .ARM.Collect$$libshutdown$$00000004  c_w.l(libshutdown2.o)
    0x08000288   0x08000288   0x00000000   Code   RO         7472    .ARM.Collect$$libshutdown$$00000007  c_w.l(libshutdown2.o)
    0x08000288   0x08000288   0x00000000   Code   RO         7475    .ARM.Collect$$libshutdown$$0000000A  c_w.l(libshutdown2.o)
    0x08000288   0x08000288   0x00000000   Code   RO         7477    .ARM.Collect$$libshutdown$$0000000C  c_w.l(libshutdown2.o)
    0x08000288   0x08000288   0x00000000   Code   RO         7480    .ARM.Collect$$libshutdown$$0000000F  c_w.l(libshutdown2.o)
    0x08000288   0x08000288   0x00000002   Code   RO         7481    .ARM.Collect$$libshutdown$$00000010  c_w.l(libshutdown2.o)
    0x0800028a   0x0800028a   0x00000000   Code   RO         7182    .ARM.Collect$$rtentry$$00000000  c_w.l(__rtentry.o)
    0x0800028a   0x0800028a   0x00000000   Code   RO         7333    .ARM.Collect$$rtentry$$00000002  c_w.l(__rtentry2.o)
    0x0800028a   0x0800028a   0x00000006   Code   RO         7345    .ARM.Collect$$rtentry$$00000004  c_w.l(__rtentry4.o)
    0x08000290   0x08000290   0x00000000   Code   RO         7335    .ARM.Collect$$rtentry$$00000009  c_w.l(__rtentry2.o)
    0x08000290   0x08000290   0x00000004   Code   RO         7336    .ARM.Collect$$rtentry$$0000000A  c_w.l(__rtentry2.o)
    0x08000294   0x08000294   0x00000000   Code   RO         7338    .ARM.Collect$$rtentry$$0000000C  c_w.l(__rtentry2.o)
    0x08000294   0x08000294   0x00000008   Code   RO         7339    .ARM.Collect$$rtentry$$0000000D  c_w.l(__rtentry2.o)
    0x0800029c   0x0800029c   0x00000002   Code   RO         7484    .ARM.Collect$$rtexit$$00000000  c_w.l(rtexit.o)
    0x0800029e   0x0800029e   0x00000000   Code   RO         7505    .ARM.Collect$$rtexit$$00000002  c_w.l(rtexit2.o)
    0x0800029e   0x0800029e   0x00000004   Code   RO         7506    .ARM.Collect$$rtexit$$00000003  c_w.l(rtexit2.o)
    0x080002a2   0x080002a2   0x00000006   Code   RO         7507    .ARM.Collect$$rtexit$$00000004  c_w.l(rtexit2.o)
    0x080002a8   0x080002a8   0x00000000   Code   RO         7361    .emb_text           c_w.l(maybetermalloc1.o)
    0x080002a8   0x080002a8   0x00000040   Code   RO            4    .text               startup_stm32f407xx.o
    0x080002e8   0x080002e8   0x0000005e   Code   RO         6755    .text               c_w.l(h1_alloc.o)
    0x08000346   0x08000346   0x0000004e   Code   RO         6757    .text               c_w.l(h1_free.o)
    0x08000394   0x08000394   0x000000ee   Code   RO         6817    .text               c_w.l(lludivv7m.o)
    0x08000482   0x08000482   0x00000002   PAD
    0x08000484   0x08000484   0x00000018   Code   RO         6825    .text               c_w.l(noretval__2printf.o)
    0x0800049c   0x0800049c   0x00000028   Code   RO         6827    .text               c_w.l(noretval__2sprintf.o)
    0x080004c4   0x080004c4   0x00000052   Code   RO         6831    .text               c_w.l(_printf_str.o)
    0x08000516   0x08000516   0x00000002   PAD
    0x08000518   0x08000518   0x00000078   Code   RO         6833    .text               c_w.l(_printf_dec.o)
    0x08000590   0x08000590   0x00000058   Code   RO         6838    .text               c_w.l(_printf_hex_int.o)
    0x080005e8   0x080005e8   0x00000160   Code   RO         6871    .text               c_w.l(__printf_ss_wp.o)
    0x08000748   0x08000748   0x00000058   Code   RO         6882    .text               c_w.l(memcmp.o)
    0x080007a0   0x080007a0   0x0000003e   Code   RO         6884    .text               c_w.l(strlen.o)
    0x080007de   0x080007de   0x00000064   Code   RO         6890    .text               c_w.l(rt_memcpy_w.o)
    0x08000842   0x08000842   0x0000004e   Code   RO         6894    .text               c_w.l(rt_memclr_w.o)
    0x08000890   0x08000890   0x00000080   Code   RO         6896    .text               c_w.l(strcmpv7m.o)
    0x08000910   0x08000910   0x00000006   Code   RO         6898    .text               c_w.l(heapauxi.o)
    0x08000916   0x08000916   0x00000002   PAD
    0x08000918   0x08000918   0x00000008   Code   RO         7190    .text               c_w.l(rt_heap_descriptor_intlibspace.o)
    0x08000920   0x08000920   0x00000004   Code   RO         7192    .text               c_w.l(hguard.o)
    0x08000924   0x08000924   0x0000008a   Code   RO         7194    .text               c_w.l(init_alloc.o)
    0x080009ae   0x080009ae   0x0000000e   Code   RO         7198    .text               c_w.l(h1_init.o)
    0x080009bc   0x080009bc   0x00000016   Code   RO         7212    .text               c_w.l(_rserrno.o)
    0x080009d2   0x080009d2   0x000000b2   Code   RO         7214    .text               c_w.l(_printf_intcommon.o)
    0x08000a84   0x08000a84   0x0000041e   Code   RO         7216    .text               c_w.l(_printf_fp_dec.o)
    0x08000ea2   0x08000ea2   0x00000002   PAD
    0x08000ea4   0x08000ea4   0x00000030   Code   RO         7218    .text               c_w.l(_printf_char_common.o)
    0x08000ed4   0x08000ed4   0x0000000a   Code   RO         7220    .text               c_w.l(_sputc.o)
    0x08000ede   0x08000ede   0x0000002c   Code   RO         7222    .text               c_w.l(_printf_char.o)
    0x08000f0a   0x08000f0a   0x00000002   PAD
    0x08000f0c   0x08000f0c   0x00000024   Code   RO         7224    .text               c_w.l(_printf_char_file.o)
    0x08000f30   0x08000f30   0x00000008   Code   RO         7329    .text               c_w.l(libspace.o)
    0x08000f38   0x08000f38   0x00000008   Code   RO         7352    .text               c_w.l(rt_locale_intlibspace.o)
    0x08000f40   0x08000f40   0x00000008   Code   RO         7357    .text               c_w.l(rt_errno_addr_intlibspace.o)
    0x08000f48   0x08000f48   0x00000034   Code   RO         7363    .text               c_w.l(h1_extend.o)
    0x08000f7c   0x08000f7c   0x0000008a   Code   RO         7367    .text               c_w.l(lludiv10.o)
    0x08001006   0x08001006   0x00000002   PAD
    0x08001008   0x08001008   0x00000080   Code   RO         7369    .text               c_w.l(_printf_fp_infnan.o)
    0x08001088   0x08001088   0x000000e4   Code   RO         7373    .text               c_w.l(bigflt0.o)
    0x0800116c   0x0800116c   0x00000008   Code   RO         7398    .text               c_w.l(ferror.o)
    0x08001174   0x08001174   0x00000138   Code   RO         7400    .text               c_w.l(initio.o)
    0x080012ac   0x080012ac   0x0000000e   Code   RO         7409    .text               c_w.l(defsig_rtmem_outer.o)
    0x080012ba   0x080012ba   0x00000002   Code   RO         7422    .text               c_w.l(use_no_semi.o)
    0x080012bc   0x080012bc   0x00000000   Code   RO         7424    .text               c_w.l(indicate_semi.o)
    0x080012bc   0x080012bc   0x0000004a   Code   RO         7425    .text               c_w.l(sys_stackheap_outer.o)
    0x08001306   0x08001306   0x00000046   Code   RO         7431    .text               c_w.l(setvbuf.o)
    0x0800134c   0x0800134c   0x000000ec   Code   RO         7434    .text               c_w.l(fopen.o)
    0x08001438   0x08001438   0x0000004c   Code   RO         7436    .text               c_w.l(fclose.o)
    0x08001484   0x08001484   0x00000012   Code   RO         7442    .text               c_w.l(exit.o)
    0x08001496   0x08001496   0x0000000a   Code   RO         7444    .text               c_w.l(defsig_exit.o)
    0x080014a0   0x080014a0   0x0000000e   Code   RO         7450    .text               c_w.l(defsig_rtred_outer.o)
    0x080014ae   0x080014ae   0x00000002   PAD
    0x080014b0   0x080014b0   0x00000050   Code   RO         7454    .text               c_w.l(defsig_rtmem_inner.o)
    0x08001500   0x08001500   0x0000000c   Code   RO         7482    .text               c_w.l(sys_exit.o)
    0x0800150c   0x0800150c   0x000000f8   Code   RO         7490    .text               c_w.l(fseek.o)
    0x08001604   0x08001604   0x000000f0   Code   RO         7492    .text               c_w.l(stdio.o)
    0x080016f4   0x080016f4   0x00000032   Code   RO         7496    .text               c_w.l(defsig_general.o)
    0x08001726   0x08001726   0x00000002   PAD
    0x08001728   0x08001728   0x00000034   Code   RO         7500    .text               c_w.l(defsig_rtred_inner.o)
    0x0800175c   0x0800175c   0x0000000e   Code   RO         7502    .text               c_w.l(sys_wrch.o)
    0x0800176a   0x0800176a   0x00000042   Code   RO         7511    .text               c_w.l(ftell.o)
    0x080017ac   0x080017ac   0x0000003e   Code   RO         7376    CL$$btod_d2e        c_w.l(btod.o)
    0x080017ea   0x080017ea   0x00000046   Code   RO         7378    CL$$btod_d2e_denorm_low  c_w.l(btod.o)
    0x08001830   0x08001830   0x00000060   Code   RO         7377    CL$$btod_d2e_norm_op1  c_w.l(btod.o)
    0x08001890   0x08001890   0x00000338   Code   RO         7386    CL$$btod_div_common  c_w.l(btod.o)
    0x08001bc8   0x08001bc8   0x000000dc   Code   RO         7383    CL$$btod_e2e        c_w.l(btod.o)
    0x08001ca4   0x08001ca4   0x0000002a   Code   RO         7380    CL$$btod_ediv       c_w.l(btod.o)
    0x08001cce   0x08001cce   0x0000002a   Code   RO         7379    CL$$btod_emul       c_w.l(btod.o)
    0x08001cf8   0x08001cf8   0x00000244   Code   RO         7385    CL$$btod_mult_common  c_w.l(btod.o)
    0x08001f3c   0x08001f3c   0x0000006e   Code   RO         2565    i.ADC_DMAConvCplt   stm32f4xx_hal_adc.o
    0x08001faa   0x08001faa   0x00000016   Code   RO         2566    i.ADC_DMAError      stm32f4xx_hal_adc.o
    0x08001fc0   0x08001fc0   0x0000000a   Code   RO         2567    i.ADC_DMAHalfConvCplt  stm32f4xx_hal_adc.o
    0x08001fca   0x08001fca   0x00000002   PAD
    0x08001fcc   0x08001fcc   0x00000128   Code   RO         2568    i.ADC_Init          stm32f4xx_hal_adc.o
    0x080020f4   0x080020f4   0x000000a0   Code   RO         2019    i.AnoTc_SendUserTest  main.o
    0x08002194   0x08002194   0x00000002   Code   RO         2453    i.BusFault_Handler  stm32f4xx_it.o
    0x08002196   0x08002196   0x00000002   PAD
    0x08002198   0x08002198   0x00000060   Code   RO         5112    i.CRC_Lock          NetworkRuntime810_CM4_Keil.lib(ai_platform_interface.o)
    0x080021f8   0x080021f8   0x0000000c   Code   RO         2454    i.DMA2_Stream0_IRQHandler  stm32f4xx_it.o
    0x08002204   0x08002204   0x00000028   Code   RO         3302    i.DMA_CalcBaseAndBitshift  stm32f4xx_hal_dma.o
    0x0800222c   0x0800222c   0x00000054   Code   RO         3303    i.DMA_CheckFifoParam  stm32f4xx_hal_dma.o
    0x08002280   0x08002280   0x00000028   Code   RO         3304    i.DMA_SetConfig     stm32f4xx_hal_dma.o
    0x080022a8   0x080022a8   0x00000002   Code   RO         2455    i.DebugMon_Handler  stm32f4xx_it.o
    0x080022aa   0x080022aa   0x00000004   Code   RO         2020    i.Error_Handler     main.o
    0x080022ae   0x080022ae   0x00000002   PAD
    0x080022b0   0x080022b0   0x0000003c   Code   RO         4043    i.FSMC_NORSRAM_Extended_Timing_Init  stm32f4xx_ll_fsmc.o
    0x080022ec   0x080022ec   0x00000068   Code   RO         4044    i.FSMC_NORSRAM_Init  stm32f4xx_ll_fsmc.o
    0x08002354   0x08002354   0x00000044   Code   RO         4045    i.FSMC_NORSRAM_Timing_Init  stm32f4xx_ll_fsmc.o
    0x08002398   0x08002398   0x0000014c   Code   RO         2570    i.HAL_ADC_ConfigChannel  stm32f4xx_hal_adc.o
    0x080024e4   0x080024e4   0x00000002   Code   RO         2571    i.HAL_ADC_ConvCpltCallback  stm32f4xx_hal_adc.o
    0x080024e6   0x080024e6   0x00000002   Code   RO         2572    i.HAL_ADC_ConvHalfCpltCallback  stm32f4xx_hal_adc.o
    0x080024e8   0x080024e8   0x00000002   Code   RO         2574    i.HAL_ADC_ErrorCallback  stm32f4xx_hal_adc.o
    0x080024ea   0x080024ea   0x00000054   Code   RO         2579    i.HAL_ADC_Init      stm32f4xx_hal_adc.o
    0x0800253e   0x0800253e   0x00000002   PAD
    0x08002540   0x08002540   0x000000b8   Code   RO         2190    i.HAL_ADC_MspInit   adc.o
    0x080025f8   0x080025f8   0x00000154   Code   RO         2586    i.HAL_ADC_Start_DMA  stm32f4xx_hal_adc.o
    0x0800274c   0x0800274c   0x00000022   Code   RO         3979    i.HAL_CRC_Init      stm32f4xx_hal_crc.o
    0x0800276e   0x0800276e   0x00000002   PAD
    0x08002770   0x08002770   0x00000028   Code   RO         2298    i.HAL_CRC_MspInit   crc.o
    0x08002798   0x08002798   0x00000092   Code   RO         3305    i.HAL_DMA_Abort     stm32f4xx_hal_dma.o
    0x0800282a   0x0800282a   0x00000024   Code   RO         3306    i.HAL_DMA_Abort_IT  stm32f4xx_hal_dma.o
    0x0800284e   0x0800284e   0x00000002   PAD
    0x08002850   0x08002850   0x000001a0   Code   RO         3310    i.HAL_DMA_IRQHandler  stm32f4xx_hal_dma.o
    0x080029f0   0x080029f0   0x000000d4   Code   RO         3311    i.HAL_DMA_Init      stm32f4xx_hal_dma.o
    0x08002ac4   0x08002ac4   0x0000006e   Code   RO         3315    i.HAL_DMA_Start_IT  stm32f4xx_hal_dma.o
    0x08002b32   0x08002b32   0x00000002   PAD
    0x08002b34   0x08002b34   0x00000024   Code   RO         3724    i.HAL_Delay         stm32f4xx_hal.o
    0x08002b58   0x08002b58   0x000000a8   Code   RO         2363    i.HAL_FSMC_MspInit  fsmc.o
    0x08002c00   0x08002c00   0x000001f0   Code   RO         3198    i.HAL_GPIO_Init     stm32f4xx_hal_gpio.o
    0x08002df0   0x08002df0   0x0000000a   Code   RO         3202    i.HAL_GPIO_WritePin  stm32f4xx_hal_gpio.o
    0x08002dfa   0x08002dfa   0x00000002   PAD
    0x08002dfc   0x08002dfc   0x00000010   Code   RO         3727    i.HAL_GetDEVID      stm32f4xx_hal.o
    0x08002e0c   0x08002e0c   0x00000008   Code   RO         3728    i.HAL_GetHalVersion  stm32f4xx_hal.o
    0x08002e14   0x08002e14   0x0000000c   Code   RO         3729    i.HAL_GetREVID      stm32f4xx_hal.o
    0x08002e20   0x08002e20   0x0000000c   Code   RO         3730    i.HAL_GetTick       stm32f4xx_hal.o
    0x08002e2c   0x08002e2c   0x00000010   Code   RO         3736    i.HAL_IncTick       stm32f4xx_hal.o
    0x08002e3c   0x08002e3c   0x00000034   Code   RO         3737    i.HAL_Init          stm32f4xx_hal.o
    0x08002e70   0x08002e70   0x00000040   Code   RO         3738    i.HAL_InitTick      stm32f4xx_hal.o
    0x08002eb0   0x08002eb0   0x00000030   Code   RO         2541    i.HAL_MspInit       stm32f4xx_hal_msp.o
    0x08002ee0   0x08002ee0   0x0000001a   Code   RO         3587    i.HAL_NVIC_EnableIRQ  stm32f4xx_hal_cortex.o
    0x08002efa   0x08002efa   0x00000002   PAD
    0x08002efc   0x08002efc   0x00000040   Code   RO         3593    i.HAL_NVIC_SetPriority  stm32f4xx_hal_cortex.o
    0x08002f3c   0x08002f3c   0x00000024   Code   RO         3594    i.HAL_NVIC_SetPriorityGrouping  stm32f4xx_hal_cortex.o
    0x08002f60   0x08002f60   0x00000134   Code   RO         2844    i.HAL_RCC_ClockConfig  stm32f4xx_hal_rcc.o
    0x08003094   0x08003094   0x0000000c   Code   RO         2849    i.HAL_RCC_GetHCLKFreq  stm32f4xx_hal_rcc.o
    0x080030a0   0x080030a0   0x00000020   Code   RO         2851    i.HAL_RCC_GetPCLK1Freq  stm32f4xx_hal_rcc.o
    0x080030c0   0x080030c0   0x00000020   Code   RO         2852    i.HAL_RCC_GetPCLK2Freq  stm32f4xx_hal_rcc.o
    0x080030e0   0x080030e0   0x00000060   Code   RO         2853    i.HAL_RCC_GetSysClockFreq  stm32f4xx_hal_rcc.o
    0x08003140   0x08003140   0x0000036c   Code   RO         2856    i.HAL_RCC_OscConfig  stm32f4xx_hal_rcc.o
    0x080034ac   0x080034ac   0x0000005c   Code   RO         4165    i.HAL_SRAM_Init     stm32f4xx_hal_sram.o
    0x08003508   0x08003508   0x00000004   Code   RO         2365    i.HAL_SRAM_MspInit  fsmc.o
    0x0800350c   0x0800350c   0x00000018   Code   RO         3596    i.HAL_SYSTICK_CLKSourceConfig  stm32f4xx_hal_cortex.o
    0x08003524   0x08003524   0x00000028   Code   RO         3598    i.HAL_SYSTICK_Config  stm32f4xx_hal_cortex.o
    0x0800354c   0x0800354c   0x00000002   Code   RO         4343    i.HAL_UARTEx_RxEventCallback  stm32f4xx_hal_uart.o
    0x0800354e   0x0800354e   0x00000002   Code   RO         4357    i.HAL_UART_ErrorCallback  stm32f4xx_hal_uart.o
    0x08003550   0x08003550   0x00000268   Code   RO         4360    i.HAL_UART_IRQHandler  stm32f4xx_hal_uart.o
    0x080037b8   0x080037b8   0x00000062   Code   RO         4361    i.HAL_UART_Init     stm32f4xx_hal_uart.o
    0x0800381a   0x0800381a   0x00000002   PAD
    0x0800381c   0x0800381c   0x0000007c   Code   RO         2412    i.HAL_UART_MspInit  usart.o
    0x08003898   0x08003898   0x00000002   Code   RO         4367    i.HAL_UART_RxCpltCallback  stm32f4xx_hal_uart.o
    0x0800389a   0x0800389a   0x00000002   PAD
    0x0800389c   0x0800389c   0x000000b2   Code   RO         4369    i.HAL_UART_Transmit  stm32f4xx_hal_uart.o
    0x0800394e   0x0800394e   0x0000003e   Code   RO         4371    i.HAL_UART_Transmit_IT  stm32f4xx_hal_uart.o
    0x0800398c   0x0800398c   0x00000002   Code   RO         4372    i.HAL_UART_TxCpltCallback  stm32f4xx_hal_uart.o
    0x0800398e   0x0800398e   0x00000002   Code   RO         2456    i.HardFault_Handler  stm32f4xx_it.o
    0x08003990   0x08003990   0x00000034   Code   RO         4819    i.LCD_Clear         lcd.o
    0x080039c4   0x080039c4   0x000000b8   Code   RO         4823    i.LCD_Display_Dir   lcd.o
    0x08003a7c   0x08003a7c   0x000000d0   Code   RO         4828    i.LCD_Fast_DrawPoint  lcd.o
    0x08003b4c   0x08003b4c   0x000025b0   Code   RO         4830    i.LCD_Init          lcd.o
    0x080060fc   0x080060fc   0x00000010   Code   RO         4831    i.LCD_Pow           lcd.o
    0x0800610c   0x0800610c   0x00000014   Code   RO         4832    i.LCD_RD_DATA       lcd.o
    0x08006120   0x08006120   0x00000050   Code   RO         4835    i.LCD_SSD_BackLightSet  lcd.o
    0x08006170   0x08006170   0x00000180   Code   RO         4836    i.LCD_Scan_Dir      lcd.o
    0x080062f0   0x080062f0   0x000000f4   Code   RO         4837    i.LCD_SetCursor     lcd.o
    0x080063e4   0x080063e4   0x000000e4   Code   RO         4839    i.LCD_ShowChar      lcd.o
    0x080064c8   0x080064c8   0x00000054   Code   RO         4841    i.LCD_ShowString    lcd.o
    0x0800651c   0x0800651c   0x00000086   Code   RO         4842    i.LCD_ShowxNum      lcd.o
    0x080065a2   0x080065a2   0x00000018   Code   RO         4843    i.LCD_WR_DATA       lcd.o
    0x080065ba   0x080065ba   0x00000018   Code   RO         4844    i.LCD_WR_REG        lcd.o
    0x080065d2   0x080065d2   0x00000002   PAD
    0x080065d4   0x080065d4   0x00000014   Code   RO         4846    i.LCD_WriteRAM_Prepare  lcd.o
    0x080065e8   0x080065e8   0x0000000c   Code   RO         4847    i.LCD_WriteReg      lcd.o
    0x080065f4   0x080065f4   0x000000e4   Code   RO         2191    i.MX_ADC1_Init      adc.o
    0x080066d8   0x080066d8   0x00000024   Code   RO         2299    i.MX_CRC_Init       crc.o
    0x080066fc   0x080066fc   0x0000002c   Code   RO         2339    i.MX_DMA_Init       dma.o
    0x08006728   0x08006728   0x0000008c   Code   RO         2366    i.MX_FSMC_Init      fsmc.o
    0x080067b4   0x080067b4   0x000000b0   Code   RO         2165    i.MX_GPIO_Init      gpio.o
    0x08006864   0x08006864   0x00000038   Code   RO         2413    i.MX_USART1_UART_Init  usart.o
    0x0800689c   0x0800689c   0x0000000e   Code   RO         1901    i.MX_X_CUBE_AI_Init  app_x-cube-ai.o
    0x080068aa   0x080068aa   0x00000002   Code   RO         2457    i.MemManage_Handler  stm32f4xx_it.o
    0x080068ac   0x080068ac   0x00000002   Code   RO         2458    i.NMI_Handler       stm32f4xx_it.o
    0x080068ae   0x080068ae   0x00000002   Code   RO         2459    i.PendSV_Handler    stm32f4xx_it.o
    0x080068b0   0x080068b0   0x00000002   Code   RO         2460    i.SVC_Handler       stm32f4xx_it.o
    0x080068b2   0x080068b2   0x00000004   Code   RO         2461    i.SysTick_Handler   stm32f4xx_it.o
    0x080068b6   0x080068b6   0x00000002   PAD
    0x080068b8   0x080068b8   0x00000094   Code   RO         2021    i.SystemClock_Config  main.o
    0x0800694c   0x0800694c   0x00000010   Code   RO         4690    i.SystemInit        system_stm32f4xx.o
    0x0800695c   0x0800695c   0x00000010   Code   RO         4374    i.UART_DMAAbortOnError  stm32f4xx_hal_uart.o
    0x0800696c   0x0800696c   0x0000004e   Code   RO         4384    i.UART_EndRxTransfer  stm32f4xx_hal_uart.o
    0x080069ba   0x080069ba   0x000000c0   Code   RO         4386    i.UART_Receive_IT   stm32f4xx_hal_uart.o
    0x08006a7a   0x08006a7a   0x00000002   PAD
    0x08006a7c   0x08006a7c   0x0000010c   Code   RO         4387    i.UART_SetConfig    stm32f4xx_hal_uart.o
    0x08006b88   0x08006b88   0x00000078   Code   RO         4390    i.UART_WaitOnFlagUntilTimeout  stm32f4xx_hal_uart.o
    0x08006c00   0x08006c00   0x0000000c   Code   RO         2462    i.USART1_IRQHandler  stm32f4xx_it.o
    0x08006c0c   0x08006c0c   0x00000002   Code   RO         2463    i.UsageFault_Handler  stm32f4xx_it.o
    0x08006c0e   0x08006c0e   0x00000030   Code   RO         7420    i.__ARM_fpclassify  m_wm.l(fpclassify.o)
    0x08006c3e   0x08006c3e   0x00000026   Code   RO         7301    i.__ARM_fpclassifyf  m_wm.l(fpclassifyf.o)
    0x08006c64   0x08006c64   0x00000020   Code   RO         3600    i.__NVIC_SetPriority  stm32f4xx_hal_cortex.o
    0x08006c84   0x08006c84   0x000000f8   Code   RO         6158    i.__ai_math_dot_array  NetworkRuntime810_CM4_Keil.lib(lite_dense_if32.o)
    0x08006d7c   0x08006d7c   0x000001e8   Code   RO         7056    i.__hardfp_expf     m_wm.l(expf.o)
    0x08006f64   0x08006f64   0x00000006   Code   RO         7304    i.__mathlib_flt_infnan  m_wm.l(funder.o)
    0x08006f6a   0x08006f6a   0x00000002   PAD
    0x08006f6c   0x08006f6c   0x00000010   Code   RO         7307    i.__mathlib_flt_overflow  m_wm.l(funder.o)
    0x08006f7c   0x08006f7c   0x00000010   Code   RO         7309    i.__mathlib_flt_underflow  m_wm.l(funder.o)
    0x08006f8c   0x08006f8c   0x0000012c   Code   RO         5674    i._ai_dict4_dot_array_f32  NetworkRuntime810_CM4_Keil.lib(layers_conv2d_generic_float.o)
    0x080070b8   0x080070b8   0x000000e8   Code   RO         5675    i._ai_dict8_dot_array_f32  NetworkRuntime810_CM4_Keil.lib(layers_conv2d_generic_float.o)
    0x080071a0   0x080071a0   0x00000012   Code   RO         6046    i._ai_forward_layer  NetworkRuntime810_CM4_Keil.lib(layers.o)
    0x080071b2   0x080071b2   0x00000004   Code   RO         5113    i._ai_platform_acquire_crc  NetworkRuntime810_CM4_Keil.lib(ai_platform_interface.o)
    0x080071b6   0x080071b6   0x00000002   PAD
    0x080071b8   0x080071b8   0x000000e0   Code   RO         5114    i._ai_platform_get_io_buffers_info  NetworkRuntime810_CM4_Keil.lib(ai_platform_interface.o)
    0x08007298   0x08007298   0x00000002   Code   RO         5115    i._ai_platform_release_crc  NetworkRuntime810_CM4_Keil.lib(ai_platform_interface.o)
    0x0800729a   0x0800729a   0x00000002   PAD
    0x0800729c   0x0800729c   0x000000ac   Code   RO         5799    i._forward_lite_nl_relu_generic_if32of32  NetworkRuntime810_CM4_Keil.lib(layers_nl_generic_float.o)
    0x08007348   0x08007348   0x00000038   Code   RO         5800    i._forward_lite_nl_relu_thresholded_if32of32  NetworkRuntime810_CM4_Keil.lib(layers_nl_generic_float.o)
    0x08007380   0x08007380   0x0000000e   Code   RO         6866    i._is_digit         c_w.l(__printf_wp.o)
    0x0800738e   0x0800738e   0x00000002   PAD
    0x08007390   0x08007390   0x0000004c   Code   RO         5116    i._platform_ai_buffer_array_copy  NetworkRuntime810_CM4_Keil.lib(ai_platform_interface.o)
    0x080073dc   0x080073dc   0x00000050   Code   RO         5117    i._platform_get_table_map_from_buffer  NetworkRuntime810_CM4_Keil.lib(ai_platform_interface.o)
    0x0800742c   0x0800742c   0x00000044   Code   RO         5118    i._platform_get_table_map_from_buffer_array  NetworkRuntime810_CM4_Keil.lib(ai_platform_interface.o)
    0x08007470   0x08007470   0x00000014   Code   RO         5119    i._platform_network_buffers_signature_valid  NetworkRuntime810_CM4_Keil.lib(ai_platform_interface.o)
    0x08007484   0x08007484   0x00000210   Code   RO         5120    i._platform_network_io_bind  NetworkRuntime810_CM4_Keil.lib(ai_platform_interface.o)
    0x08007694   0x08007694   0x0000003e   Code   RO         5121    i._platform_network_state_setup  NetworkRuntime810_CM4_Keil.lib(ai_platform_interface.o)
    0x080076d2   0x080076d2   0x00000068   Code   RO         5122    i._platform_network_state_update_input  NetworkRuntime810_CM4_Keil.lib(ai_platform_interface.o)
    0x0800773a   0x0800773a   0x0000007c   Code   RO         5123    i._platform_network_state_update_output  NetworkRuntime810_CM4_Keil.lib(ai_platform_interface.o)
    0x080077b6   0x080077b6   0x00000002   PAD
    0x080077b8   0x080077b8   0x00000018   Code   RO         1710    i._put_c_driver     aitestutility.o
    0x080077d0   0x080077d0   0x00000018   Code   RO         2228    i._sys_close        syscalls.o
    0x080077e8   0x080077e8   0x00000004   Code   RO         2229    i._sys_flen         syscalls.o
    0x080077ec   0x080077ec   0x00000018   Code   RO         2230    i._sys_istty        syscalls.o
    0x08007804   0x08007804   0x00000058   Code   RO         2231    i._sys_open         syscalls.o
    0x0800785c   0x0800785c   0x00000006   Code   RO         2233    i._sys_seek         syscalls.o
    0x08007862   0x08007862   0x00000018   Code   RO         2234    i._sys_write        syscalls.o
    0x0800787a   0x0800787a   0x00000002   PAD
    0x0800787c   0x0800787c   0x00000160   Code   RO         1865    i._write_double     lc_print.o
    0x080079dc   0x080079dc   0x00000116   Code   RO         1866    i._write_number     lc_print.o
    0x08007af2   0x08007af2   0x00000002   PAD
    0x08007af4   0x08007af4   0x0000006e   Code   RO         1867    i._write_string     lc_print.o
    0x08007b62   0x08007b62   0x00000002   PAD
    0x08007b64   0x08007b64   0x00000058   Code   RO         2022    i.acquire_and_process_data  main.o
    0x08007bbc   0x08007bbc   0x0000014c   Code   RO         2023    i.aiInit            main.o
    0x08007d08   0x08007d08   0x00000058   Code   RO         2024    i.aiPrintBufInfo    main.o
    0x08007d60   0x08007d60   0x00000060   Code   RO         2025    i.aiPrintDataInfo   main.o
    0x08007dc0   0x08007dc0   0x00000054   Code   RO         2026    i.aiPrintDataType   main.o
    0x08007e14   0x08007e14   0x0000022c   Code   RO         2027    i.aiPrintNetworkInfo  main.o
    0x08008040   0x08008040   0x00000054   Code   RO         2028    i.aiRun             main.o
    0x08008094   0x08008094   0x00000058   Code   RO         1028    i.aiValidationInit  aivalidation.o
    0x080080ec   0x080080ec   0x00000036   Code   RO         6022    i.ai_array_get_byte_size  NetworkRuntime810_CM4_Keil.lib(ai_datatypes_format.o)
    0x08008122   0x08008122   0x0000001e   Code   RO         6023    i.ai_array_get_data_byte_size  NetworkRuntime810_CM4_Keil.lib(ai_datatypes_format.o)
    0x08008140   0x08008140   0x00000128   Code   RO         6025    i.ai_array_to_buffer_fmt  NetworkRuntime810_CM4_Keil.lib(ai_datatypes_format.o)
    0x08008268   0x08008268   0x00000024   Code   RO         5098    i.ai_buffer_array_item_set_address  NetworkRuntime810_CM4_Keil.lib(ai_platform.o)
    0x0800828c   0x0800828c   0x00000012   Code   RO         5099    i.ai_buffer_array_sane  NetworkRuntime810_CM4_Keil.lib(ai_platform.o)
    0x0800829e   0x0800829e   0x00000010   Code   RO         5100    i.ai_buffer_get_byte_size  NetworkRuntime810_CM4_Keil.lib(ai_platform.o)
    0x080082ae   0x080082ae   0x00000002   PAD
    0x080082b0   0x080082b0   0x00000068   Code   RO         5101    i.ai_buffer_get_size  NetworkRuntime810_CM4_Keil.lib(ai_platform.o)
    0x08008318   0x08008318   0x00000018   Code   RO           10    i.ai_cecnn_create   cecnn.o
    0x08008330   0x08008330   0x00000084   Code   RO           11    i.ai_cecnn_create_and_init  cecnn.o
    0x080083b4   0x080083b4   0x00000028   Code   RO          517    i.ai_cecnn_data_params_get  cecnn_data.o
    0x080083dc   0x080083dc   0x00000004   Code   RO           14    i.ai_cecnn_get_error  cecnn.o
    0x080083e0   0x080083e0   0x00000058   Code   RO           16    i.ai_cecnn_get_report  cecnn.o
    0x08008438   0x08008438   0x00000030   Code   RO           17    i.ai_cecnn_init     cecnn.o
    0x08008468   0x08008468   0x00000014   Code   RO           18    i.ai_cecnn_inputs_get  cecnn.o
    0x0800847c   0x0800847c   0x00000014   Code   RO           19    i.ai_cecnn_outputs_get  cecnn.o
    0x08008490   0x08008490   0x00000004   Code   RO           20    i.ai_cecnn_run      cecnn.o
    0x08008494   0x08008494   0x0000002c   Code   RO         6047    i.ai_check_custom_types  NetworkRuntime810_CM4_Keil.lib(layers.o)
    0x080084c0   0x080084c0   0x00000182   Code   RO         6141    i.ai_conv2d_kernel_simple_opt_f32  NetworkRuntime810_CM4_Keil.lib(forward_lite_conv2d_if32of32wf32.o)
    0x08008642   0x08008642   0x0000007a   Code   RO         5678    i.ai_dict_decompress_f32  NetworkRuntime810_CM4_Keil.lib(layers_conv2d_generic_float.o)
    0x080086bc   0x080086bc   0x00000050   Code   RO         6052    i.ai_layers_forward_all  NetworkRuntime810_CM4_Keil.lib(layers.o)
    0x0800870c   0x0800870c   0x0000001e   Code   RO         6053    i.ai_layers_init_all  NetworkRuntime810_CM4_Keil.lib(layers.o)
    0x0800872a   0x0800872a   0x00000036   Code   RO         6054    i.ai_layers_post_init_all  NetworkRuntime810_CM4_Keil.lib(layers.o)
    0x08008760   0x08008760   0x0000001e   Code   RO         5379    i.ai_mul_buffer_f32  NetworkRuntime810_CM4_Keil.lib(ai_math_helpers.o)
    0x0800877e   0x0800877e   0x00000012   Code   RO         5386    i.ai_mul_f32        NetworkRuntime810_CM4_Keil.lib(ai_math_helpers.o)
    0x08008790   0x08008790   0x0000018c   Code   RO         5125    i.ai_platform_api_get_network_report  NetworkRuntime810_CM4_Keil.lib(ai_platform_interface.o)
    0x0800891c   0x0800891c   0x00000014   Code   RO         5126    i.ai_platform_api_get_version  NetworkRuntime810_CM4_Keil.lib(ai_platform_interface.o)
    0x08008930   0x08008930   0x0000002c   Code   RO         5127    i.ai_platform_bind_network_params  NetworkRuntime810_CM4_Keil.lib(ai_platform_interface.o)
    0x0800895c   0x0800895c   0x0000001c   Code   RO         5128    i.ai_platform_context_acquire  NetworkRuntime810_CM4_Keil.lib(ai_platform_interface.o)
    0x08008978   0x08008978   0x0000002c   Code   RO         5130    i.ai_platform_get_activations_map  NetworkRuntime810_CM4_Keil.lib(ai_platform_interface.o)
    0x080089a4   0x080089a4   0x00000028   Code   RO         5131    i.ai_platform_get_weights_map  NetworkRuntime810_CM4_Keil.lib(ai_platform_interface.o)
    0x080089cc   0x080089cc   0x00000042   Code   RO         5132    i.ai_platform_inputs_get  NetworkRuntime810_CM4_Keil.lib(ai_platform_interface.o)
    0x08008a0e   0x08008a0e   0x00000002   PAD
    0x08008a10   0x08008a10   0x00000014   Code   RO         5133    i.ai_platform_interface_api_get_version  NetworkRuntime810_CM4_Keil.lib(ai_platform_interface.o)
    0x08008a24   0x08008a24   0x00000108   Code   RO         5134    i.ai_platform_network_create  NetworkRuntime810_CM4_Keil.lib(ai_platform_interface.o)
    0x08008b2c   0x08008b2c   0x0000001c   Code   RO         5136    i.ai_platform_network_get_error  NetworkRuntime810_CM4_Keil.lib(ai_platform_interface.o)
    0x08008b48   0x08008b48   0x0000010c   Code   RO         5137    i.ai_platform_network_init  NetworkRuntime810_CM4_Keil.lib(ai_platform_interface.o)
    0x08008c54   0x08008c54   0x00000046   Code   RO         5138    i.ai_platform_network_post_init  NetworkRuntime810_CM4_Keil.lib(ai_platform_interface.o)
    0x08008c9a   0x08008c9a   0x00000054   Code   RO         5139    i.ai_platform_network_process  NetworkRuntime810_CM4_Keil.lib(ai_platform_interface.o)
    0x08008cee   0x08008cee   0x0000000c   Code   RO         5140    i.ai_platform_network_set_error  NetworkRuntime810_CM4_Keil.lib(ai_platform_interface.o)
    0x08008cfa   0x08008cfa   0x00000048   Code   RO         5146    i.ai_platform_outputs_get  NetworkRuntime810_CM4_Keil.lib(ai_platform_interface.o)
    0x08008d42   0x08008d42   0x00000002   PAD
    0x08008d44   0x08008d44   0x00000010   Code   RO         5147    i.ai_platform_runtime_get_revision  NetworkRuntime810_CM4_Keil.lib(ai_platform_interface.o)
    0x08008d54   0x08008d54   0x00000014   Code   RO         5148    i.ai_platform_runtime_get_version  NetworkRuntime810_CM4_Keil.lib(ai_platform_interface.o)
    0x08008d68   0x08008d68   0x00000018   Code   RO         5192    i.ai_platform_version_get  NetworkRuntime810_CM4_Keil.lib(ai_datatypes_internal.o)
    0x08008d80   0x08008d80   0x0000001a   Code   RO         5717    i.ai_shape_get_size  NetworkRuntime810_CM4_Keil.lib(layers_generic_float.o)
    0x08008d9a   0x08008d9a   0x0000001a   Code   RO         5803    i.ai_shape_get_size  NetworkRuntime810_CM4_Keil.lib(layers_nl_generic_float.o)
    0x08008db4   0x08008db4   0x0000001a   Code   RO         5987    i.ai_shape_get_size  NetworkRuntime810_CM4_Keil.lib(layers_norm_generic_float.o)
    0x08008dce   0x08008dce   0x00000002   PAD
    0x08008dd0   0x08008dd0   0x0000001e   Code   RO         5421    i.ai_sum_buffer_f32  NetworkRuntime810_CM4_Keil.lib(ai_math_helpers.o)
    0x08008dee   0x08008dee   0x00000012   Code   RO         5428    i.ai_sum_f32        NetworkRuntime810_CM4_Keil.lib(ai_math_helpers.o)
    0x08008e00   0x08008e00   0x0000000c   Code   RO         5193    i.ai_version_get    NetworkRuntime810_CM4_Keil.lib(ai_datatypes_internal.o)
    0x08008e0c   0x08008e0c   0x000000c4   Code   RO           21    i.cecnn_configure_activations  cecnn.o
    0x08008ed0   0x08008ed0   0x0000016c   Code   RO           22    i.cecnn_configure_weights  cecnn.o
    0x0800903c   0x0800903c   0x0000015c   Code   RO         6101    i.core_compute_offsets  NetworkRuntime810_CM4_Keil.lib(core_utils.o)
    0x08009198   0x08009198   0x00000060   Code   RO         6102    i.core_get_broadcasted_shape  NetworkRuntime810_CM4_Keil.lib(core_utils.o)
    0x080091f8   0x080091f8   0x0000000c   Code   RO         6081    i.core_get_error    NetworkRuntime810_CM4_Keil.lib(core_common.o)
    0x08009204   0x08009204   0x00000004   Code   RO         6082    i.core_init         NetworkRuntime810_CM4_Keil.lib(core_common.o)
    0x08009208   0x08009208   0x0000001a   Code   RO         6083    i.core_set_error    NetworkRuntime810_CM4_Keil.lib(core_common.o)
    0x08009222   0x08009222   0x00000002   PAD
    0x08009224   0x08009224   0x000000a0   Code   RO         1031    i.cyclesCounterInit  aivalidation.o
    0x080092c4   0x080092c4   0x00000014   Code   RO         5026    i.delay_init        delay.o
    0x080092d8   0x080092d8   0x0000001a   Code   RO         5027    i.delay_ms          delay.o
    0x080092f2   0x080092f2   0x00000002   PAD
    0x080092f4   0x080092f4   0x00000034   Code   RO         5028    i.delay_us          delay.o
    0x08009328   0x08009328   0x000000fc   Code   RO         1711    i.devIdToStr        aitestutility.o
    0x08009424   0x08009424   0x00000094   Code   RO         1713    i.dwtCyclesToTime   aitestutility.o
    0x080094b8   0x080094b8   0x0000016e   Code   RO         6010    i.forward_ap        NetworkRuntime810_CM4_Keil.lib(layers_pool_generic_float.o)
    0x08009626   0x08009626   0x00000002   PAD
    0x08009628   0x08009628   0x0000012a   Code   RO         5988    i.forward_bn        NetworkRuntime810_CM4_Keil.lib(layers_norm_generic_float.o)
    0x08009752   0x08009752   0x000001ca   Code   RO         5680    i.forward_conv2d_if32of32wf32  NetworkRuntime810_CM4_Keil.lib(layers_conv2d_generic_float.o)
    0x0800991c   0x0800991c   0x000001ec   Code   RO         5684    i.forward_dense     NetworkRuntime810_CM4_Keil.lib(layers_conv2d_generic_float.o)
    0x08009b08   0x08009b08   0x00000240   Code   RO         5724    i.forward_eltwise   NetworkRuntime810_CM4_Keil.lib(layers_generic_float.o)
    0x08009d48   0x08009d48   0x00000170   Code   RO         6142    i.forward_lite_conv2d_if32of32wf32  NetworkRuntime810_CM4_Keil.lib(forward_lite_conv2d_if32of32wf32.o)
    0x08009eb8   0x08009eb8   0x0000007c   Code   RO         6159    i.forward_lite_dense_if32of32wf32  NetworkRuntime810_CM4_Keil.lib(lite_dense_if32.o)
    0x08009f34   0x08009f34   0x00000150   Code   RO         6011    i.forward_mp        NetworkRuntime810_CM4_Keil.lib(layers_pool_generic_float.o)
    0x0800a084   0x0800a084   0x000000d0   Code   RO         5828    i.forward_relu      NetworkRuntime810_CM4_Keil.lib(layers_nl_generic_float.o)
    0x0800a154   0x0800a154   0x0000005e   Code   RO         5833    i.forward_sigmoid   NetworkRuntime810_CM4_Keil.lib(layers_nl_generic_float.o)
    0x0800a1b2   0x0800a1b2   0x00000002   PAD
    0x0800a1b4   0x0800a1b4   0x00000018   Code   RO         1714    i.fputc             aitestutility.o
    0x0800a1cc   0x0800a1cc   0x00000038   Code   RO         1715    i.getFlashCacheConf  aitestutility.o
    0x0800a204   0x0800a204   0x00000026   Code   RO         1716    i.getSysConf        aitestutility.o
    0x0800a22a   0x0800a22a   0x00000002   PAD
    0x0800a22c   0x0800a22c   0x00000028   Code   RO         5194    i.get_tensor_byte_size  NetworkRuntime810_CM4_Keil.lib(ai_datatypes_internal.o)
    0x0800a254   0x0800a254   0x0000001c   Code   RO         1721    i.lc_print          aitestutility.o
    0x0800a270   0x0800a270   0x0000036c   Code   RO         2030    i.main              main.o
    0x0800a5dc   0x0800a5dc   0x00000048   Code   RO         5876    i.nl_func_sigmoid_array_f32  NetworkRuntime810_CM4_Keil.lib(layers_nl_generic_float.o)
    0x0800a624   0x0800a624   0x0000007c   Code   RO         6012    i.pool_func_ap_kernel_array_f32  NetworkRuntime810_CM4_Keil.lib(layers_pool_generic_float.o)
    0x0800a6a0   0x0800a6a0   0x0000003e   Code   RO         6013    i.pool_func_mp_kernel_array_f32  NetworkRuntime810_CM4_Keil.lib(layers_pool_generic_float.o)
    0x0800a6de   0x0800a6de   0x00000002   PAD
    0x0800a6e0   0x0800a6e0   0x00000024   Code   RO         1838    i.port_dwt_init_imp  ai_device_adaptor.o
    0x0800a704   0x0800a704   0x0000001c   Code   RO         1839    i.port_hal_crc_ip_init_imp  ai_device_adaptor.o
    0x0800a720   0x0800a720   0x00000020   Code   RO         1723    i.port_io_write     aitestutility.o
    0x0800a740   0x0800a740   0x00000020   Code   RO         2031    i.post_process      main.o
    0x0800a760   0x0800a760   0x00000090   Code   RO         6193    i.st_int8_copy      NetworkRuntime810_CM4_Keil.lib(st_int8_fill.o)
    0x0800a7f0   0x0800a7f0   0x000001b0   Code   RO         1725    i.systemSettingLog  aitestutility.o
    0x0800a9a0   0x0800a9a0   0x000001b0   Code   RO         1868    i.vlc_print         lc_print.o
    0x0800ab50   0x0800ab50   0x0000002c   Code   RO         7407    locale$$code        c_w.l(lc_numeric_c.o)
    0x0800ab7c   0x0800ab7c   0x00000018   Code   RO         6902    x$fpl$basic         fz_wm.l(basic.o)
    0x0800ab94   0x0800ab94   0x00000150   Code   RO         6904    x$fpl$dadd          fz_wm.l(daddsub_clz.o)
    0x0800ace4   0x0800ace4   0x00000018   Code   RO         7280    x$fpl$dcmpinf       fz_wm.l(dcmpi.o)
    0x0800acfc   0x0800acfc   0x000002b0   Code   RO         6911    x$fpl$ddiv          fz_wm.l(ddiv.o)
    0x0800afac   0x0800afac   0x0000005a   Code   RO         6914    x$fpl$dfixu         fz_wm.l(dfixu.o)
    0x0800b006   0x0800b006   0x00000026   Code   RO         6922    x$fpl$dfltu         fz_wm.l(dflt_clz.o)
    0x0800b02c   0x0800b02c   0x00000078   Code   RO         6928    x$fpl$dleqf         fz_wm.l(dleqf.o)
    0x0800b0a4   0x0800b0a4   0x00000154   Code   RO         6930    x$fpl$dmul          fz_wm.l(dmul.o)
    0x0800b1f8   0x0800b1f8   0x0000009c   Code   RO         7282    x$fpl$dnaninf       fz_wm.l(dnaninf.o)
    0x0800b294   0x0800b294   0x0000000c   Code   RO         7284    x$fpl$dretinf       fz_wm.l(dretinf.o)
    0x0800b2a0   0x0800b2a0   0x000001d4   Code   RO         6906    x$fpl$dsub          fz_wm.l(daddsub_clz.o)
    0x0800b474   0x0800b474   0x00000056   Code   RO         6932    x$fpl$f2d           fz_wm.l(f2d.o)
    0x0800b4ca   0x0800b4ca   0x0000008c   Code   RO         7286    x$fpl$fnaninf       fz_wm.l(fnaninf.o)
    0x0800b556   0x0800b556   0x0000000a   Code   RO         7418    x$fpl$fpinit        fz_wm.l(fpinit.o)
    0x0800b560   0x0800b560   0x00000078   Code   RO         6918    x$fpl$llufromd      fz_wm.l(dfixull.o)
    0x0800b5d8   0x0800b5d8   0x00000004   Code   RO         6940    x$fpl$printf1       fz_wm.l(printf1.o)
    0x0800b5dc   0x0800b5dc   0x00000000   Code   RO         7294    x$fpl$usenofp       fz_wm.l(usenofp.o)
    0x0800b5dc   0x0800b5dc   0x00000008   Data   RO           30    .constdata          cecnn.o
    0x0800b5e4   0x0800b5e4   0x00000008   Data   RO           31    .constdata          cecnn.o
    0x0800b5ec   0x0800b5ec   0x00000008   Data   RO           32    .constdata          cecnn.o
    0x0800b5f4   0x0800b5f4   0x00000008   Data   RO           33    .constdata          cecnn.o
    0x0800b5fc   0x0800b5fc   0x00000008   Data   RO           34    .constdata          cecnn.o
    0x0800b604   0x0800b604   0x00000008   Data   RO           35    .constdata          cecnn.o
    0x0800b60c   0x0800b60c   0x00000008   Data   RO           36    .constdata          cecnn.o
    0x0800b614   0x0800b614   0x00000008   Data   RO           37    .constdata          cecnn.o
    0x0800b61c   0x0800b61c   0x00000008   Data   RO           38    .constdata          cecnn.o
    0x0800b624   0x0800b624   0x00000008   Data   RO           39    .constdata          cecnn.o
    0x0800b62c   0x0800b62c   0x00000008   Data   RO           40    .constdata          cecnn.o
    0x0800b634   0x0800b634   0x00000008   Data   RO           41    .constdata          cecnn.o
    0x0800b63c   0x0800b63c   0x00000008   Data   RO           42    .constdata          cecnn.o
    0x0800b644   0x0800b644   0x00000008   Data   RO           43    .constdata          cecnn.o
    0x0800b64c   0x0800b64c   0x00000008   Data   RO           44    .constdata          cecnn.o
    0x0800b654   0x0800b654   0x00000008   Data   RO           45    .constdata          cecnn.o
    0x0800b65c   0x0800b65c   0x00000008   Data   RO           46    .constdata          cecnn.o
    0x0800b664   0x0800b664   0x00000008   Data   RO           47    .constdata          cecnn.o
    0x0800b66c   0x0800b66c   0x00000004   PAD
    0x0800b670   0x0800b670   0x00000110   Data   RO           48    .constdata          cecnn.o
    0x0800b780   0x0800b780   0x00000068   Data   RO          520    .constdata          cecnn_data.o
    0x0800b7e8   0x0800b7e8   0x00000018   PAD
    0x0800b800   0x0800b800   0x000182a8   Data   RO          570    .constdata          cecnn_data_params.o
    0x08023aa8   0x08023aa8   0x00000004   Data   RO         2034    .constdata          main.o
    0x08023aac   0x08023aac   0x00000007   Data   RO         2235    .constdata          syscalls.o
    0x08023ab3   0x08023ab3   0x00000008   Data   RO         2236    .constdata          syscalls.o
    0x08023abb   0x08023abb   0x00000008   Data   RO         2237    .constdata          syscalls.o
    0x08023ac3   0x08023ac3   0x00000008   Data   RO         3317    .constdata          stm32f4xx_hal_dma.o
    0x08023acb   0x08023acb   0x00000010   Data   RO         4691    .constdata          system_stm32f4xx.o
    0x08023adb   0x08023adb   0x00000008   Data   RO         4692    .constdata          system_stm32f4xx.o
    0x08023ae3   0x08023ae3   0x00004740   Data   RO         4850    .constdata          lcd.o
    0x08028223   0x08028223   0x00000001   PAD
    0x08028224   0x08028224   0x0000006c   Data   RO         5149    .constdata          NetworkRuntime810_CM4_Keil.lib(ai_platform_interface.o)
    0x08028290   0x08028290   0x00000280   Data   RO         5751    .constdata          NetworkRuntime810_CM4_Keil.lib(layers_generic_float.o)
    0x08028510   0x08028510   0x0000001c   Data   RO         6107    .constdata          NetworkRuntime810_CM4_Keil.lib(core_utils.o)
    0x0802852c   0x0802852c   0x00000028   Data   RO         6839    .constdata          c_w.l(_printf_hex_int.o)
    0x08028554   0x08028554   0x00000030   Data   RO         7059    .constdata          m_wm.l(expf.o)
    0x08028584   0x08028584   0x00000094   Data   RO         7374    .constdata          c_w.l(bigflt0.o)
    0x08028618   0x08028618   0x00000061   Data   RO           49    .conststring        cecnn.o
    0x08028679   0x08028679   0x00000003   PAD
    0x0802867c   0x0802867c   0x00000044   Data   RO         1728    .conststring        aitestutility.o
    0x080286c0   0x080286c0   0x00000020   Data   RO         7530    Region$$Table       anon$$obj.o
    0x080286e0   0x080286e0   0x0000001c   Data   RO         7406    locale$$data        c_w.l(lc_numeric_c.o)


    Execution Region RW_IRAM1 (Exec base: 0x20000000, Load base: 0x080286fc, Size: 0x00009de0, Max: 0x0001c000, ABSOLUTE, COMPRESSED[0x000005d8])

    Exec Addr    Load Addr    Size         Type   Attr      Idx    E Section Name        Object

    0x20000000   COMPRESSED   0x00000010   Data   RW           50    .data               cecnn.o
    0x20000010   COMPRESSED   0x00000010   Data   RW           51    .data               cecnn.o
    0x20000020   COMPRESSED   0x00000010   Data   RW           52    .data               cecnn.o
    0x20000030   COMPRESSED   0x00000010   Data   RW           53    .data               cecnn.o
    0x20000040   COMPRESSED   0x00000010   Data   RW           54    .data               cecnn.o
    0x20000050   COMPRESSED   0x00000010   Data   RW           55    .data               cecnn.o
    0x20000060   COMPRESSED   0x00000010   Data   RW           56    .data               cecnn.o
    0x20000070   COMPRESSED   0x00000010   Data   RW           57    .data               cecnn.o
    0x20000080   COMPRESSED   0x00000010   Data   RW           58    .data               cecnn.o
    0x20000090   COMPRESSED   0x00000010   Data   RW           59    .data               cecnn.o
    0x200000a0   COMPRESSED   0x00000010   Data   RW           60    .data               cecnn.o
    0x200000b0   COMPRESSED   0x00000010   Data   RW           61    .data               cecnn.o
    0x200000c0   COMPRESSED   0x00000010   Data   RW           62    .data               cecnn.o
    0x200000d0   COMPRESSED   0x00000010   Data   RW           63    .data               cecnn.o
    0x200000e0   COMPRESSED   0x00000010   Data   RW           64    .data               cecnn.o
    0x200000f0   COMPRESSED   0x00000010   Data   RW           65    .data               cecnn.o
    0x20000100   COMPRESSED   0x00000010   Data   RW           66    .data               cecnn.o
    0x20000110   COMPRESSED   0x00000010   Data   RW           67    .data               cecnn.o
    0x20000120   COMPRESSED   0x00000010   Data   RW           68    .data               cecnn.o
    0x20000130   COMPRESSED   0x00000010   Data   RW           69    .data               cecnn.o
    0x20000140   COMPRESSED   0x00000010   Data   RW           70    .data               cecnn.o
    0x20000150   COMPRESSED   0x00000010   Data   RW           71    .data               cecnn.o
    0x20000160   COMPRESSED   0x00000010   Data   RW           72    .data               cecnn.o
    0x20000170   COMPRESSED   0x00000010   Data   RW           73    .data               cecnn.o
    0x20000180   COMPRESSED   0x00000010   Data   RW           74    .data               cecnn.o
    0x20000190   COMPRESSED   0x00000010   Data   RW           75    .data               cecnn.o
    0x200001a0   COMPRESSED   0x00000010   Data   RW           76    .data               cecnn.o
    0x200001b0   COMPRESSED   0x00000010   Data   RW           77    .data               cecnn.o
    0x200001c0   COMPRESSED   0x00000010   Data   RW           78    .data               cecnn.o
    0x200001d0   COMPRESSED   0x00000010   Data   RW           79    .data               cecnn.o
    0x200001e0   COMPRESSED   0x00000010   Data   RW           80    .data               cecnn.o
    0x200001f0   COMPRESSED   0x00000010   Data   RW           81    .data               cecnn.o
    0x20000200   COMPRESSED   0x00000010   Data   RW           82    .data               cecnn.o
    0x20000210   COMPRESSED   0x00000010   Data   RW           83    .data               cecnn.o
    0x20000220   COMPRESSED   0x00000010   Data   RW           84    .data               cecnn.o
    0x20000230   COMPRESSED   0x00000010   Data   RW           85    .data               cecnn.o
    0x20000240   COMPRESSED   0x00000010   Data   RW           86    .data               cecnn.o
    0x20000250   COMPRESSED   0x00000010   Data   RW           87    .data               cecnn.o
    0x20000260   COMPRESSED   0x00000010   Data   RW           88    .data               cecnn.o
    0x20000270   COMPRESSED   0x00000010   Data   RW           89    .data               cecnn.o
    0x20000280   COMPRESSED   0x00000010   Data   RW           90    .data               cecnn.o
    0x20000290   COMPRESSED   0x00000010   Data   RW           91    .data               cecnn.o
    0x200002a0   COMPRESSED   0x00000010   Data   RW           92    .data               cecnn.o
    0x200002b0   COMPRESSED   0x00000010   Data   RW           93    .data               cecnn.o
    0x200002c0   COMPRESSED   0x00000010   Data   RW           94    .data               cecnn.o
    0x200002d0   COMPRESSED   0x00000010   Data   RW           95    .data               cecnn.o
    0x200002e0   COMPRESSED   0x00000010   Data   RW           96    .data               cecnn.o
    0x200002f0   COMPRESSED   0x00000010   Data   RW           97    .data               cecnn.o
    0x20000300   COMPRESSED   0x00000010   Data   RW           98    .data               cecnn.o
    0x20000310   COMPRESSED   0x00000010   Data   RW           99    .data               cecnn.o
    0x20000320   COMPRESSED   0x00000010   Data   RW          100    .data               cecnn.o
    0x20000330   COMPRESSED   0x00000010   Data   RW          101    .data               cecnn.o
    0x20000340   COMPRESSED   0x00000010   Data   RW          102    .data               cecnn.o
    0x20000350   COMPRESSED   0x00000010   Data   RW          103    .data               cecnn.o
    0x20000360   COMPRESSED   0x00000010   Data   RW          104    .data               cecnn.o
    0x20000370   COMPRESSED   0x00000010   Data   RW          105    .data               cecnn.o
    0x20000380   COMPRESSED   0x00000010   Data   RW          106    .data               cecnn.o
    0x20000390   COMPRESSED   0x00000010   Data   RW          107    .data               cecnn.o
    0x200003a0   COMPRESSED   0x00000010   Data   RW          108    .data               cecnn.o
    0x200003b0   COMPRESSED   0x00000010   Data   RW          109    .data               cecnn.o
    0x200003c0   COMPRESSED   0x00000010   Data   RW          110    .data               cecnn.o
    0x200003d0   COMPRESSED   0x00000010   Data   RW          111    .data               cecnn.o
    0x200003e0   COMPRESSED   0x00000010   Data   RW          112    .data               cecnn.o
    0x200003f0   COMPRESSED   0x00000010   Data   RW          113    .data               cecnn.o
    0x20000400   COMPRESSED   0x00000010   Data   RW          114    .data               cecnn.o
    0x20000410   COMPRESSED   0x00000010   Data   RW          115    .data               cecnn.o
    0x20000420   COMPRESSED   0x00000010   Data   RW          116    .data               cecnn.o
    0x20000430   COMPRESSED   0x00000010   Data   RW          117    .data               cecnn.o
    0x20000440   COMPRESSED   0x00000010   Data   RW          118    .data               cecnn.o
    0x20000450   COMPRESSED   0x00000010   Data   RW          119    .data               cecnn.o
    0x20000460   COMPRESSED   0x00000010   Data   RW          120    .data               cecnn.o
    0x20000470   COMPRESSED   0x00000010   Data   RW          121    .data               cecnn.o
    0x20000480   COMPRESSED   0x00000004   Data   RW          122    .data               cecnn.o
    0x20000484   COMPRESSED   0x00000004   Data   RW          123    .data               cecnn.o
    0x20000488   COMPRESSED   0x00000008   Data   RW          124    .data               cecnn.o
    0x20000490   COMPRESSED   0x00000004   Data   RW          125    .data               cecnn.o
    0x20000494   COMPRESSED   0x00000030   Data   RW          126    .data               cecnn.o
    0x200004c4   COMPRESSED   0x00000004   Data   RW          127    .data               cecnn.o
    0x200004c8   COMPRESSED   0x00000004   Data   RW          128    .data               cecnn.o
    0x200004cc   COMPRESSED   0x00000004   Data   RW          129    .data               cecnn.o
    0x200004d0   COMPRESSED   0x00000004   Data   RW          130    .data               cecnn.o
    0x200004d4   COMPRESSED   0x00000030   Data   RW          131    .data               cecnn.o
    0x20000504   COMPRESSED   0x00000004   Data   RW          132    .data               cecnn.o
    0x20000508   COMPRESSED   0x00000004   Data   RW          133    .data               cecnn.o
    0x2000050c   COMPRESSED   0x00000008   Data   RW          134    .data               cecnn.o
    0x20000514   COMPRESSED   0x00000004   Data   RW          135    .data               cecnn.o
    0x20000518   COMPRESSED   0x00000030   Data   RW          136    .data               cecnn.o
    0x20000548   COMPRESSED   0x00000008   Data   RW          137    .data               cecnn.o
    0x20000550   COMPRESSED   0x00000004   Data   RW          138    .data               cecnn.o
    0x20000554   COMPRESSED   0x00000004   Data   RW          139    .data               cecnn.o
    0x20000558   COMPRESSED   0x00000004   Data   RW          140    .data               cecnn.o
    0x2000055c   COMPRESSED   0x00000030   Data   RW          141    .data               cecnn.o
    0x2000058c   COMPRESSED   0x00000008   Data   RW          142    .data               cecnn.o
    0x20000594   COMPRESSED   0x00000004   Data   RW          143    .data               cecnn.o
    0x20000598   COMPRESSED   0x00000004   Data   RW          144    .data               cecnn.o
    0x2000059c   COMPRESSED   0x00000004   Data   RW          145    .data               cecnn.o
    0x200005a0   COMPRESSED   0x00000030   Data   RW          146    .data               cecnn.o
    0x200005d0   COMPRESSED   0x00000004   Data   RW          147    .data               cecnn.o
    0x200005d4   COMPRESSED   0x00000004   Data   RW          148    .data               cecnn.o
    0x200005d8   COMPRESSED   0x00000004   Data   RW          149    .data               cecnn.o
    0x200005dc   COMPRESSED   0x00000004   Data   RW          150    .data               cecnn.o
    0x200005e0   COMPRESSED   0x00000030   Data   RW          151    .data               cecnn.o
    0x20000610   COMPRESSED   0x00000004   Data   RW          152    .data               cecnn.o
    0x20000614   COMPRESSED   0x00000004   Data   RW          153    .data               cecnn.o
    0x20000618   COMPRESSED   0x00000008   Data   RW          154    .data               cecnn.o
    0x20000620   COMPRESSED   0x00000004   Data   RW          155    .data               cecnn.o
    0x20000624   COMPRESSED   0x00000030   Data   RW          156    .data               cecnn.o
    0x20000654   COMPRESSED   0x00000004   Data   RW          157    .data               cecnn.o
    0x20000658   COMPRESSED   0x00000004   Data   RW          158    .data               cecnn.o
    0x2000065c   COMPRESSED   0x00000004   Data   RW          159    .data               cecnn.o
    0x20000660   COMPRESSED   0x00000004   Data   RW          160    .data               cecnn.o
    0x20000664   COMPRESSED   0x00000030   Data   RW          161    .data               cecnn.o
    0x20000694   COMPRESSED   0x00000004   Data   RW          162    .data               cecnn.o
    0x20000698   COMPRESSED   0x00000004   Data   RW          163    .data               cecnn.o
    0x2000069c   COMPRESSED   0x00000008   Data   RW          164    .data               cecnn.o
    0x200006a4   COMPRESSED   0x00000004   Data   RW          165    .data               cecnn.o
    0x200006a8   COMPRESSED   0x00000030   Data   RW          166    .data               cecnn.o
    0x200006d8   COMPRESSED   0x00000004   Data   RW          167    .data               cecnn.o
    0x200006dc   COMPRESSED   0x00000004   Data   RW          168    .data               cecnn.o
    0x200006e0   COMPRESSED   0x00000004   Data   RW          169    .data               cecnn.o
    0x200006e4   COMPRESSED   0x00000004   Data   RW          170    .data               cecnn.o
    0x200006e8   COMPRESSED   0x00000030   Data   RW          171    .data               cecnn.o
    0x20000718   COMPRESSED   0x00000004   Data   RW          172    .data               cecnn.o
    0x2000071c   COMPRESSED   0x00000004   Data   RW          173    .data               cecnn.o
    0x20000720   COMPRESSED   0x00000008   Data   RW          174    .data               cecnn.o
    0x20000728   COMPRESSED   0x00000004   Data   RW          175    .data               cecnn.o
    0x2000072c   COMPRESSED   0x00000030   Data   RW          176    .data               cecnn.o
    0x2000075c   COMPRESSED   0x00000004   Data   RW          177    .data               cecnn.o
    0x20000760   COMPRESSED   0x00000004   Data   RW          178    .data               cecnn.o
    0x20000764   COMPRESSED   0x00000004   Data   RW          179    .data               cecnn.o
    0x20000768   COMPRESSED   0x00000004   Data   RW          180    .data               cecnn.o
    0x2000076c   COMPRESSED   0x00000030   Data   RW          181    .data               cecnn.o
    0x2000079c   COMPRESSED   0x00000004   Data   RW          182    .data               cecnn.o
    0x200007a0   COMPRESSED   0x00000004   Data   RW          183    .data               cecnn.o
    0x200007a4   COMPRESSED   0x00000008   Data   RW          184    .data               cecnn.o
    0x200007ac   COMPRESSED   0x00000004   Data   RW          185    .data               cecnn.o
    0x200007b0   COMPRESSED   0x00000030   Data   RW          186    .data               cecnn.o
    0x200007e0   COMPRESSED   0x00000004   Data   RW          187    .data               cecnn.o
    0x200007e4   COMPRESSED   0x00000004   Data   RW          188    .data               cecnn.o
    0x200007e8   COMPRESSED   0x00000004   Data   RW          189    .data               cecnn.o
    0x200007ec   COMPRESSED   0x00000004   Data   RW          190    .data               cecnn.o
    0x200007f0   COMPRESSED   0x00000030   Data   RW          191    .data               cecnn.o
    0x20000820   COMPRESSED   0x00000004   Data   RW          192    .data               cecnn.o
    0x20000824   COMPRESSED   0x00000004   Data   RW          193    .data               cecnn.o
    0x20000828   COMPRESSED   0x00000004   Data   RW          194    .data               cecnn.o
    0x2000082c   COMPRESSED   0x00000004   Data   RW          195    .data               cecnn.o
    0x20000830   COMPRESSED   0x00000030   Data   RW          196    .data               cecnn.o
    0x20000860   COMPRESSED   0x00000004   Data   RW          197    .data               cecnn.o
    0x20000864   COMPRESSED   0x00000004   Data   RW          198    .data               cecnn.o
    0x20000868   COMPRESSED   0x00000008   Data   RW          199    .data               cecnn.o
    0x20000870   COMPRESSED   0x00000004   Data   RW          200    .data               cecnn.o
    0x20000874   COMPRESSED   0x00000030   Data   RW          201    .data               cecnn.o
    0x200008a4   COMPRESSED   0x00000004   Data   RW          202    .data               cecnn.o
    0x200008a8   COMPRESSED   0x00000004   Data   RW          203    .data               cecnn.o
    0x200008ac   COMPRESSED   0x00000004   Data   RW          204    .data               cecnn.o
    0x200008b0   COMPRESSED   0x00000004   Data   RW          205    .data               cecnn.o
    0x200008b4   COMPRESSED   0x00000030   Data   RW          206    .data               cecnn.o
    0x200008e4   COMPRESSED   0x00000004   Data   RW          207    .data               cecnn.o
    0x200008e8   COMPRESSED   0x00000004   Data   RW          208    .data               cecnn.o
    0x200008ec   COMPRESSED   0x0000000c   Data   RW          209    .data               cecnn.o
    0x200008f8   COMPRESSED   0x00000004   Data   RW          210    .data               cecnn.o
    0x200008fc   COMPRESSED   0x00000030   Data   RW          211    .data               cecnn.o
    0x2000092c   COMPRESSED   0x00000010   Data   RW          212    .data               cecnn.o
    0x2000093c   COMPRESSED   0x0000001c   Data   RW          213    .data               cecnn.o
    0x20000958   COMPRESSED   0x00000010   Data   RW          214    .data               cecnn.o
    0x20000968   COMPRESSED   0x0000001c   Data   RW          215    .data               cecnn.o
    0x20000984   COMPRESSED   0x00000004   Data   RW          216    .data               cecnn.o
    0x20000988   COMPRESSED   0x00000008   Data   RW          217    .data               cecnn.o
    0x20000990   COMPRESSED   0x0000000c   Data   RW          218    .data               cecnn.o
    0x2000099c   COMPRESSED   0x00000004   Data   RW          219    .data               cecnn.o
    0x200009a0   COMPRESSED   0x00000008   Data   RW          220    .data               cecnn.o
    0x200009a8   COMPRESSED   0x0000000c   Data   RW          221    .data               cecnn.o
    0x200009b4   COMPRESSED   0x00000018   Data   RW          222    .data               cecnn.o
    0x200009cc   COMPRESSED   0x00000284   Data   RW          223    .data               cecnn.o
    0x20000c50   COMPRESSED   0x0000001c   Data   RW          224    .data               cecnn.o
    0x20000c6c   COMPRESSED   0x0000001c   Data   RW          225    .data               cecnn.o
    0x20000c88   COMPRESSED   0x0000001c   Data   RW          226    .data               cecnn.o
    0x20000ca4   COMPRESSED   0x0000001c   Data   RW          227    .data               cecnn.o
    0x20000cc0   COMPRESSED   0x0000001c   Data   RW          228    .data               cecnn.o
    0x20000cdc   COMPRESSED   0x0000001c   Data   RW          229    .data               cecnn.o
    0x20000cf8   COMPRESSED   0x0000001c   Data   RW          230    .data               cecnn.o
    0x20000d14   COMPRESSED   0x0000001c   Data   RW          231    .data               cecnn.o
    0x20000d30   COMPRESSED   0x0000001c   Data   RW          232    .data               cecnn.o
    0x20000d4c   COMPRESSED   0x0000001c   Data   RW          233    .data               cecnn.o
    0x20000d68   COMPRESSED   0x0000001c   Data   RW          234    .data               cecnn.o
    0x20000d84   COMPRESSED   0x0000001c   Data   RW          235    .data               cecnn.o
    0x20000da0   COMPRESSED   0x0000001c   Data   RW          236    .data               cecnn.o
    0x20000dbc   COMPRESSED   0x0000001c   Data   RW          237    .data               cecnn.o
    0x20000dd8   COMPRESSED   0x0000001c   Data   RW          238    .data               cecnn.o
    0x20000df4   COMPRESSED   0x0000001c   Data   RW          239    .data               cecnn.o
    0x20000e10   COMPRESSED   0x0000001c   Data   RW          240    .data               cecnn.o
    0x20000e2c   COMPRESSED   0x0000001c   Data   RW          241    .data               cecnn.o
    0x20000e48   COMPRESSED   0x0000001c   Data   RW          242    .data               cecnn.o
    0x20000e64   COMPRESSED   0x0000001c   Data   RW          243    .data               cecnn.o
    0x20000e80   COMPRESSED   0x0000001c   Data   RW          244    .data               cecnn.o
    0x20000e9c   COMPRESSED   0x0000001c   Data   RW          245    .data               cecnn.o
    0x20000eb8   COMPRESSED   0x0000001c   Data   RW          246    .data               cecnn.o
    0x20000ed4   COMPRESSED   0x0000001c   Data   RW          247    .data               cecnn.o
    0x20000ef0   COMPRESSED   0x0000001c   Data   RW          248    .data               cecnn.o
    0x20000f0c   COMPRESSED   0x0000001c   Data   RW          249    .data               cecnn.o
    0x20000f28   COMPRESSED   0x0000001c   Data   RW          250    .data               cecnn.o
    0x20000f44   COMPRESSED   0x0000001c   Data   RW          251    .data               cecnn.o
    0x20000f60   COMPRESSED   0x0000001c   Data   RW          252    .data               cecnn.o
    0x20000f7c   COMPRESSED   0x0000001c   Data   RW          253    .data               cecnn.o
    0x20000f98   COMPRESSED   0x0000001c   Data   RW          254    .data               cecnn.o
    0x20000fb4   COMPRESSED   0x0000001c   Data   RW          255    .data               cecnn.o
    0x20000fd0   COMPRESSED   0x0000001c   Data   RW          256    .data               cecnn.o
    0x20000fec   COMPRESSED   0x0000001c   Data   RW          257    .data               cecnn.o
    0x20001008   COMPRESSED   0x0000001c   Data   RW          258    .data               cecnn.o
    0x20001024   COMPRESSED   0x0000001c   Data   RW          259    .data               cecnn.o
    0x20001040   COMPRESSED   0x0000001c   Data   RW          260    .data               cecnn.o
    0x2000105c   COMPRESSED   0x00000020   Data   RW          261    .data               cecnn.o
    0x2000107c   COMPRESSED   0x0000001c   Data   RW          262    .data               cecnn.o
    0x20001098   COMPRESSED   0x00000024   Data   RW          263    .data               cecnn.o
    0x200010bc   COMPRESSED   0x00000024   Data   RW          264    .data               cecnn.o
    0x200010e0   COMPRESSED   0x00000020   Data   RW          265    .data               cecnn.o
    0x20001100   COMPRESSED   0x0000001c   Data   RW          266    .data               cecnn.o
    0x2000111c   COMPRESSED   0x00000020   Data   RW          267    .data               cecnn.o
    0x2000113c   COMPRESSED   0x0000001c   Data   RW          268    .data               cecnn.o
    0x20001158   COMPRESSED   0x00000020   Data   RW          269    .data               cecnn.o
    0x20001178   COMPRESSED   0x0000001c   Data   RW          270    .data               cecnn.o
    0x20001194   COMPRESSED   0x00000020   Data   RW          271    .data               cecnn.o
    0x200011b4   COMPRESSED   0x0000001c   Data   RW          272    .data               cecnn.o
    0x200011d0   COMPRESSED   0x00000038   Data   RW          273    .data               cecnn.o
    0x20001208   COMPRESSED   0x00000038   Data   RW          274    .data               cecnn.o
    0x20001240   COMPRESSED   0x0000001c   Data   RW          275    .data               cecnn.o
    0x2000125c   COMPRESSED   0x00000020   Data   RW          276    .data               cecnn.o
    0x2000127c   COMPRESSED   0x00000044   Data   RW          277    .data               cecnn.o
    0x200012c0   COMPRESSED   0x00000010   Data   RW          521    .data               cecnn_data.o
    0x200012d0   COMPRESSED   0x00000010   Data   RW          522    .data               cecnn_data.o
    0x200012e0   COMPRESSED   0x0000001c   Data   RW          523    .data               cecnn_data.o
    0x200012fc   COMPRESSED   0x0000001c   Data   RW          524    .data               cecnn_data.o
    0x20001318   COMPRESSED   0x00000001   Data   RW         1729    .data               aitestutility.o
    0x20001319   COMPRESSED   0x00000007   PAD
    0x20001320   COMPRESSED   0x00000034   Data   RW         2035    .data               main.o
    0x20001354   COMPRESSED   0x00000008   Data   RW         2300    .data               crc.o
    0x2000135c   COMPRESSED   0x00000008   Data   RW         2368    .data               fsmc.o
    0x20001364   COMPRESSED   0x0000000c   Data   RW         3744    .data               stm32f4xx_hal.o
    0x20001370   COMPRESSED   0x00000004   Data   RW         4693    .data               system_stm32f4xx.o
    0x20001374   COMPRESSED   0x00000008   Data   RW         4851    .data               lcd.o
    0x2000137c   COMPRESSED   0x00000004   Data   RW         5029    .data               delay.o
    0x20001380   COMPRESSED   0x00000004   Data   RW         7230    .data               c_w.l(stdio_streams.o)
    0x20001384   COMPRESSED   0x00000004   Data   RW         7231    .data               c_w.l(stdio_streams.o)
    0x20001388   COMPRESSED   0x00000004   Data   RW         7232    .data               c_w.l(stdio_streams.o)
    0x2000138c        -       0x00000010   Zero   RW           23    .bss                cecnn.o
    0x2000139c        -       0x00000010   Zero   RW           24    .bss                cecnn.o
    0x200013ac        -       0x00000010   Zero   RW           25    .bss                cecnn.o
    0x200013bc        -       0x0000001c   Zero   RW           26    .bss                cecnn.o
    0x200013d8        -       0x00000010   Zero   RW           27    .bss                cecnn.o
    0x200013e8        -       0x0000001c   Zero   RW           28    .bss                cecnn.o
    0x20001404        -       0x00000010   Zero   RW           29    .bss                cecnn.o
    0x20001414        -       0x0000000c   Zero   RW         1727    .bss                aitestutility.o
    0x20001420        -       0x00004f00   Zero   RW         2032    .bss                main.o
    0x20006320        -       0x000027c4   Zero   RW         2033    .bss                main.o
    0x20008ae4        -       0x000000a8   Zero   RW         2192    .bss                adc.o
    0x20008b8c        -       0x00000050   Zero   RW         2367    .bss                fsmc.o
    0x20008bdc        -       0x00000044   Zero   RW         2414    .bss                usart.o
    0x20008c20        -       0x0000005e   Zero   RW         4849    .bss                lcd.o
    0x20008c7e   COMPRESSED   0x00000002   PAD
    0x20008c80        -       0x00000054   Zero   RW         7227    .bss                c_w.l(stdio_streams.o)
    0x20008cd4        -       0x00000054   Zero   RW         7228    .bss                c_w.l(stdio_streams.o)
    0x20008d28        -       0x00000054   Zero   RW         7229    .bss                c_w.l(stdio_streams.o)
    0x20008d7c        -       0x00000060   Zero   RW         7330    .bss                c_w.l(libspace.o)
    0x20008ddc   COMPRESSED   0x00000004   PAD
    0x20008de0        -       0x00000800   Zero   RW            2    HEAP                startup_stm32f407xx.o
    0x200095e0        -       0x00000800   Zero   RW            1    STACK               startup_stm32f407xx.o


    Execution Region RW_IRAM2 (Exec base: 0x2001c000, Load base: 0x08028cd4, Size: 0x00000000, Max: 0x00004000, ABSOLUTE)

    **** No section assigned to this execution region ****


==============================================================================

Image component sizes


      Code (inc. data)   RO Data    RW Data    ZI Data      Debug   Object Name

       412         36          0          0        168       2095   adc.o
        64         16          0          0          0       1499   ai_device_adaptor.o
         0          0          0          0          0     683608   aipbio.o
         0          0          0          0          0       1220   aitesthelper.o
      1034        450         68          1         12      11227   aitestutility.o
       248        112          0          0          0       2920   aivalidation.o
        14          0          0          0          0        564   app_x-cube-ai.o
       900         48        513       4800        136      68366   cecnn.o
        40          4        104         88          0      15639   cecnn_data.o
         0          0      98984          0          0      15036   cecnn_data_params.o
        76         18          0          8          0       1687   crc.o
        98          8          0          4          0       2087   delay.o
        44          4          0          0          0        854   dma.o
       312         34          0          8         80       2491   fsmc.o
       176         10          0          0          0       1147   gpio.o
      1172         42          0          0          0       6444   lc_print.o
     11362         98      18240          8         94      20026   lcd.o
      2548        856          4         52      30404      12695   main.o
        64         26        392          0       4096        876   startup_stm32f407xx.o
       216         42          0         12          0      11471   stm32f4xx_hal.o
      1200         66          0          0          0       7889   stm32f4xx_hal_adc.o
       222         14          0          0          0      34857   stm32f4xx_hal_cortex.o
        34          0          0          0          0       1127   stm32f4xx_hal_crc.o
      1084         16          8          0          0       7706   stm32f4xx_hal_dma.o
       506         46          0          0          0       2312   stm32f4xx_hal_gpio.o
        48          6          0          0          0        934   stm32f4xx_hal_msp.o
      1356         78          0          0          0       6000   stm32f4xx_hal_rcc.o
        92          0          0          0          0       1300   stm32f4xx_hal_sram.o
      1636         16          0          0          0      11847   stm32f4xx_hal_uart.o
        44         12          0          0          0       5552   stm32f4xx_it.o
       232         14          0          0          0       4107   stm32f4xx_ll_fsmc.o
       170         24         23          0          0       4914   syscalls.o
        16          4         24          4          0       1247   system_stm32f4xx.o
       180         22          0          0         68       1874   usart.o

    ----------------------------------------------------------------------
     25638       2122     118424       4992      35060     953618   Object Totals
         0          0         32          0          0          0   (incl. Generated)
        38          0         32          7          2          0   (incl. Padding)

    ----------------------------------------------------------------------

      Code (inc. data)   RO Data    RW Data    ZI Data      Debug   Library Member Name

       380         54          0          0          0        360   ai_datatypes_format.o
        76          6          0          0          0        348   ai_datatypes_internal.o
        96          0          0          0          0        464   ai_math_helpers.o
       174          8          0          0          0        484   ai_platform.o
      2880        150        108          0          0       3764   ai_platform_interface.o
        42          0          0          0          0        348   core_common.o
       444          4         28          0          0        276   core_utils.o
       754          6          0          0          0        308   forward_lite_conv2d_if32of32wf32.o
       226          6          0          0          0        628   layers.o
      1604         14          0          0          0        700   layers_conv2d_generic_float.o
       602          6        640          0          0        264   layers_generic_float.o
       628         16          0          0          0        768   layers_nl_generic_float.o
       324          0          0          0          0        252   layers_norm_generic_float.o
       888          0          0          0          0        548   layers_pool_generic_float.o
       372          8          0          0          0        272   lite_dense_if32.o
       144          0          0          0          0        132   st_int8_fill.o
        90          0          0          0          0          0   __dczerorl2.o
         8          0          0          0          0         68   __main.o
       352          0          0          0          0         88   __printf_ss_wp.o
        14          0          0          0          0         68   __printf_wp.o
         0          0          0          0          0          0   __rtentry.o
        12          0          0          0          0          0   __rtentry2.o
         6          0          0          0          0          0   __rtentry4.o
        52          8          0          0          0          0   __scatter.o
        28          0          0          0          0          0   __scatter_zi.o
        44          0          0          0          0        108   _printf_char.o
        48          6          0          0          0         96   _printf_char_common.o
        36          4          0          0          0         80   _printf_char_file.o
         6          0          0          0          0          0   _printf_d.o
       120         16          0          0          0         92   _printf_dec.o
         6          0          0          0          0          0   _printf_f.o
      1054          0          0          0          0        216   _printf_fp_dec.o
       128         16          0          0          0         84   _printf_fp_infnan.o
        88          4         40          0          0         88   _printf_hex_int.o
       178          0          0          0          0         88   _printf_intcommon.o
         0          0          0          0          0          0   _printf_percent.o
         4          0          0          0          0          0   _printf_percent_end.o
         6          0          0          0          0          0   _printf_s.o
        82          0          0          0          0         80   _printf_str.o
         6          0          0          0          0          0   _printf_u.o
         6          0          0          0          0          0   _printf_x.o
        22          0          0          0          0        100   _rserrno.o
        10          0          0          0          0         68   _sputc.o
       228          4        148          0          0         96   bigflt0.o
      1936        128          0          0          0        672   btod.o
        10          0          0          0          0         68   defsig_exit.o
        50          0          0          0          0         88   defsig_general.o
        80         58          0          0          0         76   defsig_rtmem_inner.o
        14          0          0          0          0         80   defsig_rtmem_outer.o
        52         38          0          0          0         76   defsig_rtred_inner.o
        14          0          0          0          0         80   defsig_rtred_outer.o
        18          0          0          0          0         80   exit.o
        76          0          0          0          0         88   fclose.o
         8          0          0          0          0         68   ferror.o
       236          4          0          0          0        128   fopen.o
       248          6          0          0          0         84   fseek.o
        66          0          0          0          0         76   ftell.o
        94          0          0          0          0         80   h1_alloc.o
        52          0          0          0          0         68   h1_extend.o
        78          0          0          0          0         80   h1_free.o
        14          0          0          0          0         84   h1_init.o
         6          0          0          0          0        152   heapauxi.o
         4          0          0          0          0        136   hguard.o
         0          0          0          0          0          0   indicate_semi.o
       138          0          0          0          0        168   init_alloc.o
       312         46          0          0          0        112   initio.o
        44         10         28          0          0         76   lc_numeric_c.o
         2          0          0          0          0          0   libinit.o
        34          0          0          0          0          0   libinit2.o
         2          0          0          0          0          0   libshutdown.o
         6          0          0          0          0          0   libshutdown2.o
         8          4          0          0         96         68   libspace.o
       138          0          0          0          0         80   lludiv10.o
       238          0          0          0          0        100   lludivv7m.o
         0          0          0          0          0          0   maybetermalloc1.o
        88          0          0          0          0         76   memcmp.o
        24          4          0          0          0         84   noretval__2printf.o
        40          6          0          0          0         84   noretval__2sprintf.o
         8          4          0          0          0         68   rt_errno_addr_intlibspace.o
         8          4          0          0          0         68   rt_heap_descriptor_intlibspace.o
         8          4          0          0          0         68   rt_locale_intlibspace.o
        78          0          0          0          0         80   rt_memclr_w.o
       100          0          0          0          0         80   rt_memcpy_w.o
         2          0          0          0          0          0   rtexit.o
        10          0          0          0          0          0   rtexit2.o
        70          0          0          0          0         80   setvbuf.o
       240          6          0          0          0        156   stdio.o
         0          0          0         12        252          0   stdio_streams.o
       128          0          0          0          0         68   strcmpv7m.o
        62          0          0          0          0         76   strlen.o
        12          4          0          0          0         68   sys_exit.o
        74          0          0          0          0         80   sys_stackheap_outer.o
        14          0          0          0          0         76   sys_wrch.o
         2          0          0          0          0         68   use_no_semi.o
        24          0          0          0          0        164   basic.o
       804         16          0          0          0        368   daddsub_clz.o
        24          0          0          0          0        116   dcmpi.o
       688        140          0          0          0        256   ddiv.o
        90          4          0          0          0        140   dfixu.o
       120          4          0          0          0        152   dfixull.o
        38          0          0          0          0        116   dflt_clz.o
       120          4          0          0          0        140   dleqf.o
       340         12          0          0          0        152   dmul.o
       156          4          0          0          0        140   dnaninf.o
        12          0          0          0          0        116   dretinf.o
        86          4          0          0          0        132   f2d.o
       140          4          0          0          0        132   fnaninf.o
        10          0          0          0          0        116   fpinit.o
         4          0          0          0          0        116   printf1.o
         0          0          0          0          0          0   usenofp.o
       488         62         48          0          0        236   expf.o
        48          0          0          0          0        124   fpclassify.o
        38          0          0          0          0        116   fpclassifyf.o
        38         12          0          0          0        348   funder.o

    ----------------------------------------------------------------------
     20526        928       1040         12        352      18664   Library Totals
        44          0          0          0          4          0   (incl. Padding)

    ----------------------------------------------------------------------

      Code (inc. data)   RO Data    RW Data    ZI Data      Debug   Library Name

      9634        278        776          0          0       9916   NetworkRuntime810_CM4_Keil.lib
      7580        384        216         12        348       5568   c_w.l
      2656        192          0          0          0       2356   fz_wm.l
       612         74         48          0          0        824   m_wm.l

    ----------------------------------------------------------------------
     20526        928       1040         12        352      18664   Library Totals

    ----------------------------------------------------------------------

==============================================================================


      Code (inc. data)   RO Data    RW Data    ZI Data      Debug   

     46164       3050     119464       5004      35412     945910   Grand Totals
     46164       3050     119464       1496      35412     945910   ELF Image Totals (compressed)
     46164       3050     119464       1496          0          0   ROM Totals

==============================================================================

    Total RO  Size (Code + RO Data)               165628 ( 161.75kB)
    Total RW  Size (RW Data + ZI Data)             40416 (  39.47kB)
    Total ROM Size (Code + RO Data + RW Data)     167124 ( 163.21kB)

==============================================================================

